Archive member included to satisfy reference by file (symbol)

../../../../lib/Eclipse/Debug/libIOsonata_nRF9160.a(uart.o)
                              ./src/uart_prbs_tx.o (UARTvprintf)
../../../../lib/Eclipse/Debug/libIOsonata_nRF9160.a(uart_nrfx.o)
                              ./src/uart_prbs_tx.o (UARTInit)
../../../../lib/Eclipse/Debug/libIOsonata_nRF9160.a(CppRuntimeOverload.o)
                              ./src/uart_prbs_tx.o (operator delete(void*))
../../../../lib/Eclipse/Debug/libIOsonata_nRF9160.a(ResetEntry.o)
                              (ResetEntry)
../../../../lib/Eclipse/Debug/libIOsonata_nRF9160.a(Vectors_nRF9160.o)
                              ../../../../lib/Eclipse/Debug/libIOsonata_nRF9160.a(ResetEntry.o) (__Vectors)
../../../../lib/Eclipse/Debug/libIOsonata_nRF9160.a(cfifo.o)
                              ../../../../lib/Eclipse/Debug/libIOsonata_nRF9160.a(uart_nrfx.o) (CFifoInit)
../../../../lib/Eclipse/Debug/libIOsonata_nRF9160.a(device_intrf.o)
                              ./src/uart_prbs_tx.o (DeviceIntrfRx)
../../../../lib/Eclipse/Debug/libIOsonata_nRF9160.a(prbs.o)
                              ./src/uart_prbs_tx.o (Prbs8)
../../../../lib/Eclipse/Debug/libIOsonata_nRF9160.a(sbuffer.o)
                              ../../../../lib/Eclipse/Debug/libIOsonata_nRF9160.a(uart.o) (s_Buffer)
../../../../lib/Eclipse/Debug/libIOsonata_nRF9160.a(system_nrf9160.o)
                              ../../../../lib/Eclipse/Debug/libIOsonata_nRF9160.a(ResetEntry.o) (SystemCoreClock)
../../../../lib/Eclipse/Debug/libIOsonata_nRF9160.a(iopincfg_nrfx.o)
                              ../../../../lib/Eclipse/Debug/libIOsonata_nRF9160.a(uart_nrfx.o) (IOPinConfig)
../../../../lib/Eclipse/Debug/libIOsonata_nRF9160.a(shared_irq_nrf91.o)
                              ../../../../lib/Eclipse/Debug/libIOsonata_nRF9160.a(uart_nrfx.o) (SetSharedIntHandler)
/Applications/ARM/bin/../lib/gcc/arm-none-eabi/9.3.1/../../../../arm-none-eabi/lib/thumb/v8-m.main+fp/hard/libstdc++_nano.a(atexit_arm.o)
                              ./src/uart_prbs_tx.o (__aeabi_atexit)
/Applications/ARM/bin/../lib/gcc/arm-none-eabi/9.3.1/../../../../arm-none-eabi/lib/thumb/v8-m.main+fp/hard/libc_nano.a(lib_a-cxa_atexit.o)
                              /Applications/ARM/bin/../lib/gcc/arm-none-eabi/9.3.1/../../../../arm-none-eabi/lib/thumb/v8-m.main+fp/hard/libstdc++_nano.a(atexit_arm.o) (__cxa_atexit)
/Applications/ARM/bin/../lib/gcc/arm-none-eabi/9.3.1/../../../../arm-none-eabi/lib/thumb/v8-m.main+fp/hard/libc_nano.a(lib_a-exit.o)
                              /Applications/ARM/bin/../lib/gcc/arm-none-eabi/9.3.1/../../../../arm-none-eabi/lib/thumb/v8-m.main+fp/hard/crt0.o (exit)
/Applications/ARM/bin/../lib/gcc/arm-none-eabi/9.3.1/../../../../arm-none-eabi/lib/thumb/v8-m.main+fp/hard/libc_nano.a(lib_a-impure.o)
                              /Applications/ARM/bin/../lib/gcc/arm-none-eabi/9.3.1/../../../../arm-none-eabi/lib/thumb/v8-m.main+fp/hard/libc_nano.a(lib_a-exit.o) (_global_impure_ptr)
/Applications/ARM/bin/../lib/gcc/arm-none-eabi/9.3.1/../../../../arm-none-eabi/lib/thumb/v8-m.main+fp/hard/libc_nano.a(lib_a-init.o)
                              /Applications/ARM/bin/../lib/gcc/arm-none-eabi/9.3.1/../../../../arm-none-eabi/lib/thumb/v8-m.main+fp/hard/crt0.o (__libc_init_array)
/Applications/ARM/bin/../lib/gcc/arm-none-eabi/9.3.1/../../../../arm-none-eabi/lib/thumb/v8-m.main+fp/hard/libc_nano.a(lib_a-malloc.o)
                              ../../../../lib/Eclipse/Debug/libIOsonata_nRF9160.a(CppRuntimeOverload.o) (malloc)
/Applications/ARM/bin/../lib/gcc/arm-none-eabi/9.3.1/../../../../arm-none-eabi/lib/thumb/v8-m.main+fp/hard/libc_nano.a(lib_a-memcpy-stub.o)
                              ../../../../lib/Eclipse/Debug/libIOsonata_nRF9160.a(uart_nrfx.o) (memcpy)
/Applications/ARM/bin/../lib/gcc/arm-none-eabi/9.3.1/../../../../arm-none-eabi/lib/thumb/v8-m.main+fp/hard/libc_nano.a(lib_a-memset.o)
                              /Applications/ARM/bin/../lib/gcc/arm-none-eabi/9.3.1/../../../../arm-none-eabi/lib/thumb/v8-m.main+fp/hard/crt0.o (memset)
/Applications/ARM/bin/../lib/gcc/arm-none-eabi/9.3.1/../../../../arm-none-eabi/lib/thumb/v8-m.main+fp/hard/libc_nano.a(lib_a-nano-freer.o)
                              /Applications/ARM/bin/../lib/gcc/arm-none-eabi/9.3.1/../../../../arm-none-eabi/lib/thumb/v8-m.main+fp/hard/libc_nano.a(lib_a-malloc.o) (_free_r)
/Applications/ARM/bin/../lib/gcc/arm-none-eabi/9.3.1/../../../../arm-none-eabi/lib/thumb/v8-m.main+fp/hard/libc_nano.a(lib_a-nano-mallocr.o)
                              /Applications/ARM/bin/../lib/gcc/arm-none-eabi/9.3.1/../../../../arm-none-eabi/lib/thumb/v8-m.main+fp/hard/libc_nano.a(lib_a-malloc.o) (_malloc_r)
/Applications/ARM/bin/../lib/gcc/arm-none-eabi/9.3.1/../../../../arm-none-eabi/lib/thumb/v8-m.main+fp/hard/libc_nano.a(lib_a-on_exit_args.o)
[...]
Memory Configuration

Name             Origin             Length             Attributes
FLASH            0x0000000000000000 0x0000000000100000 xr
RAM              0x0000000020000000 0x0000000000040000 xrw
*default*        0x0000000000000000 0xffffffffffffffff

Linker script and memory map

LOAD /Applications/ARM/bin/../lib/gcc/arm-none-eabi/9.3.1/thumb/v8-m.main+fp/hard/crti.o
LOAD /Applications/ARM/bin/../lib/gcc/arm-none-eabi/9.3.1/thumb/v8-m.main+fp/hard/crtbegin.o
LOAD /Applications/ARM/bin/../lib/gcc/arm-none-eabi/9.3.1/../../../../arm-none-eabi/lib/thumb/v8-m.main+fp/hard/crt0.o
START GROUP
LOAD /Applications/ARM/bin/../lib/gcc/arm-none-eabi/9.3.1/thumb/v8-m.main+fp/hard/libgcc.a
END GROUP
LOAD ./src/uart_prbs_tx.o
LOAD ../../../../lib/Eclipse/Debug/libIOsonata_nRF9160.a
LOAD /Applications/ARM/bin/../lib/gcc/arm-none-eabi/9.3.1/../../../../arm-none-eabi/lib/thumb/v8-m.main+fp/hard/libstdc++_nano.a
LOAD /Applications/ARM/bin/../lib/gcc/arm-none-eabi/9.3.1/../../../../arm-none-eabi/lib/thumb/v8-m.main+fp/hard/libm.a
LOAD /Applications/ARM/bin/../lib/gcc/arm-none-eabi/9.3.1/../../../../arm-none-eabi/lib/thumb/v8-m.main+fp/hard/libc_nano.a
START GROUP
LOAD /Applications/ARM/bin/../lib/gcc/arm-none-eabi/9.3.1/thumb/v8-m.main+fp/hard/libgcc.a
LOAD /Applications/ARM/bin/../lib/gcc/arm-none-eabi/9.3.1/../../../../arm-none-eabi/lib/thumb/v8-m.main+fp/hard/libg_nano.a
LOAD /Applications/ARM/bin/../lib/gcc/arm-none-eabi/9.3.1/../../../../arm-none-eabi/lib/thumb/v8-m.main+fp/hard/libc_nano.a
END GROUP
START GROUP
LOAD /Applications/ARM/bin/../lib/gcc/arm-none-eabi/9.3.1/thumb/v8-m.main+fp/hard/libgcc.a
LOAD /Applications/ARM/bin/../lib/gcc/arm-none-eabi/9.3.1/../../../../arm-none-eabi/lib/thumb/v8-m.main+fp/hard/libc_nano.a
END GROUP
LOAD /Applications/ARM/bin/../lib/gcc/arm-none-eabi/9.3.1/thumb/v8-m.main+fp/hard/crtend.o
LOAD /Applications/ARM/bin/../lib/gcc/arm-none-eabi/9.3.1/thumb/v8-m.main+fp/hard/crtn.o
START GROUP
LOAD /Applications/ARM/bin/../lib/gcc/arm-none-eabi/9.3.1/thumb/v8-m.main+fp/hard/libgcc.a
LOAD /Applications/ARM/bin/../lib/gcc/arm-none-eabi/9.3.1/../../../../arm-none-eabi/lib/thumb/v8-m.main+fp/hard/libc.a
LOAD /Applications/ARM/bin/../lib/gcc/arm-none-eabi/9.3.1/../../../../arm-none-eabi/lib/thumb/v8-m.main+fp/hard/libnosys.a
END GROUP

.bsdlib
 *(.bsdlibData)
                0x0000000000000000                __CheckSum = 0x0

.ivector        0x0000000000000000      0x320
                0x0000000000000000                __text_start__ = .
                0x0000000000000000                __isr_vector = .
 *(.vectors*)
 .vectors       0x0000000000000000      0x320 ../../../../lib/Eclipse/Debug/libIOsonata_nRF9160.a(Vectors_nRF9160.o)
                0x0000000000000000                __Vectors

.Version        0x0000000000000320       0xe0
 *(.Version)
                0x0000000000000320        0x4 LONG 0x0 __CheckSum
 FILL mask 0xff
                0x00000000000000e0                . = (0x400 - SIZEOF (.ivector))
 *fill*         0x0000000000000324       0xdc ff

.FSec           0x0000000000000400       0x10
 *(.fseccfg)
                0x0000000000000400        0x4 LONG 0xffffffff
                0x0000000000000404        0x4 LONG 0xffffffff
                0x0000000000000408        0x4 LONG 0xffffffff
                0x000000000000040c        0x4 LONG 0xfffffffe

.AppStart       0x0000000000000410       0x6c
 *(.AppStart)
 .AppStart      0x0000000000000410       0x6c ../../../../lib/Eclipse/Debug/libIOsonata_nRF9160.a(ResetEntry.o)
                0x0000000000000410                ResetEntry

.text           0x000000000000047c     0x3513
 *(.init)
 .init          0x000000000000047c        0x4 /Applications/ARM/bin/../lib/gcc/arm-none-eabi/9.3.1/thumb/v8-m.main+fp/hard/crti.o
                0x000000000000047c                _init
 .init          0x0000000000000480        0x8 /Applications/ARM/bin/../lib/gcc/arm-none-eabi/9.3.1/thumb/v8-m.main+fp/hard/crtn.o
 *(.fini)
 .fini          0x0000000000000488        0x4 /Applications/ARM/bin/../lib/gcc/arm-none-eabi/9.3.1/thumb/v8-m.main+fp/hard/crti.o
                0x0000000000000488                _fini
 .fini          0x000000000000048c        0x8 /Applications/ARM/bin/../lib/gcc/arm-none-eabi/9.3.1/thumb/v8-m.main+fp/hard/crtn.o
 *crtbegin.o(.ctors)
 *crtbegin?.o(.ctors)
 *(EXCLUDE_FILE(*crtend.o *crtend?.o) .ctors)
 *(SORT_BY_NAME(.ctors.*))
 *crtend.o(.ctors)
 *crtbegin.o(.dtors)
 *crtbegin?.o(.dtors)
 *(EXCLUDE_FILE(*crtend.o *crtend?.o) .dtors)
 *(SORT_BY_NAME(.dtors.*))
 *crtend.o(.dtors)
 *(.text*)
 .text          0x0000000000000494       0x40 /Applications/ARM/bin/../lib/gcc/arm-none-eabi/9.3.1/thumb/v8-m.main+fp/hard/crtbegin.o
 .text          0x00000000000004d4       0x7c /Applications/ARM/bin/../lib/gcc/arm-none-eabi/9.3.1/../../../../arm-none-eabi/lib/thumb/v8-m.main+fp/hard/crt0.o
                0x00000000000004d4                _stack_init
                0x00000000000004dc                _mainCRTStartup
                0x00000000000004dc                _start
 .text._ZStanSt12memory_orderSt23__memory_order_modifier
                0x0000000000000550       0x26 ./src/uart_prbs_tx.o
                0x0000000000000550                std::operator&(std::memory_order, std::__memory_order_modifier)
 .text._ZSt33atomic_flag_test_and_set_explicitPSt11atomic_flagSt12memory_order
                0x0000000000000576       0x36 ./src/uart_prbs_tx.o
                0x0000000000000576                std::atomic_flag_test_and_set_explicit(std::atomic_flag*, std::memory_order)
 .text._ZSt26atomic_flag_clear_explicitPSt11atomic_flagSt12memory_order
                0x00000000000005ac       0x36 ./src/uart_prbs_tx.o
                0x00000000000005ac                std::atomic_flag_clear_explicit(std::atomic_flag*, std::memory_order)
 .text._ZSt24atomic_flag_test_and_setPSt11atomic_flag
                0x00000000000005e2       0x1a ./src/uart_prbs_tx.o
                0x00000000000005e2                std::atomic_flag_test_and_set(std::atomic_flag*)
 .text._ZSt17atomic_flag_clearPSt11atomic_flag
                0x00000000000005fc       0x18 ./src/uart_prbs_tx.o
                0x00000000000005fc                std::atomic_flag_clear(std::atomic_flag*)
 .text.DeviceIntrfDisable
                0x0000000000000614       0x3e ./src/uart_prbs_tx.o
 .text.DeviceIntrfEnable
                0x0000000000000652       0x32 ./src/uart_prbs_tx.o
 .text.DeviceIntrfGetRate
                0x0000000000000684       0x1a ./src/uart_prbs_tx.o
 .text.DeviceIntrfSetRate
                0x000000000000069e       0x1e ./src/uart_prbs_tx.o
 .text.DeviceIntrfStartRx
                0x00000000000006bc       0x46 ./src/uart_prbs_tx.o
 .text.DeviceIntrfRxData
                0x0000000000000702       0x22 ./src/uart_prbs_tx.o
 .text.DeviceIntrfStopRx
                0x0000000000000724       0x22 ./src/uart_prbs_tx.o
 .text.DeviceIntrfStartTx
                0x0000000000000746       0x46 ./src/uart_prbs_tx.o
 .text.DeviceIntrfTxData
                0x000000000000078c       0x22 ./src/uart_prbs_tx.o
 .text.DeviceIntrfStopTx
                0x00000000000007ae       0x22 ./src/uart_prbs_tx.o
 .text.DeviceIntrfReset
                0x00000000000007d0       0x20 ./src/uart_prbs_tx.o
 .text.DeviceIntrfGetType
                0x00000000000007f0       0x18 ./src/uart_prbs_tx.o
 .text._ZN11DeviceIntrf4TypeEv
                0x0000000000000808       0x24 ./src/uart_prbs_tx.o
                0x0000000000000808                DeviceIntrf::Type()
 .text._ZN11DeviceIntrf7DisableEv
                0x000000000000082c       0x22 ./src/uart_prbs_tx.o
                0x000000000000082c                DeviceIntrf::Disable()
 .text._ZN11DeviceIntrf6EnableEv
                0x000000000000084e       0x22 ./src/uart_prbs_tx.o
                0x000000000000084e                DeviceIntrf::Enable()
 .text._ZN11DeviceIntrf2RxEmPhi
                0x0000000000000870       0x2c ./src/uart_prbs_tx.o
                0x0000000000000870                DeviceIntrf::Rx(unsigned long, unsigned char*, int)
 .text._ZN11DeviceIntrf2TxEmPhi
                0x000000000000089c       0x2c ./src/uart_prbs_tx.o
                0x000000000000089c                DeviceIntrf::Tx(unsigned long, unsigned char*, int)
 .text._ZN11DeviceIntrf4ReadEmPhiS0_i
                0x00000000000008c8       0x34 ./src/uart_prbs_tx.o
                0x00000000000008c8                DeviceIntrf::Read(unsigned long, unsigned char*, int, unsigned char*, int)
 .text._ZN11DeviceIntrf5WriteEmPhiS0_i
                0x00000000000008fc       0x34 ./src/uart_prbs_tx.o
                0x00000000000008fc                DeviceIntrf::Write(unsigned long, unsigned char*, int, unsigned char*, int)
 .text._ZN11DeviceIntrf13RequestToSendEi
                0x0000000000000930       0x18 ./src/uart_prbs_tx.o
                0x0000000000000930                DeviceIntrf::RequestToSend(int)
 .text._ZN11DeviceIntrf5ResetEv
                0x0000000000000948       0x22 ./src/uart_prbs_tx.o
                0x0000000000000948                DeviceIntrf::Reset()
 .text.UARTGetRate
                0x000000000000096a       0x1c ./src/uart_prbs_tx.o
 .text.UARTSetRate
                0x0000000000000986       0x22 ./src/uart_prbs_tx.o
 .text._ZN11DeviceIntrfC2Ev
                0x00000000000009a8       0x20 ./src/uart_prbs_tx.o
                0x00000000000009a8                DeviceIntrf::DeviceIntrf()
                0x00000000000009a8                DeviceIntrf::DeviceIntrf()
 .text._ZN4UARTC2Ev
                0x00000000000009c8       0x38 ./src/uart_prbs_tx.o
                0x00000000000009c8                UART::UART()
                0x00000000000009c8                UART::UART()
 .text._ZN4UARTD2Ev
                0x0000000000000a00       0x20 ./src/uart_prbs_tx.o
                0x0000000000000a00                UART::~UART()
                0x0000000000000a00                UART::~UART()
 .text._ZN4UARTD0Ev
                0x0000000000000a20       0x1e ./src/uart_prbs_tx.o
                0x0000000000000a20                UART::~UART()
 .text._ZN4UART4InitERK9UARTCfg_t
                0x0000000000000a3e       0x20 ./src/uart_prbs_tx.o
                0x0000000000000a3e                UART::Init(UARTCfg_t const&)
 .text._ZN4UARTcvKP14__device_intrfEv
                0x0000000000000a5e       0x18 ./src/uart_prbs_tx.o
                0x0000000000000a5e                UART::operator __device_intrf* const()
 .text._ZN4UART4RateEm
                0x0000000000000a76       0x22 ./src/uart_prbs_tx.o
                0x0000000000000a76                UART::Rate(unsigned long)
 .text._ZN4UART4RateEv
                0x0000000000000a98       0x1c ./src/uart_prbs_tx.o
                0x0000000000000a98                UART::Rate()
 .text._ZN4UART6EnableEv
                0x0000000000000ab4       0x1a ./src/uart_prbs_tx.o
                0x0000000000000ab4                UART::Enable()
 .text._ZN4UART7DisableEv
                0x0000000000000ace       0x1a ./src/uart_prbs_tx.o
                0x0000000000000ace                UART::Disable()
 .text._ZN4UART16SetCtrlLineStateEi
                0x0000000000000ae8       0x20 ./src/uart_prbs_tx.o
                0x0000000000000ae8                UART::SetCtrlLineState(int)
 .text._ZN4UART2RxEPhi
                0x0000000000000b08       0x26 ./src/uart_prbs_tx.o
                0x0000000000000b08                UART::Rx(unsigned char*, int)
 .text._ZN4UART7StartRxEm
                0x0000000000000b2e       0x20 ./src/uart_prbs_tx.o
                0x0000000000000b2e                UART::StartRx(unsigned long)
 .text._ZN4UART6RxDataEPhi
                0x0000000000000b4e       0x24 ./src/uart_prbs_tx.o
                0x0000000000000b4e                UART::RxData(unsigned char*, int)
 .text._ZN4UART6StopRxEv
                0x0000000000000b72       0x1a ./src/uart_prbs_tx.o
                0x0000000000000b72                UART::StopRx()
 .text._ZN4UART2TxEPhm
                0x0000000000000b8c       0x26 ./src/uart_prbs_tx.o
                0x0000000000000b8c                UART::Tx(unsigned char*, unsigned long)
 .text._ZN4UART7StartTxEm
                0x0000000000000bb2       0x20 ./src/uart_prbs_tx.o
                0x0000000000000bb2                UART::StartTx(unsigned long)
 .text._ZN4UART6TxDataEPhi
                0x0000000000000bd2       0x24 ./src/uart_prbs_tx.o
                0x0000000000000bd2                UART::TxData(unsigned char*, int)
 .text._ZN4UART6StopTxEv
                0x0000000000000bf6       0x1a ./src/uart_prbs_tx.o
                0x0000000000000bf6                UART::StopTx()
 .text._ZN4UART6printfEPKcz
                0x0000000000000c10       0x2c ./src/uart_prbs_tx.o
                0x0000000000000c10                UART::printf(char const*, ...)
 .text._ZN4UART13RequestToSendEi
                0x0000000000000c3c       0x36 ./src/uart_prbs_tx.o
                0x0000000000000c3c                UART::RequestToSend(int)
 .text._Z17nRFUartEvthandlerP10__Uart_Dev8UART_EVTPhi
                0x0000000000000c72       0x36 ./src/uart_prbs_tx.o
                0x0000000000000c72                nRFUartEvthandler(__Uart_Dev*, UART_EVT, unsigned char*, int)
 .text.main     0x0000000000000ca8       0x60 ./src/uart_prbs_tx.o
                0x0000000000000ca8                main
 .text._ZNSt13__atomic_baseIiEmmEv
                0x0000000000000d08       0x28 ./src/uart_prbs_tx.o
                0x0000000000000d08                std::__atomic_base<int>::operator--()
 .text._ZNSt13__atomic_baseIiEaSEi
                0x0000000000000d30       0x3a ./src/uart_prbs_tx.o
                0x0000000000000d30                std::__atomic_base<int>::operator=(int)
 .text._ZNSt13__atomic_baseIiEppEv
                0x0000000000000d6a       0x28 ./src/uart_prbs_tx.o
                0x0000000000000d6a                std::__atomic_base<int>::operator++()
 *fill*         0x0000000000000d92        0x2 
 .text._Z41__static_initialization_and_destruction_0ii
                0x0000000000000d94       0x40 ./src/uart_prbs_tx.o
 .text._GLOBAL__sub_I_g_Uart
                0x0000000000000dd4       0x10 ./src/uart_prbs_tx.o
 .text.UARTTx   0x0000000000000de4       0x26 ../../../../lib/Eclipse/Debug/libIOsonata_nRF9160.a(uart.o)
 *fill*         0x0000000000000e0a        0x2 
 .text.UARTvprintf
                0x0000000000000e0c       0x70 ../../../../lib/Eclipse/Debug/libIOsonata_nRF9160.a(uart.o)
                0x0000000000000e0c                UARTvprintf
 .text.__NVIC_EnableIRQ
                0x0000000000000e7c       0x3c ../../../../lib/Eclipse/Debug/libIOsonata_nRF9160.a(uart_nrfx.o)
 .text.__NVIC_ClearPendingIRQ
                0x0000000000000eb8       0x3c ../../../../lib/Eclipse/Debug/libIOsonata_nRF9160.a(uart_nrfx.o)
 .text.__NVIC_SetPriority
                0x0000000000000ef4       0x54 ../../../../lib/Eclipse/Debug/libIOsonata_nRF9160.a(uart_nrfx.o)
 .text.IOPinCfg
                0x0000000000000f48       0x7c ../../../../lib/Eclipse/Debug/libIOsonata_nRF9160.a(uart_nrfx.o)
 .text._ZL16DisableInterruptv
                0x0000000000000fc4       0x22 ../../../../lib/Eclipse/Debug/libIOsonata_nRF9160.a(uart_nrfx.o)
 .text._ZL15EnableInterruptm
                0x0000000000000fe6       0x20 ../../../../lib/Eclipse/Debug/libIOsonata_nRF9160.a(uart_nrfx.o)
 .text._ZL14UartIrqHandleriP14__device_intrf
                0x0000000000001006      0x2ea ../../../../lib/Eclipse/Debug/libIOsonata_nRF9160.a(uart_nrfx.o)
 .text._ZL14nRFUARTGetRateP14__device_intrf
                0x00000000000012f0       0x1c ../../../../lib/Eclipse/Debug/libIOsonata_nRF9160.a(uart_nrfx.o)
 .text._ZL14nRFUARTSetRateP14__device_intrfm
                0x000000000000130c       0x68 ../../../../lib/Eclipse/Debug/libIOsonata_nRF9160.a(uart_nrfx.o)
 .text._ZL14nRFUARTStartRxP14__device_intrfm
                0x0000000000001374       0x18 ../../../../lib/Eclipse/Debug/libIOsonata_nRF9160.a(uart_nrfx.o)
 .text._ZL13nRFUARTRxDataP14__device_intrfPhi
                0x000000000000138c       0xb2 ../../../../lib/Eclipse/Debug/libIOsonata_nRF9160.a(uart_nrfx.o)
 .text._ZL13nRFUARTStopRxP14__device_intrf
                0x000000000000143e       0x14 ../../../../lib/Eclipse/Debug/libIOsonata_nRF9160.a(uart_nrfx.o)
 .text._ZL14nRFUARTStartTxP14__device_intrfm
                0x0000000000001452       0x18 ../../../../lib/Eclipse/Debug/libIOsonata_nRF9160.a(uart_nrfx.o)
 .text._ZL13nRFUARTTxDataP14__device_intrfPhi
                0x000000000000146a      0x128 ../../../../lib/Eclipse/Debug/libIOsonata_nRF9160.a(uart_nrfx.o)
 .text._ZL13nRFUARTStopTxP14__device_intrf
                0x0000000000001592       0x14 ../../../../lib/Eclipse/Debug/libIOsonata_nRF9160.a(uart_nrfx.o)
 .text._ZL14nRFUARTDisableP14__device_intrf
                0x00000000000015a6       0x5c ../../../../lib/Eclipse/Debug/libIOsonata_nRF9160.a(uart_nrfx.o)
 .text._ZL13nRFUARTEnableP14__device_intrf
                0x0000000000001602       0xca ../../../../lib/Eclipse/Debug/libIOsonata_nRF9160.a(uart_nrfx.o)
 .text._Z15nRFUARTPowerOffP14__device_intrf
                0x00000000000016cc       0x40 ../../../../lib/Eclipse/Debug/libIOsonata_nRF9160.a(uart_nrfx.o)
                0x00000000000016cc                nRFUARTPowerOff(__device_intrf*)
 .text._ZL35apply_workaround_for_enable_anomalyP13_nRF_UART_Dev
                0x000000000000170c       0x94 ../../../../lib/Eclipse/Debug/libIOsonata_nRF9160.a(uart_nrfx.o)
 .text.UARTInit
                0x00000000000017a0      0x86c ../../../../lib/Eclipse/Debug/libIOsonata_nRF9160.a(uart_nrfx.o)
                0x00000000000017a0                UARTInit
 .text.UARTSetCtrlLineState
                0x000000000000200c       0x16 ../../../../lib/Eclipse/Debug/libIOsonata_nRF9160.a(uart_nrfx.o)
                0x000000000000200c                UARTSetCtrlLineState
 .text._ZdlPv   0x0000000000002022       0x16 ../../../../lib/Eclipse/Debug/libIOsonata_nRF9160.a(CppRuntimeOverload.o)
                0x0000000000002022                operator delete(void*)
 .text.__cxa_pure_virtual
                0x0000000000002038        0x6 ../../../../lib/Eclipse/Debug/libIOsonata_nRF9160.a(CppRuntimeOverload.o)
                0x0000000000002038                __cxa_pure_virtual
 .text.DEF_IRQHandler
                0x000000000000203e        0x6 ../../../../lib/Eclipse/Debug/libIOsonata_nRF9160.a(Vectors_nRF9160.o)
                0x000000000000203e                CLOCK_POWER_IRQHandler
                0x000000000000203e                DebugMon_Handler
                0x000000000000203e                RTC0_IRQHandler
                0x000000000000203e                HardFault_Handler
                0x000000000000203e                SysTick_Handler
                0x000000000000203e                PWM1_IRQHandler
                0x000000000000203e                PendSV_Handler
                0x000000000000203e                NMI_Handler
                0x000000000000203e                PDM_IRQHandler
                0x000000000000203e                IPC_IRQHandler
                0x000000000000203e                PWM3_IRQHandler
                0x000000000000203e                UsageFault_Handler
                0x000000000000203e                EGU3_IRQHandler
                0x000000000000203e                KMU_IRQHandler
                0x000000000000203e                CRYPTOCELL_IRQHandler
                0x000000000000203e                I2S_IRQHandler
                0x000000000000203e                EGU2_IRQHandler
                0x000000000000203e                TIMER0_IRQHandler
                0x000000000000203e                EGU4_IRQHandler
                0x000000000000203e                SPU_IRQHandler
                0x000000000000203e                EGU0_IRQHandler
                0x000000000000203e                GPIOTE1_IRQHandler
                0x000000000000203e                TIMER1_IRQHandler
                0x000000000000203e                PWM2_IRQHandler
                0x000000000000203e                SecureFault_Handler
                0x000000000000203e                EGU1_IRQHandler
                0x000000000000203e                EGU5_IRQHandler
                0x000000000000203e                SAADC_IRQHandler
                0x000000000000203e                GPIOTE0_IRQHandler
                0x000000000000203e                WDT_IRQHandler
                0x000000000000203e                SVC_Handler
                0x000000000000203e                PWM0_IRQHandler
                0x000000000000203e                DEF_IRQHandler
                0x000000000000203e                RTC1_IRQHandler
                0x000000000000203e                BusFault_Handler
                0x000000000000203e                MemoryManagement_Handler
                0x000000000000203e                TIMER2_IRQHandler
 .text.CFifoInit
                0x0000000000002044       0x6c ../../../../lib/Eclipse/Debug/libIOsonata_nRF9160.a(cfifo.o)
                0x0000000000002044                CFifoInit
 .text.CFifoGet
                0x00000000000020b0       0x78 ../../../../lib/Eclipse/Debug/libIOsonata_nRF9160.a(cfifo.o)
                0x00000000000020b0                CFifoGet
 .text.CFifoGetMultiple
                0x0000000000002128       0xce ../../../../lib/Eclipse/Debug/libIOsonata_nRF9160.a(cfifo.o)
                0x0000000000002128                CFifoGetMultiple
 .text.CFifoPut
                0x00000000000021f6       0xc6 ../../../../lib/Eclipse/Debug/libIOsonata_nRF9160.a(cfifo.o)
                0x00000000000021f6                CFifoPut
 .text.CFifoPutMultiple
                0x00000000000022bc      0x106 ../../../../lib/Eclipse/Debug/libIOsonata_nRF9160.a(cfifo.o)
                0x00000000000022bc                CFifoPutMultiple
 .text.CFifoFlush
                0x00000000000023c2       0x3c ../../../../lib/Eclipse/Debug/libIOsonata_nRF9160.a(cfifo.o)
                0x00000000000023c2                CFifoFlush
 .text.CFifoAvail
                0x00000000000023fe       0x60 ../../../../lib/Eclipse/Debug/libIOsonata_nRF9160.a(cfifo.o)
                0x00000000000023fe                CFifoAvail
 .text.CFifoUsed
                0x000000000000245e       0x52 ../../../../lib/Eclipse/Debug/libIOsonata_nRF9160.a(cfifo.o)
                0x000000000000245e                CFifoUsed
 .text.DeviceIntrfStartRx
                0x00000000000024b0       0x46 ../../../../lib/Eclipse/Debug/libIOsonata_nRF9160.a(device_intrf.o)
 .text.DeviceIntrfStopRx
                0x00000000000024f6       0x22 ../../../../lib/Eclipse/Debug/libIOsonata_nRF9160.a(device_intrf.o)
 .text.DeviceIntrfStartTx
                0x0000000000002518       0x46 ../../../../lib/Eclipse/Debug/libIOsonata_nRF9160.a(device_intrf.o)
 .text.DeviceIntrfStopTx
                0x000000000000255e       0x22 ../../../../lib/Eclipse/Debug/libIOsonata_nRF9160.a(device_intrf.o)
 .text.DeviceIntrfRx
                0x0000000000002580       0x70 ../../../../lib/Eclipse/Debug/libIOsonata_nRF9160.a(device_intrf.o)
                0x0000000000002580                DeviceIntrfRx
 .text.DeviceIntrfTx
                0x00000000000025f0       0x70 ../../../../lib/Eclipse/Debug/libIOsonata_nRF9160.a(device_intrf.o)
                0x00000000000025f0                DeviceIntrfTx
 .text.DeviceIntrfRead
                0x0000000000002660       0xa6 ../../../../lib/Eclipse/Debug/libIOsonata_nRF9160.a(device_intrf.o)
                0x0000000000002660                DeviceIntrfRead
 .text.DeviceIntrfWrite
                0x0000000000002706      0x116 ../../../../lib/Eclipse/Debug/libIOsonata_nRF9160.a(device_intrf.o)
                0x0000000000002706                DeviceIntrfWrite
 .text.Prbs8    0x000000000000281c       0x42 ../../../../lib/Eclipse/Debug/libIOsonata_nRF9160.a(prbs.o)
                0x000000000000281c                Prbs8
 *fill*         0x000000000000285e        0x2 
 .text.__NVIC_SystemReset
                0x0000000000002860       0x2c ../../../../lib/Eclipse/Debug/libIOsonata_nRF9160.a(system_nrf9160.o)
 .text.nrf91_errata_6
                0x000000000000288c       0x48 ../../../../lib/Eclipse/Debug/libIOsonata_nRF9160.a(system_nrf9160.o)
 .text.nrf91_errata_14
                0x00000000000028d4       0x48 ../../../../lib/Eclipse/Debug/libIOsonata_nRF9160.a(system_nrf9160.o)
 .text.nrf91_errata_15
                0x000000000000291c       0x48 ../../../../lib/Eclipse/Debug/libIOsonata_nRF9160.a(system_nrf9160.o)
 .text.nrf91_errata_20
                0x0000000000002964       0x48 ../../../../lib/Eclipse/Debug/libIOsonata_nRF9160.a(system_nrf9160.o)
 .text.nrf91_errata_31
                0x00000000000029ac       0x48 ../../../../lib/Eclipse/Debug/libIOsonata_nRF9160.a(system_nrf9160.o)
 .text.SystemCoreClockUpdate
                0x00000000000029f4       0x1c ../../../../lib/Eclipse/Debug/libIOsonata_nRF9160.a(system_nrf9160.o)
                0x00000000000029f4                SystemCoreClockUpdate
 .text.SystemInit
                0x0000000000002a10      0x1d0 ../../../../lib/Eclipse/Debug/libIOsonata_nRF9160.a(system_nrf9160.o)
                0x0000000000002a10                SystemInit
 .text.uicr_HFXOCNT_erased
                0x0000000000002be0       0x24 ../../../../lib/Eclipse/Debug/libIOsonata_nRF9160.a(system_nrf9160.o)
 .text.uicr_HFXOSRC_erased
                0x0000000000002c04       0x24 ../../../../lib/Eclipse/Debug/libIOsonata_nRF9160.a(system_nrf9160.o)
 .text.IOPinConfig
                0x0000000000002c28       0xa8 ../../../../lib/Eclipse/Debug/libIOsonata_nRF9160.a(iopincfg_nrfx.o)
                0x0000000000002c28                IOPinConfig
 .text.__NVIC_ClearPendingIRQ
                0x0000000000002cd0       0x3c ../../../../lib/Eclipse/Debug/libIOsonata_nRF9160.a(shared_irq_nrf91.o)
 .text.SetSharedIntHandler
                0x0000000000002d0c       0x40 ../../../../lib/Eclipse/Debug/libIOsonata_nRF9160.a(shared_irq_nrf91.o)
                0x0000000000002d0c                SetSharedIntHandler
 .text.UARTE0_SPIM0_SPIS0_TWIM0_TWIS0_IRQHandler
                0x0000000000002d4c       0x28 ../../../../lib/Eclipse/Debug/libIOsonata_nRF9160.a(shared_irq_nrf91.o)
                0x0000000000002d4c                UARTE0_SPIM0_SPIS0_TWIM0_TWIS0_IRQHandler
 .text.UARTE1_SPIM1_SPIS1_TWIM1_TWIS1_IRQHandler
                0x0000000000002d74       0x28 ../../../../lib/Eclipse/Debug/libIOsonata_nRF9160.a(shared_irq_nrf91.o)
                0x0000000000002d74                UARTE1_SPIM1_SPIS1_TWIM1_TWIS1_IRQHandler
 .text.UARTE2_SPIM2_SPIS2_TWIM2_TWIS2_IRQHandler
                0x0000000000002d9c       0x28 ../../../../lib/Eclipse/Debug/libIOsonata_nRF9160.a(shared_irq_nrf91.o)
                0x0000000000002d9c                UARTE2_SPIM2_SPIS2_TWIM2_TWIS2_IRQHandler
 .text.UARTE3_SPIM3_SPIS3_TWIM3_TWIS3_IRQHandler
                0x0000000000002dc4       0x28 ../../../../lib/Eclipse/Debug/libIOsonata_nRF9160.a(shared_irq_nrf91.o)
                0x0000000000002dc4                UARTE3_SPIM3_SPIS3_TWIM3_TWIS3_IRQHandler
 .text.__aeabi_atexit
                0x0000000000002dec        0xa /Applications/ARM/bin/../lib/gcc/arm-none-eabi/9.3.1/../../../../arm-none-eabi/lib/thumb/v8-m.main+fp/hard/libstdc++_nano.a(atexit_arm.o)
                0x0000000000002dec                __aeabi_atexit
 *fill*         0x0000000000002df6        0x2 
 .text.__cxa_atexit
                0x0000000000002df8       0x1c /Applications/ARM/bin/../lib/gcc/arm-none-eabi/9.3.1/../../../../arm-none-eabi/lib/thumb/v8-m.main+fp/hard/libc_nano.a(lib_a-cxa_atexit.o)
                0x0000000000002df8                __cxa_atexit
 .text.exit     0x0000000000002e14       0x28 /Applications/ARM/bin/../lib/gcc/arm-none-eabi/9.3.1/../../../../arm-none-eabi/lib/thumb/v8-m.main+fp/hard/libc_nano.a(lib_a-exit.o)
                0x0000000000002e14                exit
 .text.__libc_init_array
                0x0000000000002e3c       0x48 /Applications/ARM/bin/../lib/gcc/arm-none-eabi/9.3.1/../../../../arm-none-eabi/lib/thumb/v8-m.main+fp/hard/libc_nano.a(lib_a-init.o)
                0x0000000000002e3c                __libc_init_array
 .text.free     0x0000000000002e84       0x10 /Applications/ARM/bin/../lib/gcc/arm-none-eabi/9.3.1/../../../../arm-none-eabi/lib/thumb/v8-m.main+fp/hard/libc_nano.a(lib_a-malloc.o)
                0x0000000000002e84                free
 .text.memcpy   0x0000000000002e94       0x1a /Applications/ARM/bin/../lib/gcc/arm-none-eabi/9.3.1/../../../../arm-none-eabi/lib/thumb/v8-m.main+fp/hard/libc_nano.a(lib_a-memcpy-stub.o)
                0x0000000000002e94                memcpy
 .text.memset   0x0000000000002eae       0x10 /Applications/ARM/bin/../lib/gcc/arm-none-eabi/9.3.1/../../../../arm-none-eabi/lib/thumb/v8-m.main+fp/hard/libc_nano.a(lib_a-memset.o)
                0x0000000000002eae                memset
 *fill*         0x0000000000002ebe        0x2 
 .text._free_r  0x0000000000002ec0       0xa0 /Applications/ARM/bin/../lib/gcc/arm-none-eabi/9.3.1/../../../../arm-none-eabi/lib/thumb/v8-m.main+fp/hard/libc_nano.a(lib_a-nano-freer.o)
                0x0000000000002ec0                _free_r
 .text._malloc_r
                0x0000000000002f60       0xb4 /Applications/ARM/bin/../lib/gcc/arm-none-eabi/9.3.1/../../../../arm-none-eabi/lib/thumb/v8-m.main+fp/hard/libc_nano.a(lib_a-nano-mallocr.o)
                0x0000000000002f60                _malloc_r
 .text._sbrk_r  0x0000000000003014       0x20 /Applications/ARM/bin/../lib/gcc/arm-none-eabi/9.3.1/../../../../arm-none-eabi/lib/thumb/v8-m.main+fp/hard/libc_nano.a(lib_a-sbrkr.o)
                0x0000000000003014                _sbrk_r
 .text          0x0000000000003034       0x10 /Applications/ARM/bin/../lib/gcc/arm-none-eabi/9.3.1/../../../../arm-none-eabi/lib/thumb/v8-m.main+fp/hard/libc_nano.a(lib_a-strlen.o)
                0x0000000000003034                strlen
 .text._vsnprintf_r
                0x0000000000003044       0x58 /Applications/ARM/bin/../lib/gcc/arm-none-eabi/9.3.1/../../../../arm-none-eabi/lib/thumb/v8-m.main+fp/hard/libc_nano.a(lib_a-vsnprintf.o)
                0x0000000000003044                _vsnprintf_r
                0x0000000000003044                _vsniprintf_r
 .text.vsnprintf
                0x000000000000309c       0x1c /Applications/ARM/bin/../lib/gcc/arm-none-eabi/9.3.1/../../../../arm-none-eabi/lib/thumb/v8-m.main+fp/hard/libc_nano.a(lib_a-vsnprintf.o)
                0x000000000000309c                vsnprintf
                0x000000000000309c                vsniprintf
 .text.__malloc_lock
                0x00000000000030b8        0xc /Applications/ARM/bin/../lib/gcc/arm-none-eabi/9.3.1/../../../../arm-none-eabi/lib/thumb/v8-m.main+fp/hard/libc_nano.a(lib_a-mlock.o)
                0x00000000000030b8                __malloc_lock
 .text.__malloc_unlock
                0x00000000000030c4        0xc /Applications/ARM/bin/../lib/gcc/arm-none-eabi/9.3.1/../../../../arm-none-eabi/lib/thumb/v8-m.main+fp/hard/libc_nano.a(lib_a-mlock.o)
                0x00000000000030c4                __malloc_unlock
 .text.__ssputs_r
                0x00000000000030d0       0xb6 /Applications/ARM/bin/../lib/gcc/arm-none-eabi/9.3.1/../../../../arm-none-eabi/lib/thumb/v8-m.main+fp/hard/libc_nano.a(lib_a-nano-svfprintf.o)
                0x00000000000030d0                __ssputs_r
 *fill*         0x0000000000003186        0x2 
 .text._svfprintf_r
                0x0000000000003188      0x200 /Applications/ARM/bin/../lib/gcc/arm-none-eabi/9.3.1/../../../../arm-none-eabi/lib/thumb/v8-m.main+fp/hard/libc_nano.a(lib_a-nano-svfprintf.o)
                0x0000000000003188                _svfprintf_r
                0x0000000000003188                _svfiprintf_r
 .text._printf_common
                0x0000000000003388       0xe0 /Applications/ARM/bin/../lib/gcc/arm-none-eabi/9.3.1/../../../../arm-none-eabi/lib/thumb/v8-m.main+fp/hard/libc_nano.a(lib_a-nano-vfprintf_i.o)
                0x0000000000003388                _printf_common
 .text._printf_i
                0x0000000000003468      0x24c /Applications/ARM/bin/../lib/gcc/arm-none-eabi/9.3.1/../../../../arm-none-eabi/lib/thumb/v8-m.main+fp/hard/libc_nano.a(lib_a-nano-vfprintf_i.o)
                0x0000000000003468                _printf_i
 .text.__retarget_lock_acquire_recursive
                0x00000000000036b4        0x2 /Applications/ARM/bin/../lib/gcc/arm-none-eabi/9.3.1/../../../../arm-none-eabi/lib/thumb/v8-m.main+fp/hard/libc_nano.a(lib_a-lock.o)
                0x00000000000036b4                __retarget_lock_acquire_recursive
 .text.__retarget_lock_release_recursive
                0x00000000000036b6        0x2 /Applications/ARM/bin/../lib/gcc/arm-none-eabi/9.3.1/../../../../arm-none-eabi/lib/thumb/v8-m.main+fp/hard/libc_nano.a(lib_a-lock.o)
                0x00000000000036b6                __retarget_lock_release_recursive
 .text.memchr   0x00000000000036b8       0x1c /Applications/ARM/bin/../lib/gcc/arm-none-eabi/9.3.1/../../../../arm-none-eabi/lib/thumb/v8-m.main+fp/hard/libc_nano.a(lib_a-memchr-stub.o)
                0x00000000000036b8                memchr
 .text.memmove  0x00000000000036d4       0x34 /Applications/ARM/bin/../lib/gcc/arm-none-eabi/9.3.1/../../../../arm-none-eabi/lib/thumb/v8-m.main+fp/hard/libc_nano.a(lib_a-memmove.o)
                0x00000000000036d4                memmove
 .text._realloc_r
                0x0000000000003708       0x4c /Applications/ARM/bin/../lib/gcc/arm-none-eabi/9.3.1/../../../../arm-none-eabi/lib/thumb/v8-m.main+fp/hard/libc_nano.a(lib_a-nano-reallocr.o)
                0x0000000000003708                _realloc_r
 .text._malloc_usable_size_r
                0x0000000000003754       0x10 /Applications/ARM/bin/../lib/gcc/arm-none-eabi/9.3.1/../../../../arm-none-eabi/lib/thumb/v8-m.main+fp/hard/libc_nano.a(lib_a-nano-msizer.o)
                0x0000000000003754                _malloc_usable_size_r
 .text._sbrk    0x0000000000003764       0x1c /Applications/ARM/bin/../lib/gcc/arm-none-eabi/9.3.1/../../../../arm-none-eabi/lib/thumb/v8-m.main+fp/hard/libnosys.a(sbrk.o)
                0x0000000000003764                _sbrk
 .text._exit    0x0000000000003780        0x4 /Applications/ARM/bin/../lib/gcc/arm-none-eabi/9.3.1/../../../../arm-none-eabi/lib/thumb/v8-m.main+fp/hard/libnosys.a(_exit.o)
                0x0000000000003780                _exit
 *(.rodata .rodata.* .rodata1)
 .rodata._ZL10s_UartPins
                0x0000000000003784       0x40 ./src/uart_prbs_tx.o
 .rodata._ZL9s_UartCfg
                0x00000000000037c4       0x48 ./src/uart_prbs_tx.o
 .rodata        0x000000000000380c       0x11 ./src/uart_prbs_tx.o
 *fill*         0x000000000000381d        0x3 
 .rodata._ZTV4UART
                0x0000000000003820       0x68 ./src/uart_prbs_tx.o
                0x0000000000003820                vtable for UART
 .rodata._ZTV11DeviceIntrf
                0x0000000000003888       0x50 ./src/uart_prbs_tx.o
                0x0000000000003888                vtable for DeviceIntrf
 .rodata._ZL14s_nRFxBaudrate
                0x00000000000038d8       0x80 ../../../../lib/Eclipse/Debug/libIOsonata_nRF9160.a(uart_nrfx.o)
 .rodata._global_impure_ptr
                0x0000000000003958        0x4 /Applications/ARM/bin/../lib/gcc/arm-none-eabi/9.3.1/../../../../arm-none-eabi/lib/thumb/v8-m.main+fp/hard/libc_nano.a(lib_a-impure.o)
                0x0000000000003958                _global_impure_ptr
 .rodata._svfprintf_r.str1.1
                0x000000000000395c       0x11 /Applications/ARM/bin/../lib/gcc/arm-none-eabi/9.3.1/../../../../arm-none-eabi/lib/thumb/v8-m.main+fp/hard/libc_nano.a(lib_a-nano-svfprintf.o)
 .rodata._printf_i.str1.1
                0x000000000000396d       0x22 /Applications/ARM/bin/../lib/gcc/arm-none-eabi/9.3.1/../../../../arm-none-eabi/lib/thumb/v8-m.main+fp/hard/libc_nano.a(lib_a-nano-vfprintf_i.o)
 *(.gnu.linkonce.r.*)

.glue_7         0x0000000000003990        0x0
 .glue_7        0x0000000000003990        0x0 linker stubs

.glue_7t        0x0000000000003990        0x0
 .glue_7t       0x0000000000003990        0x0 linker stubs

.vfp11_veneer   0x0000000000003990        0x0
 .vfp11_veneer  0x0000000000003990        0x0 linker stubs

.v4_bx          0x0000000000003990        0x0
 .v4_bx         0x0000000000003990        0x0 linker stubs

.iplt           0x0000000000003990        0x0
 .iplt          0x0000000000003990        0x0 /Applications/ARM/bin/../lib/gcc/arm-none-eabi/9.3.1/thumb/v8-m.main+fp/hard/crtbegin.o

.ARM.extab
 *(.ARM.extab* .gnu.linkonce.armextab.*)
                [!provide]                        PROVIDE (__exidx_start = .)

.ARM.exidx      0x0000000000003990        0x8
 *(.ARM.exidx* .gnu.linkonce.armexidx.*)
 .ARM.exidx     0x0000000000003990        0x8 /Applications/ARM/bin/../lib/gcc/arm-none-eabi/9.3.1/../../../../arm-none-eabi/lib/thumb/v8-m.main+fp/hard/crt0.o
                                         0x10 (size before relaxing)
                [!provide]                        PROVIDE (__exidx_end = .)

.eh_frame_hdr
 *(.eh_frame_hdr)

.eh_frame       0x0000000000003998        0x0
                0x0000000000003998                . = ALIGN (0x4)
 *(.eh_frame)
 .eh_frame      0x0000000000003998        0x0 /Applications/ARM/bin/../lib/gcc/arm-none-eabi/9.3.1/thumb/v8-m.main+fp/hard/crtbegin.o

.rel.dyn        0x0000000000003998        0x0
 .rel.iplt      0x0000000000003998        0x0 /Applications/ARM/bin/../lib/gcc/arm-none-eabi/9.3.1/thumb/v8-m.main+fp/hard/crtbegin.o

.gcc_except_table
                0x0000000000003998        0x0
                0x0000000000003998                . = ALIGN (0x4)
 *(.gcc_except_table .gcc_except_table.*)
                0x0000000000003998                . = ALIGN (0x4)
                0x0000000000003998                __text_end__ = .
                0x0000000000003998                __etext = .

.eh_frame
 *(.eh_frame)

.gcc_except_table
 *(.gcc_except_table .gcc_except_table.*)

.data           0x0000000020000000      0x2c0 load address 0x0000000000003998
                0x0000000020000000                PROVIDE (__preinit_array_start = .)
 *(.preinit_array)
                0x0000000020000000                PROVIDE (__preinit_array_end = .)
                0x0000000020000000                . = ALIGN (0x4)
                0x0000000020000000                PROVIDE (__init_array_start = .)
 *(SORT_BY_NAME(.init_array.*))
 *(.init_array)
 .init_array    0x0000000020000000        0x4 /Applications/ARM/bin/../lib/gcc/arm-none-eabi/9.3.1/thumb/v8-m.main+fp/hard/crtbegin.o
 .init_array    0x0000000020000004        0x4 ./src/uart_prbs_tx.o
                0x0000000020000008                PROVIDE (__init_array_end = .)
                0x0000000020000008                . = ALIGN (0x4)
                [!provide]                        PROVIDE (__fini_array_start = .)
 *(SORT_BY_NAME(.fini_array.*))
 *(.fini_array)
 .fini_array    0x0000000020000008        0x4 /Applications/ARM/bin/../lib/gcc/arm-none-eabi/9.3.1/thumb/v8-m.main+fp/hard/crtbegin.o
                [!provide]                        PROVIDE (__fini_array_end = .)
                0x000000002000000c                . = ALIGN (0x4)
 *(vtable)
 *(.data*)
 .data          0x000000002000000c        0x4 /Applications/ARM/bin/../lib/gcc/arm-none-eabi/9.3.1/thumb/v8-m.main+fp/hard/crtbegin.o
                0x000000002000000c                __dso_handle
 .data._ZL13s_nRFxUARTDev
                0x0000000020000010      0x240 ../../../../lib/Eclipse/Debug/libIOsonata_nRF9160.a(uart_nrfx.o)
 .data.SystemMicroSecLoopCnt
                0x0000000020000250        0x4 ../../../../lib/Eclipse/Debug/libIOsonata_nRF9160.a(ResetEntry.o)
                0x0000000020000250                SystemMicroSecLoopCnt
 .data.s_BufferSize
                0x0000000020000254        0x4 ../../../../lib/Eclipse/Debug/libIOsonata_nRF9160.a(sbuffer.o)
                0x0000000020000254                s_BufferSize
 .data.SystemCoreClock
                0x0000000020000258        0x4 ../../../../lib/Eclipse/Debug/libIOsonata_nRF9160.a(system_nrf9160.o)
                0x0000000020000258                SystemCoreClock
 .data._impure_ptr
                0x000000002000025c        0x4 /Applications/ARM/bin/../lib/gcc/arm-none-eabi/9.3.1/../../../../arm-none-eabi/lib/thumb/v8-m.main+fp/hard/libc_nano.a(lib_a-impure.o)
                0x000000002000025c                _impure_ptr
 .data.impure_data
                0x0000000020000260       0x60 /Applications/ARM/bin/../lib/gcc/arm-none-eabi/9.3.1/../../../../arm-none-eabi/lib/thumb/v8-m.main+fp/hard/libc_nano.a(lib_a-impure.o)
 *(.fastrun*)
 *(.jcr)
                0x00000000200002c0                __data_end__ = .
                0x0000000020000000                __data_start__ = ADDR (.data)
                0x0000000000003998                __data_loc__ = LOADADDR (.data)
                0x00000000000002c0                __data_size__ = (__bss_start__ - __data_start__)

.igot.plt       0x00000000200002c0        0x0 load address 0x0000000000003c58
 .igot.plt      0x00000000200002c0        0x0 /Applications/ARM/bin/../lib/gcc/arm-none-eabi/9.3.1/thumb/v8-m.main+fp/hard/crtbegin.o

.bss            0x00000000200002c0      0x185 load address 0x0000000000003c58
                0x00000000200002c0                __bss_start__ = .
 *(.bss*)
 .bss           0x00000000200002c0       0x1c /Applications/ARM/bin/../lib/gcc/arm-none-eabi/9.3.1/thumb/v8-m.main+fp/hard/crtbegin.o
 .bss.g_Uart    0x00000000200002dc       0xa8 ./src/uart_prbs_tx.o
                0x00000000200002dc                g_Uart
 .bss.s_Buffer  0x0000000020000384       0x80 ../../../../lib/Eclipse/Debug/libIOsonata_nRF9160.a(sbuffer.o)
                0x0000000020000384                s_Buffer
 .bss.uicr_erased_value
                0x0000000020000404        0x4 ../../../../lib/Eclipse/Debug/libIOsonata_nRF9160.a(system_nrf9160.o)
 .bss.uicr_new_value
                0x0000000020000408        0x4 ../../../../lib/Eclipse/Debug/libIOsonata_nRF9160.a(system_nrf9160.o)
 .bss._ZL8s_DevIrq
                0x000000002000040c       0x20 ../../../../lib/Eclipse/Debug/libIOsonata_nRF9160.a(shared_irq_nrf91.o)
 .bss.__malloc_free_list
                0x000000002000042c        0x4 /Applications/ARM/bin/../lib/gcc/arm-none-eabi/9.3.1/../../../../arm-none-eabi/lib/thumb/v8-m.main+fp/hard/libc_nano.a(lib_a-nano-mallocr.o)
                0x000000002000042c                __malloc_free_list
 .bss.__malloc_sbrk_start
                0x0000000020000430        0x4 /Applications/ARM/bin/../lib/gcc/arm-none-eabi/9.3.1/../../../../arm-none-eabi/lib/thumb/v8-m.main+fp/hard/libc_nano.a(lib_a-nano-mallocr.o)
                0x0000000020000430                __malloc_sbrk_start
 .bss.heap_end.5507
                0x0000000020000434        0x4 /Applications/ARM/bin/../lib/gcc/arm-none-eabi/9.3.1/../../../../arm-none-eabi/lib/thumb/v8-m.main+fp/hard/libnosys.a(sbrk.o)
 *(COMMON)
 COMMON         0x0000000020000438        0x4 /Applications/ARM/bin/../lib/gcc/arm-none-eabi/9.3.1/../../../../arm-none-eabi/lib/thumb/v8-m.main+fp/hard/libc_nano.a(lib_a-reent.o)
                0x0000000020000438                errno
 COMMON         0x000000002000043c        0x9 /Applications/ARM/bin/../lib/gcc/arm-none-eabi/9.3.1/../../../../arm-none-eabi/lib/thumb/v8-m.main+fp/hard/libc_nano.a(lib_a-lock.o)
                0x000000002000043c                __lock___atexit_recursive_mutex
                0x000000002000043d                __lock___arc4random_mutex
                0x000000002000043e                __lock___env_recursive_mutex
                0x000000002000043f                __lock___sinit_recursive_mutex
                0x0000000020000440                __lock___malloc_recursive_mutex
                0x0000000020000441                __lock___at_quick_exit_mutex
                0x0000000020000442                __lock___dd_hash_mutex
                0x0000000020000443                __lock___tz_mutex
                0x0000000020000444                __lock___sfp_recursive_mutex
 *(.gnu.linkonce.b.*)
                0x0000000020000445                __bss_end__ = .
                0x0000000020000448                PROVIDE (end = .)
                0x0000000000000185                __bss_size__ = SIZEOF (.bss)

.heap           0x0000000020000448        0x0 load address 0x0000000000003c58
                0x0000000020000448                __end__ = .
                0x0000000020000448                end = __end__
                0x0000000020000448                _pvHeapStart = .
 *(.heap*)
                0x0000000020000448                __HeapLimit = .

.stack_dummy
 *(.stack*)
                0x0000000020040000                __StackTop = (ORIGIN (RAM) + LENGTH (RAM))
                0x000000002000044c                __StackLimit = (__HeapLimit + 0x4)
                0x0000000020040000                PROVIDE (__stack = __StackTop)
                0x0000000000000001                ASSERT ((__StackLimit >= __HeapLimit), region RAM overflowed with stack)
OUTPUT(UartPrbsTxTest.elf elf32-littlearm)
LOAD linker stubs

.ARM.attributes
                0x0000000000000000       0x36
 .ARM.attributes
                0x0000000000000000       0x22 /Applications/ARM/bin/../lib/gcc/arm-none-eabi/9.3.1/thumb/v8-m.main+fp/hard/crti.o
 .ARM.attributes
                0x0000000000000022       0x38 /Applications/ARM/bin/../lib/gcc/arm-none-eabi/9.3.1/thumb/v8-m.main+fp/hard/crtbegin.o
 .ARM.attributes
                0x000000000000005a       0x20 /Applications/ARM/bin/../lib/gcc/arm-none-eabi/9.3.1/../../../../arm-none-eabi/lib/thumb/v8-m.main+fp/hard/crt0.o
 .ARM.attributes
                0x000000000000007a       0x3a ./src/uart_prbs_tx.o
 .ARM.attributes
                0x00000000000000b4       0x3a ../../../../lib/Eclipse/Debug/libIOsonata_nRF9160.a(uart.o)
 .ARM.attributes
                0x00000000000000ee       0x3a ../../../../lib/Eclipse/Debug/libIOsonata_nRF9160.a(uart_nrfx.o)
 .ARM.attributes
                0x0000000000000128       0x3a ../../../../lib/Eclipse/Debug/libIOsonata_nRF9160.a(CppRuntimeOverload.o)
 .ARM.attributes
                0x0000000000000162       0x3a ../../../../lib/Eclipse/Debug/libIOsonata_nRF9160.a(ResetEntry.o)
 .ARM.attributes
                0x000000000000019c       0x3a ../../../../lib/Eclipse/Debug/libIOsonata_nRF9160.a(Vectors_nRF9160.o)
 .ARM.attributes
                0x00000000000001d6       0x3a ../../../../lib/Eclipse/Debug/libIOsonata_nRF9160.a(cfifo.o)
 .ARM.attributes
                0x0000000000000210       0x3a ../../../../lib/Eclipse/Debug/libIOsonata_nRF9160.a(device_intrf.o)
 .ARM.attributes
                0x000000000000024a       0x3a ../../../../lib/Eclipse/Debug/libIOsonata_nRF9160.a(prbs.o)
 .ARM.attributes
                0x0000000000000284       0x3c ../../../../lib/Eclipse/Debug/libIOsonata_nRF9160.a(sbuffer.o)
 .ARM.attributes
                0x00000000000002c0       0x3a ../../../../lib/Eclipse/Debug/libIOsonata_nRF9160.a(system_nrf9160.o)
 .ARM.attributes
                0x00000000000002fa       0x3a ../../../../lib/Eclipse/Debug/libIOsonata_nRF9160.a(iopincfg_nrfx.o)
 .ARM.attributes
                0x0000000000000334       0x3a ../../../../lib/Eclipse/Debug/libIOsonata_nRF9160.a(shared_irq_nrf91.o)
 .ARM.attributes
                0x000000000000036e       0x38 /Applications/ARM/bin/../lib/gcc/arm-none-eabi/9.3.1/../../../../arm-none-eabi/lib/thumb/v8-m.main+fp/hard/libstdc++_nano.a(atexit_arm.o)
 .ARM.attributes
                0x00000000000003a6       0x38 /Applications/ARM/bin/../lib/gcc/arm-none-eabi/9.3.1/../../../../arm-none-eabi/lib/thumb/v8-m.main+fp/hard/libc_nano.a(lib_a-cxa_atexit.o)
 .ARM.attributes
                0x00000000000003de       0x38 /Applications/ARM/bin/../lib/gcc/arm-none-eabi/9.3.1/../../../../arm-none-eabi/lib/thumb/v8-m.main+fp/hard/libc_nano.a(lib_a-exit.o)
 .ARM.attributes
                0x0000000000000416       0x36 /Applications/ARM/bin/../lib/gcc/arm-none-eabi/9.3.1/../../../../arm-none-eabi/lib/thumb/v8-m.main+fp/hard/libc_nano.a(lib_a-impure.o)
 .ARM.attributes
                0x000000000000044c       0x38 /Applications/ARM/bin/../lib/gcc/arm-none-eabi/9.3.1/../../../../arm-none-eabi/lib/thumb/v8-m.main+fp/hard/libc_nano.a(lib_a-init.o)
 .ARM.attributes
                0x0000000000000484       0x38 /Applications/ARM/bin/../lib/gcc/arm-none-eabi/9.3.1/../../../../arm-none-eabi/lib/thumb/v8-m.main+fp/hard/libc_nano.a(lib_a-malloc.o)
 .ARM.attributes
                0x00000000000004bc       0x38 /Applications/ARM/bin/../lib/gcc/arm-none-eabi/9.3.1/../../../../arm-none-eabi/lib/thumb/v8-m.main+fp/hard/libc_nano.a(lib_a-memcpy-stub.o)
 .ARM.attributes
                0x00000000000004f4       0x38 /Applications/ARM/bin/../lib/gcc/arm-none-eabi/9.3.1/../../../../arm-none-eabi/lib/thumb/v8-m.main+fp/hard/libc_nano.a(lib_a-memset.o)
 .ARM.attributes
                0x000000000000052c       0x38 /Applications/ARM/bin/../lib/gcc/arm-none-eabi/9.3.1/../../../../arm-none-eabi/lib/thumb/v8-m.main+fp/hard/libc_nano.a(lib_a-nano-freer.o)
 .ARM.attributes
                0x0000000000000564       0x38 /Applications/ARM/bin/../lib/gcc/arm-none-eabi/9.3.1/../../../../arm-none-eabi/lib/thumb/v8-m.main+fp/hard/libc_nano.a(lib_a-nano-mallocr.o)
 .ARM.attributes
                0x000000000000059c       0x38 /Applications/ARM/bin/../lib/gcc/arm-none-eabi/9.3.1/../../../../arm-none-eabi/lib/thumb/v8-m.main+fp/hard/libc_nano.a(lib_a-sbrkr.o)
 .ARM.attributes
                0x00000000000005d4       0x17 /Applications/ARM/bin/../lib/gcc/arm-none-eabi/9.3.1/../../../../arm-none-eabi/lib/thumb/v8-m.main+fp/hard/libc_nano.a(lib_a-strlen.o)
 .ARM.attributes
                0x00000000000005eb       0x38 /Applications/ARM/bin/../lib/gcc/arm-none-eabi/9.3.1/../../../../arm-none-eabi/lib/thumb/v8-m.main+fp/hard/libc_nano.a(lib_a-vsnprintf.o)
 .ARM.attributes
                0x0000000000000623       0x38 /Applications/ARM/bin/../lib/gcc/arm-none-eabi/9.3.1/../../../../arm-none-eabi/lib/thumb/v8-m.main+fp/hard/libc_nano.a(lib_a-mlock.o)
 .ARM.attributes
                0x000000000000065b       0x38 /Applications/ARM/bin/../lib/gcc/arm-none-eabi/9.3.1/../../../../arm-none-eabi/lib/thumb/v8-m.main+fp/hard/libc_nano.a(lib_a-nano-svfprintf.o)
 .ARM.attributes
                0x0000000000000693       0x38 /Applications/ARM/bin/../lib/gcc/arm-none-eabi/9.3.1/../../../../arm-none-eabi/lib/thumb/v8-m.main+fp/hard/libc_nano.a(lib_a-nano-vfprintf_i.o)
 .ARM.attributes
                0x00000000000006cb       0x38 /Applications/ARM/bin/../lib/gcc/arm-none-eabi/9.3.1/../../../../arm-none-eabi/lib/thumb/v8-m.main+fp/hard/libc_nano.a(lib_a-reent.o)
 .ARM.attributes
                0x0000000000000703       0x38 /Applications/ARM/bin/../lib/gcc/arm-none-eabi/9.3.1/../../../../arm-none-eabi/lib/thumb/v8-m.main+fp/hard/libc_nano.a(lib_a-lock.o)
 .ARM.attributes
                0x000000000000073b       0x38 /Applications/ARM/bin/../lib/gcc/arm-none-eabi/9.3.1/../../../../arm-none-eabi/lib/thumb/v8-m.main+fp/hard/libc_nano.a(lib_a-memchr-stub.o)
 .ARM.attributes
                0x0000000000000773       0x38 /Applications/ARM/bin/../lib/gcc/arm-none-eabi/9.3.1/../../../../arm-none-eabi/lib/thumb/v8-m.main+fp/hard/libc_nano.a(lib_a-memmove.o)
 .ARM.attributes
                0x00000000000007ab       0x38 /Applications/ARM/bin/../lib/gcc/arm-none-eabi/9.3.1/../../../../arm-none-eabi/lib/thumb/v8-m.main+fp/hard/libc_nano.a(lib_a-nano-reallocr.o)
 .ARM.attributes
                0x00000000000007e3       0x38 /Applications/ARM/bin/../lib/gcc/arm-none-eabi/9.3.1/../../../../arm-none-eabi/lib/thumb/v8-m.main+fp/hard/libc_nano.a(lib_a-nano-msizer.o)
 .ARM.attributes
                0x000000000000081b       0x22 /Applications/ARM/bin/../lib/gcc/arm-none-eabi/9.3.1/thumb/v8-m.main+fp/hard/crtn.o
 .ARM.attributes
                0x000000000000083d       0x38 /Applications/ARM/bin/../lib/gcc/arm-none-eabi/9.3.1/../../../../arm-none-eabi/lib/thumb/v8-m.main+fp/hard/libnosys.a(sbrk.o)
 .ARM.attributes
                0x0000000000000875       0x38 /Applications/ARM/bin/../lib/gcc/arm-none-eabi/9.3.1/../../../../arm-none-eabi/lib/thumb/v8-m.main+fp/hard/libnosys.a(_exit.o)

.comment        0x0000000000000000       0x4c
 .comment       0x0000000000000000       0x4c ./src/uart_prbs_tx.o
                                         0x4d (size before relaxing)
 .comment       0x000000000000004c       0x4d ../../../../lib/Eclipse/Debug/libIOsonata_nRF9160.a(uart.o)
 .comment       0x000000000000004c       0x4d ../../../../lib/Eclipse/Debug/libIOsonata_nRF9160.a(uart_nrfx.o)
 .comment       0x000000000000004c       0x4d ../../../../lib/Eclipse/Debug/libIOsonata_nRF9160.a(CppRuntimeOverload.o)
 .comment       0x000000000000004c       0x4d ../../../../lib/Eclipse/Debug/libIOsonata_nRF9160.a(ResetEntry.o)
 .comment       0x000000000000004c       0x4d ../../../../lib/Eclipse/Debug/libIOsonata_nRF9160.a(Vectors_nRF9160.o)
 .comment       0x000000000000004c       0x4d ../../../../lib/Eclipse/Debug/libIOsonata_nRF9160.a(cfifo.o)
 .comment       0x000000000000004c       0x4d ../../../../lib/Eclipse/Debug/libIOsonata_nRF9160.a(device_intrf.o)
 .comment       0x000000000000004c       0x4d ../../../../lib/Eclipse/Debug/libIOsonata_nRF9160.a(prbs.o)
 .comment       0x000000000000004c       0x4d ../../../../lib/Eclipse/Debug/libIOsonata_nRF9160.a(sbuffer.o)
 .comment       0x000000000000004c       0x4d ../../../../lib/Eclipse/Debug/libIOsonata_nRF9160.a(system_nrf9160.o)
 .comment       0x000000000000004c       0x4d ../../../../lib/Eclipse/Debug/libIOsonata_nRF9160.a(iopincfg_nrfx.o)
 .comment       0x000000000000004c       0x4d ../../../../lib/Eclipse/Debug/libIOsonata_nRF9160.a(shared_irq_nrf91.o)

.debug_info     0x0000000000000000    0x1304b
 .debug_info    0x0000000000000000     0x34f9 ./src/uart_prbs_tx.o
 .debug_info    0x00000000000034f9     0x10ca ../../../../lib/Eclipse/Debug/libIOsonata_nRF9160.a(uart.o)
 .debug_info    0x00000000000045c3     0x381e ../../../../lib/Eclipse/Debug/libIOsonata_nRF9160.a(uart_nrfx.o)
 .debug_info    0x0000000000007de1     0x10a5 ../../../../lib/Eclipse/Debug/libIOsonata_nRF9160.a(CppRuntimeOverload.o)
 .debug_info    0x0000000000008e86      0xa00 ../../../../lib/Eclipse/Debug/libIOsonata_nRF9160.a(ResetEntry.o)
 .debug_info    0x0000000000009886      0x10f ../../../../lib/Eclipse/Debug/libIOsonata_nRF9160.a(Vectors_nRF9160.o)
 .debug_info    0x0000000000009995      0xfcd ../../../../lib/Eclipse/Debug/libIOsonata_nRF9160.a(cfifo.o)
 .debug_info    0x000000000000a962     0x1eb8 ../../../../lib/Eclipse/Debug/libIOsonata_nRF9160.a(device_intrf.o)
 .debug_info    0x000000000000c81a       0xbd ../../../../lib/Eclipse/Debug/libIOsonata_nRF9160.a(prbs.o)
 .debug_info    0x000000000000c8d7       0x6b ../../../../lib/Eclipse/Debug/libIOsonata_nRF9160.a(sbuffer.o)
 .debug_info    0x000000000000c942     0x31e6 ../../../../lib/Eclipse/Debug/libIOsonata_nRF9160.a(system_nrf9160.o)
 .debug_info    0x000000000000fb28     0x17fe ../../../../lib/Eclipse/Debug/libIOsonata_nRF9160.a(iopincfg_nrfx.o)
 .debug_info    0x0000000000011326     0x1d25 ../../../../lib/Eclipse/Debug/libIOsonata_nRF9160.a(shared_irq_nrf91.o)

.debug_abbrev   0x0000000000000000     0x2c12
 .debug_abbrev  0x0000000000000000      0x85d ./src/uart_prbs_tx.o
 .debug_abbrev  0x000000000000085d      0x291 ../../../../lib/Eclipse/Debug/libIOsonata_nRF9160.a(uart.o)
 .debug_abbrev  0x0000000000000aee      0x7cf ../../../../lib/Eclipse/Debug/libIOsonata_nRF9160.a(uart_nrfx.o)
 .debug_abbrev  0x00000000000012bd      0x327 ../../../../lib/Eclipse/Debug/libIOsonata_nRF9160.a(CppRuntimeOverload.o)
 .debug_abbrev  0x00000000000015e4      0x1fb ../../../../lib/Eclipse/Debug/libIOsonata_nRF9160.a(ResetEntry.o)
 .debug_abbrev  0x00000000000017df       0xbf ../../../../lib/Eclipse/Debug/libIOsonata_nRF9160.a(Vectors_nRF9160.o)
 .debug_abbrev  0x000000000000189e      0x2ae ../../../../lib/Eclipse/Debug/libIOsonata_nRF9160.a(cfifo.o)
 .debug_abbrev  0x0000000000001b4c      0x56f ../../../../lib/Eclipse/Debug/libIOsonata_nRF9160.a(device_intrf.o)
 .debug_abbrev  0x00000000000020bb       0x7a ../../../../lib/Eclipse/Debug/libIOsonata_nRF9160.a(prbs.o)
 .debug_abbrev  0x0000000000002135       0x4e ../../../../lib/Eclipse/Debug/libIOsonata_nRF9160.a(sbuffer.o)
 .debug_abbrev  0x0000000000002183      0x261 ../../../../lib/Eclipse/Debug/libIOsonata_nRF9160.a(system_nrf9160.o)
 .debug_abbrev  0x00000000000023e4      0x3ab ../../../../lib/Eclipse/Debug/libIOsonata_nRF9160.a(iopincfg_nrfx.o)
 .debug_abbrev  0x000000000000278f      0x483 ../../../../lib/Eclipse/Debug/libIOsonata_nRF9160.a(shared_irq_nrf91.o)

.debug_aranges  0x0000000000000000     0x1120
 .debug_aranges
                0x0000000000000000      0x1d8 ./src/uart_prbs_tx.o
 .debug_aranges
                0x00000000000001d8       0x30 ../../../../lib/Eclipse/Debug/libIOsonata_nRF9160.a(uart.o)
 .debug_aranges
                0x0000000000000208       0xf8 ../../../../lib/Eclipse/Debug/libIOsonata_nRF9160.a(uart_nrfx.o)
 .debug_aranges
                0x0000000000000300       0x38 ../../../../lib/Eclipse/Debug/libIOsonata_nRF9160.a(CppRuntimeOverload.o)
 .debug_aranges
                0x0000000000000338       0x20 ../../../../lib/Eclipse/Debug/libIOsonata_nRF9160.a(ResetEntry.o)
 .debug_aranges
                0x0000000000000358       0x20 ../../../../lib/Eclipse/Debug/libIOsonata_nRF9160.a(Vectors_nRF9160.o)
 .debug_aranges
                0x0000000000000378       0x68 ../../../../lib/Eclipse/Debug/libIOsonata_nRF9160.a(cfifo.o)
 .debug_aranges
                0x00000000000003e0       0x80 ../../../../lib/Eclipse/Debug/libIOsonata_nRF9160.a(device_intrf.o)
 .debug_aranges
                0x0000000000000460       0x20 ../../../../lib/Eclipse/Debug/libIOsonata_nRF9160.a(prbs.o)
 .debug_aranges
                0x0000000000000480       0x18 ../../../../lib/Eclipse/Debug/libIOsonata_nRF9160.a(sbuffer.o)
 .debug_aranges
                0x0000000000000498      0xbb8 ../../../../lib/Eclipse/Debug/libIOsonata_nRF9160.a(system_nrf9160.o)
 .debug_aranges
                0x0000000000001050       0x88 ../../../../lib/Eclipse/Debug/libIOsonata_nRF9160.a(iopincfg_nrfx.o)
 .debug_aranges
                0x00000000000010d8       0x48 ../../../../lib/Eclipse/Debug/libIOsonata_nRF9160.a(shared_irq_nrf91.o)

.debug_ranges   0x0000000000000000     0x10c0
 .debug_ranges  0x0000000000000000      0x1c8 ./src/uart_prbs_tx.o
 .debug_ranges  0x00000000000001c8       0x20 ../../../../lib/Eclipse/Debug/libIOsonata_nRF9160.a(uart.o)
 .debug_ranges  0x00000000000001e8      0x118 ../../../../lib/Eclipse/Debug/libIOsonata_nRF9160.a(uart_nrfx.o)
 .debug_ranges  0x0000000000000300       0x28 ../../../../lib/Eclipse/Debug/libIOsonata_nRF9160.a(CppRuntimeOverload.o)
 .debug_ranges  0x0000000000000328       0x10 ../../../../lib/Eclipse/Debug/libIOsonata_nRF9160.a(ResetEntry.o)
 .debug_ranges  0x0000000000000338       0x10 ../../../../lib/Eclipse/Debug/libIOsonata_nRF9160.a(Vectors_nRF9160.o)
 .debug_ranges  0x0000000000000348       0x88 ../../../../lib/Eclipse/Debug/libIOsonata_nRF9160.a(cfifo.o)
 .debug_ranges  0x00000000000003d0       0x70 ../../../../lib/Eclipse/Debug/libIOsonata_nRF9160.a(device_intrf.o)
 .debug_ranges  0x0000000000000440       0x10 ../../../../lib/Eclipse/Debug/libIOsonata_nRF9160.a(prbs.o)
 .debug_ranges  0x0000000000000450      0xba8 ../../../../lib/Eclipse/Debug/libIOsonata_nRF9160.a(system_nrf9160.o)
 .debug_ranges  0x0000000000000ff8       0x90 ../../../../lib/Eclipse/Debug/libIOsonata_nRF9160.a(iopincfg_nrfx.o)
 .debug_ranges  0x0000000000001088       0x38 ../../../../lib/Eclipse/Debug/libIOsonata_nRF9160.a(shared_irq_nrf91.o)

.debug_macro    0x0000000000000000    0x14467
 .debug_macro   0x0000000000000000      0x2c4 ./src/uart_prbs_tx.o
 .debug_macro   0x00000000000002c4      0xb44 ./src/uart_prbs_tx.o
 .debug_macro   0x0000000000000e08       0x22 ./src/uart_prbs_tx.o
 .debug_macro   0x0000000000000e2a       0x5e ./src/uart_prbs_tx.o
 .debug_macro   0x0000000000000e88       0x18 ./src/uart_prbs_tx.o
 .debug_macro   0x0000000000000ea0       0x94 ./src/uart_prbs_tx.o
 .debug_macro   0x0000000000000f34       0x35 ./src/uart_prbs_tx.o
 .debug_macro   0x0000000000000f69       0x34 ./src/uart_prbs_tx.o
 .debug_macro   0x0000000000000f9d       0x16 ./src/uart_prbs_tx.o
 .debug_macro   0x0000000000000fb3       0x57 ./src/uart_prbs_tx.o
 .debug_macro   0x000000000000100a       0x97 ./src/uart_prbs_tx.o
 .debug_macro   0x00000000000010a1      0x35c ./src/uart_prbs_tx.o
 .debug_macro   0x00000000000013fd      0x104 ./src/uart_prbs_tx.o
 .debug_macro   0x0000000000001501       0x10 ./src/uart_prbs_tx.o
 .debug_macro   0x0000000000001511       0x16 ./src/uart_prbs_tx.o
 .debug_macro   0x0000000000001527       0x43 ./src/uart_prbs_tx.o
 .debug_macro   0x000000000000156a       0x34 ./src/uart_prbs_tx.o
 .debug_macro   0x000000000000159e       0x10 ./src/uart_prbs_tx.o
 .debug_macro   0x00000000000015ae       0x58 ./src/uart_prbs_tx.o
 .debug_macro   0x0000000000001606      0x182 ./src/uart_prbs_tx.o
 .debug_macro   0x0000000000001788       0x10 ./src/uart_prbs_tx.o
 .debug_macro   0x0000000000001798       0x6a ./src/uart_prbs_tx.o
 .debug_macro   0x0000000000001802       0x1c ./src/uart_prbs_tx.o
 .debug_macro   0x000000000000181e       0x52 ./src/uart_prbs_tx.o
 .debug_macro   0x0000000000001870       0x22 ./src/uart_prbs_tx.o
 .debug_macro   0x0000000000001892       0x10 ./src/uart_prbs_tx.o
 .debug_macro   0x00000000000018a2       0x40 ./src/uart_prbs_tx.o
 .debug_macro   0x00000000000018e2       0xd5 ./src/uart_prbs_tx.o
 .debug_macro   0x00000000000019b7       0x1c ./src/uart_prbs_tx.o
 .debug_macro   0x00000000000019d3       0x3d ./src/uart_prbs_tx.o
 .debug_macro   0x0000000000001a10       0x16 ./src/uart_prbs_tx.o
 .debug_macro   0x0000000000001a26      0x137 ./src/uart_prbs_tx.o
 .debug_macro   0x0000000000001b5d       0x1c ./src/uart_prbs_tx.o
 .debug_macro   0x0000000000001b79      0x103 ./src/uart_prbs_tx.o
 .debug_macro   0x0000000000001c7c      0x1df ./src/uart_prbs_tx.o
 .debug_macro   0x0000000000001e5b       0x16 ./src/uart_prbs_tx.o
 .debug_macro   0x0000000000001e71       0x16 ./src/uart_prbs_tx.o
 .debug_macro   0x0000000000001e87       0x35 ./src/uart_prbs_tx.o
 .debug_macro   0x0000000000001ebc       0x4c ./src/uart_prbs_tx.o
 .debug_macro   0x0000000000001f08      0x17d ./src/uart_prbs_tx.o
 .debug_macro   0x0000000000002085       0x10 ./src/uart_prbs_tx.o
 .debug_macro   0x0000000000002095      0x41e ./src/uart_prbs_tx.o
 .debug_macro   0x00000000000024b3       0x46 ./src/uart_prbs_tx.o
 .debug_macro   0x00000000000024f9       0x18 ./src/uart_prbs_tx.o
 .debug_macro   0x0000000000002511       0x28 ./src/uart_prbs_tx.o
 .debug_macro   0x0000000000002539       0x2d ./src/uart_prbs_tx.o
 .debug_macro   0x0000000000002566       0x12 ./src/uart_prbs_tx.o
 .debug_macro   0x0000000000002578       0x16 ./src/uart_prbs_tx.o
 .debug_macro   0x000000000000258e       0x7c ./src/uart_prbs_tx.o
 .debug_macro   0x000000000000260a      0x526 ./src/uart_prbs_tx.o
 .debug_macro   0x0000000000002b30       0x5e ./src/uart_prbs_tx.o
 .debug_macro   0x0000000000002b8e      0x229 ../../../../lib/Eclipse/Debug/libIOsonata_nRF9160.a(uart.o)
 .debug_macro   0x0000000000002db7      0xaae ../../../../lib/Eclipse/Debug/libIOsonata_nRF9160.a(uart.o)
 .debug_macro   0x0000000000003865       0x34 ../../../../lib/Eclipse/Debug/libIOsonata_nRF9160.a(uart.o)
 .debug_macro   0x0000000000003899      0x174 ../../../../lib/Eclipse/Debug/libIOsonata_nRF9160.a(uart.o)
 .debug_macro   0x0000000000003a0d       0x43 ../../../../lib/Eclipse/Debug/libIOsonata_nRF9160.a(uart.o)
 .debug_macro   0x0000000000003a50      0x339 ../../../../lib/Eclipse/Debug/libIOsonata_nRF9160.a(uart.o)
 .debug_macro   0x0000000000003d89       0x10 ../../../../lib/Eclipse/Debug/libIOsonata_nRF9160.a(uart.o)
 .debug_macro   0x0000000000003d99       0x35 ../../../../lib/Eclipse/Debug/libIOsonata_nRF9160.a(uart.o)
 .debug_macro   0x0000000000003dce       0x1c ../../../../lib/Eclipse/Debug/libIOsonata_nRF9160.a(uart.o)
 .debug_macro   0x0000000000003dea      0x16f ../../../../lib/Eclipse/Debug/libIOsonata_nRF9160.a(uart.o)
 .debug_macro   0x0000000000003f59       0x22 ../../../../lib/Eclipse/Debug/libIOsonata_nRF9160.a(uart.o)
 .debug_macro   0x0000000000003f7b       0x22 ../../../../lib/Eclipse/Debug/libIOsonata_nRF9160.a(uart.o)
 .debug_macro   0x0000000000003f9d      0x118 ../../../../lib/Eclipse/Debug/libIOsonata_nRF9160.a(uart.o)
 .debug_macro   0x00000000000040b5      0x36a ../../../../lib/Eclipse/Debug/libIOsonata_nRF9160.a(uart_nrfx.o)
 .debug_macro   0x000000000000441f      0xb56 ../../../../lib/Eclipse/Debug/libIOsonata_nRF9160.a(uart_nrfx.o)
 .debug_macro   0x0000000000004f75      0x17b ../../../../lib/Eclipse/Debug/libIOsonata_nRF9160.a(uart_nrfx.o)
 .debug_macro   0x00000000000050f0       0x22 ../../../../lib/Eclipse/Debug/libIOsonata_nRF9160.a(uart_nrfx.o)
 .debug_macro   0x0000000000005112       0x46 ../../../../lib/Eclipse/Debug/libIOsonata_nRF9160.a(uart_nrfx.o)
 .debug_macro   0x0000000000005158       0x1c ../../../../lib/Eclipse/Debug/libIOsonata_nRF9160.a(uart_nrfx.o)
 .debug_macro   0x0000000000005174       0x29 ../../../../lib/Eclipse/Debug/libIOsonata_nRF9160.a(uart_nrfx.o)
 .debug_macro   0x000000000000519d       0xf4 ../../../../lib/Eclipse/Debug/libIOsonata_nRF9160.a(uart_nrfx.o)
 .debug_macro   0x0000000000005291     0x167e ../../../../lib/Eclipse/Debug/libIOsonata_nRF9160.a(uart_nrfx.o)
 .debug_macro   0x000000000000690f       0x5e ../../../../lib/Eclipse/Debug/libIOsonata_nRF9160.a(uart_nrfx.o)
 .debug_macro   0x000000000000696d      0x5de ../../../../lib/Eclipse/Debug/libIOsonata_nRF9160.a(uart_nrfx.o)
 .debug_macro   0x0000000000006f4b     0xa6ee ../../../../lib/Eclipse/Debug/libIOsonata_nRF9160.a(uart_nrfx.o)
 .debug_macro   0x0000000000011639       0x2e ../../../../lib/Eclipse/Debug/libIOsonata_nRF9160.a(uart_nrfx.o)
 .debug_macro   0x0000000000011667       0x40 ../../../../lib/Eclipse/Debug/libIOsonata_nRF9160.a(uart_nrfx.o)
 .debug_macro   0x00000000000116a7      0x2d5 ../../../../lib/Eclipse/Debug/libIOsonata_nRF9160.a(uart_nrfx.o)
 .debug_macro   0x000000000001197c       0x28 ../../../../lib/Eclipse/Debug/libIOsonata_nRF9160.a(uart_nrfx.o)
 .debug_macro   0x00000000000119a4      0x169 ../../../../lib/Eclipse/Debug/libIOsonata_nRF9160.a(CppRuntimeOverload.o)
 .debug_macro   0x0000000000011b0d       0x10 ../../../../lib/Eclipse/Debug/libIOsonata_nRF9160.a(CppRuntimeOverload.o)
 .debug_macro   0x0000000000011b1d       0x16 ../../../../lib/Eclipse/Debug/libIOsonata_nRF9160.a(CppRuntimeOverload.o)
 .debug_macro   0x0000000000011b33      0x10e ../../../../lib/Eclipse/Debug/libIOsonata_nRF9160.a(CppRuntimeOverload.o)
 .debug_macro   0x0000000000011c41       0x94 ../../../../lib/Eclipse/Debug/libIOsonata_nRF9160.a(CppRuntimeOverload.o)
 .debug_macro   0x0000000000011cd5       0x16 ../../../../lib/Eclipse/Debug/libIOsonata_nRF9160.a(CppRuntimeOverload.o)
 .debug_macro   0x0000000000011ceb       0x29 ../../../../lib/Eclipse/Debug/libIOsonata_nRF9160.a(CppRuntimeOverload.o)
 .debug_macro   0x0000000000011d14       0x1c ../../../../lib/Eclipse/Debug/libIOsonata_nRF9160.a(CppRuntimeOverload.o)
 .debug_macro   0x0000000000011d30       0xde ../../../../lib/Eclipse/Debug/libIOsonata_nRF9160.a(CppRuntimeOverload.o)
 .debug_macro   0x0000000000011e0e      0x1e3 ../../../../lib/Eclipse/Debug/libIOsonata_nRF9160.a(ResetEntry.o)
 .debug_macro   0x0000000000011ff1       0x8e ../../../../lib/Eclipse/Debug/libIOsonata_nRF9160.a(ResetEntry.o)
 .debug_macro   0x000000000001207f       0x51 ../../../../lib/Eclipse/Debug/libIOsonata_nRF9160.a(ResetEntry.o)
 .debug_macro   0x00000000000120d0       0x64 ../../../../lib/Eclipse/Debug/libIOsonata_nRF9160.a(ResetEntry.o)
 .debug_macro   0x0000000000012134       0xe7 ../../../../lib/Eclipse/Debug/libIOsonata_nRF9160.a(Vectors_nRF9160.o)
 .debug_macro   0x000000000001221b       0xfa ../../../../lib/Eclipse/Debug/libIOsonata_nRF9160.a(Vectors_nRF9160.o)
 .debug_macro   0x0000000000012315     0x167e ../../../../lib/Eclipse/Debug/libIOsonata_nRF9160.a(Vectors_nRF9160.o)
 .debug_macro   0x0000000000013993      0x143 ../../../../lib/Eclipse/Debug/libIOsonata_nRF9160.a(cfifo.o)
 .debug_macro   0x0000000000013ad6       0x10 ../../../../lib/Eclipse/Debug/libIOsonata_nRF9160.a(cfifo.o)
 .debug_macro   0x0000000000013ae6      0x191 ../../../../lib/Eclipse/Debug/libIOsonata_nRF9160.a(device_intrf.o)
 .debug_macro   0x0000000000013c77       0x6d ../../../../lib/Eclipse/Debug/libIOsonata_nRF9160.a(prbs.o)
 .debug_macro   0x0000000000013ce4       0x11 ../../../../lib/Eclipse/Debug/libIOsonata_nRF9160.a(sbuffer.o)
 .debug_macro   0x0000000000013cf5      0x150 ../../../../lib/Eclipse/Debug/libIOsonata_nRF9160.a(system_nrf9160.o)
 .debug_macro   0x0000000000013e45      0x269 ../../../../lib/Eclipse/Debug/libIOsonata_nRF9160.a(iopincfg_nrfx.o)
 .debug_macro   0x00000000000140ae       0x97 ../../../../lib/Eclipse/Debug/libIOsonata_nRF9160.a(iopincfg_nrfx.o)
 .debug_macro   0x0000000000014145       0xfd ../../../../lib/Eclipse/Debug/libIOsonata_nRF9160.a(iopincfg_nrfx.o)
 .debug_macro   0x0000000000014242      0x225 ../../../../lib/Eclipse/Debug/libIOsonata_nRF9160.a(shared_irq_nrf91.o)

.debug_line     0x0000000000000000     0x78a0
 .debug_line    0x0000000000000000      0xbd9 ./src/uart_prbs_tx.o
 .debug_line    0x0000000000000bd9      0x3d7 ../../../../lib/Eclipse/Debug/libIOsonata_nRF9160.a(uart.o)
 .debug_line    0x0000000000000fb0     0x124e ../../../../lib/Eclipse/Debug/libIOsonata_nRF9160.a(uart_nrfx.o)
 .debug_line    0x00000000000021fe      0x395 ../../../../lib/Eclipse/Debug/libIOsonata_nRF9160.a(CppRuntimeOverload.o)
 .debug_line    0x0000000000002593      0x303 ../../../../lib/Eclipse/Debug/libIOsonata_nRF9160.a(ResetEntry.o)
 .debug_line    0x0000000000002896      0x2cf ../../../../lib/Eclipse/Debug/libIOsonata_nRF9160.a(Vectors_nRF9160.o)
 .debug_line    0x0000000000002b65      0x630 ../../../../lib/Eclipse/Debug/libIOsonata_nRF9160.a(cfifo.o)
 .debug_line    0x0000000000003195      0x6c8 ../../../../lib/Eclipse/Debug/libIOsonata_nRF9160.a(device_intrf.o)
 .debug_line    0x000000000000385d      0x1b3 ../../../../lib/Eclipse/Debug/libIOsonata_nRF9160.a(prbs.o)
 .debug_line    0x0000000000003a10       0x49 ../../../../lib/Eclipse/Debug/libIOsonata_nRF9160.a(sbuffer.o)
 .debug_line    0x0000000000003a59     0x2fac ../../../../lib/Eclipse/Debug/libIOsonata_nRF9160.a(system_nrf9160.o)
 .debug_line    0x0000000000006a05      0x895 ../../../../lib/Eclipse/Debug/libIOsonata_nRF9160.a(iopincfg_nrfx.o)
 .debug_line    0x000000000000729a      0x606 ../../../../lib/Eclipse/Debug/libIOsonata_nRF9160.a(shared_irq_nrf91.o)

.debug_str      0x0000000000000000    0x5cea7
 .debug_str     0x0000000000000000     0xd885 ./src/uart_prbs_tx.o
                                       0xdd5c (size before relaxing)
 .debug_str     0x000000000000d885     0x120c ../../../../lib/Eclipse/Debug/libIOsonata_nRF9160.a(uart.o)
                                       0x95d2 (size before relaxing)
 .debug_str     0x000000000000ea91    0x4bc8d ../../../../lib/Eclipse/Debug/libIOsonata_nRF9160.a(uart_nrfx.o)
                                      0x5748b (size before relaxing)
 .debug_str     0x000000000005a71e      0x32c ../../../../lib/Eclipse/Debug/libIOsonata_nRF9160.a(CppRuntimeOverload.o)
                                       0x7f7d (size before relaxing)
 .debug_str     0x000000000005aa4a       0xc2 ../../../../lib/Eclipse/Debug/libIOsonata_nRF9160.a(ResetEntry.o)
                                       0x7ccc (size before relaxing)
 .debug_str     0x000000000005ab0c       0x85 ../../../../lib/Eclipse/Debug/libIOsonata_nRF9160.a(Vectors_nRF9160.o)
                                      0x4e5a5 (size before relaxing)
 .debug_str     0x000000000005ab91       0xee ../../../../lib/Eclipse/Debug/libIOsonata_nRF9160.a(cfifo.o)
                                       0x7de4 (size before relaxing)
 .debug_str     0x000000000005ac7f       0x87 ../../../../lib/Eclipse/Debug/libIOsonata_nRF9160.a(device_intrf.o)
                                       0xa1fd (size before relaxing)
 .debug_str     0x000000000005ad06       0x3a ../../../../lib/Eclipse/Debug/libIOsonata_nRF9160.a(prbs.o)
                                       0x3d58 (size before relaxing)
 .debug_str     0x000000000005ad40       0x29 ../../../../lib/Eclipse/Debug/libIOsonata_nRF9160.a(sbuffer.o)
                                       0x2e39 (size before relaxing)
 .debug_str     0x000000000005ad69     0x1cfb ../../../../lib/Eclipse/Debug/libIOsonata_nRF9160.a(system_nrf9160.o)
                                      0x5041f (size before relaxing)
 .debug_str     0x000000000005ca64      0x30f ../../../../lib/Eclipse/Debug/libIOsonata_nRF9160.a(iopincfg_nrfx.o)
                                      0x53525 (size before relaxing)
 .debug_str     0x000000000005cd73      0x134 ../../../../lib/Eclipse/Debug/libIOsonata_nRF9160.a(shared_irq_nrf91.o)
                                      0x54b46 (size before relaxing)

.debug_frame    0x0000000000000000     0x4908
 .debug_frame   0x0000000000000000      0x820 ./src/uart_prbs_tx.o
 .debug_frame   0x0000000000000820       0x90 ../../../../lib/Eclipse/Debug/libIOsonata_nRF9160.a(uart.o)
 .debug_frame   0x00000000000008b0      0x45c ../../../../lib/Eclipse/Debug/libIOsonata_nRF9160.a(uart_nrfx.o)
 .debug_frame   0x0000000000000d0c       0x94 ../../../../lib/Eclipse/Debug/libIOsonata_nRF9160.a(CppRuntimeOverload.o)
 .debug_frame   0x0000000000000da0       0x2c ../../../../lib/Eclipse/Debug/libIOsonata_nRF9160.a(ResetEntry.o)
 .debug_frame   0x0000000000000dcc       0x28 ../../../../lib/Eclipse/Debug/libIOsonata_nRF9160.a(Vectors_nRF9160.o)
 .debug_frame   0x0000000000000df4      0x190 ../../../../lib/Eclipse/Debug/libIOsonata_nRF9160.a(cfifo.o)
 .debug_frame   0x0000000000000f84      0x1f0 ../../../../lib/Eclipse/Debug/libIOsonata_nRF9160.a(device_intrf.o)
 .debug_frame   0x0000000000001174       0x38 ../../../../lib/Eclipse/Debug/libIOsonata_nRF9160.a(prbs.o)
 .debug_frame   0x00000000000011ac     0x2f54 ../../../../lib/Eclipse/Debug/libIOsonata_nRF9160.a(system_nrf9160.o)
 .debug_frame   0x0000000000004100      0x22c ../../../../lib/Eclipse/Debug/libIOsonata_nRF9160.a(iopincfg_nrfx.o)
 .debug_frame   0x000000000000432c       0xd0 ../../../../lib/Eclipse/Debug/libIOsonata_nRF9160.a(shared_irq_nrf91.o)
 .debug_frame   0x00000000000043fc       0x20 /Applications/ARM/bin/../lib/gcc/arm-none-eabi/9.3.1/../../../../arm-none-eabi/lib/thumb/v8-m.main+fp/hard/libstdc++_nano.a(atexit_arm.o)
 .debug_frame   0x000000000000441c       0x28 /Applications/ARM/bin/../lib/gcc/arm-none-eabi/9.3.1/../../../../arm-none-eabi/lib/thumb/v8-m.main+fp/hard/libc_nano.a(lib_a-cxa_atexit.o)
 .debug_frame   0x0000000000004444       0x28 /Applications/ARM/bin/../lib/gcc/arm-none-eabi/9.3.1/../../../../arm-none-eabi/lib/thumb/v8-m.main+fp/hard/libc_nano.a(lib_a-exit.o)
 .debug_frame   0x000000000000446c       0x2c /Applications/ARM/bin/../lib/gcc/arm-none-eabi/9.3.1/../../../../arm-none-eabi/lib/thumb/v8-m.main+fp/hard/libc_nano.a(lib_a-init.o)
 .debug_frame   0x0000000000004498       0x30 /Applications/ARM/bin/../lib/gcc/arm-none-eabi/9.3.1/../../../../arm-none-eabi/lib/thumb/v8-m.main+fp/hard/libc_nano.a(lib_a-malloc.o)
 .debug_frame   0x00000000000044c8       0x28 /Applications/ARM/bin/../lib/gcc/arm-none-eabi/9.3.1/../../../../arm-none-eabi/lib/thumb/v8-m.main+fp/hard/libc_nano.a(lib_a-memcpy-stub.o)
 .debug_frame   0x00000000000044f0       0x20 /Applications/ARM/bin/../lib/gcc/arm-none-eabi/9.3.1/../../../../arm-none-eabi/lib/thumb/v8-m.main+fp/hard/libc_nano.a(lib_a-memset.o)
 .debug_frame   0x0000000000004510       0x38 /Applications/ARM/bin/../lib/gcc/arm-none-eabi/9.3.1/../../../../arm-none-eabi/lib/thumb/v8-m.main+fp/hard/libc_nano.a(lib_a-nano-freer.o)
 .debug_frame   0x0000000000004548       0x30 /Applications/ARM/bin/../lib/gcc/arm-none-eabi/9.3.1/../../../../arm-none-eabi/lib/thumb/v8-m.main+fp/hard/libc_nano.a(lib_a-nano-mallocr.o)
 .debug_frame   0x0000000000004578       0x2c /Applications/ARM/bin/../lib/gcc/arm-none-eabi/9.3.1/../../../../arm-none-eabi/lib/thumb/v8-m.main+fp/hard/libc_nano.a(lib_a-sbrkr.o)
 .debug_frame   0x00000000000045a4       0x4c /Applications/ARM/bin/../lib/gcc/arm-none-eabi/9.3.1/../../../../arm-none-eabi/lib/thumb/v8-m.main+fp/hard/libc_nano.a(lib_a-vsnprintf.o)
 .debug_frame   0x00000000000045f0       0x30 /Applications/ARM/bin/../lib/gcc/arm-none-eabi/9.3.1/../../../../arm-none-eabi/lib/thumb/v8-m.main+fp/hard/libc_nano.a(lib_a-mlock.o)
 .debug_frame   0x0000000000004620       0x90 /Applications/ARM/bin/../lib/gcc/arm-none-eabi/9.3.1/../../../../arm-none-eabi/lib/thumb/v8-m.main+fp/hard/libc_nano.a(lib_a-nano-svfprintf.o)
 .debug_frame   0x00000000000046b0       0x60 /Applications/ARM/bin/../lib/gcc/arm-none-eabi/9.3.1/../../../../arm-none-eabi/lib/thumb/v8-m.main+fp/hard/libc_nano.a(lib_a-nano-vfprintf_i.o)
 .debug_frame   0x0000000000004710       0x5c /Applications/ARM/bin/../lib/gcc/arm-none-eabi/9.3.1/../../../../arm-none-eabi/lib/thumb/v8-m.main+fp/hard/libc_nano.a(lib_a-reent.o)
 .debug_frame   0x000000000000476c       0xb0 /Applications/ARM/bin/../lib/gcc/arm-none-eabi/9.3.1/../../../../arm-none-eabi/lib/thumb/v8-m.main+fp/hard/libc_nano.a(lib_a-lock.o)
 .debug_frame   0x000000000000481c       0x28 /Applications/ARM/bin/../lib/gcc/arm-none-eabi/9.3.1/../../../../arm-none-eabi/lib/thumb/v8-m.main+fp/hard/libc_nano.a(lib_a-memchr-stub.o)
 .debug_frame   0x0000000000004844       0x28 /Applications/ARM/bin/../lib/gcc/arm-none-eabi/9.3.1/../../../../arm-none-eabi/lib/thumb/v8-m.main+fp/hard/libc_nano.a(lib_a-memmove.o)
 .debug_frame   0x000000000000486c       0x3c /Applications/ARM/bin/../lib/gcc/arm-none-eabi/9.3.1/../../../../arm-none-eabi/lib/thumb/v8-m.main+fp/hard/libc_nano.a(lib_a-nano-reallocr.o)
 .debug_frame   0x00000000000048a8       0x20 /Applications/ARM/bin/../lib/gcc/arm-none-eabi/9.3.1/../../../../arm-none-eabi/lib/thumb/v8-m.main+fp/hard/libc_nano.a(lib_a-nano-msizer.o)
 .debug_frame   0x00000000000048c8       0x20 /Applications/ARM/bin/../lib/gcc/arm-none-eabi/9.3.1/../../../../arm-none-eabi/lib/thumb/v8-m.main+fp/hard/libnosys.a(sbrk.o)
 .debug_frame   0x00000000000048e8       0x20 /Applications/ARM/bin/../lib/gcc/arm-none-eabi/9.3.1/../../../../arm-none-eabi/lib/thumb/v8-m.main+fp/hard/libnosys.a(_exit.o)
