Archive member included to satisfy reference by file (symbol)

/usr/local/opt/gcc-arm-none-eabi/bin/../lib/gcc/arm-none-eabi/13.3.1/../../../../arm-none-eabi/lib/thumb/v7e-m+fp/hard/librdimon_nano.a(arm_librdimon_a-syscalls.o)
                              /usr/local/opt/gcc-arm-none-eabi/bin/../lib/gcc/arm-none-eabi/13.3.1/../../../../arm-none-eabi/lib/thumb/v7e-m+fp/hard/rdimon-crt0.o (__heap_limit)
../../../../lib/Eclipse/Debug/libIOsonata_nRF52840.a(./src/nRF5_SDK/libraries/util/app_error.o)
                              ./src/main.o (app_error_handler_bare)
../../../../lib/Eclipse/Debug/libIOsonata_nRF52840.a(./src/nRF5_SDK/libraries/util/app_error_weak.o)
                              ../../../../lib/Eclipse/Debug/libIOsonata_nRF52840.a(./src/nRF5_SDK/libraries/util/app_error.o) (app_error_fault_handler)
../../../../lib/Eclipse/Debug/libIOsonata_nRF52840.a(./src/nRF5_SDK/libraries/timer/app_timer.o)
                              ./src/main.o (app_timer_init)
../../../../lib/Eclipse/Debug/libIOsonata_nRF52840.a(./src/ResetEntry.o)
                              (ResetEntry)
../../../../lib/Eclipse/Debug/libIOsonata_nRF52840.a(./src/Vectors_nRF52840.o)
                              ../../../../lib/Eclipse/Debug/libIOsonata_nRF52840.a(./src/ResetEntry.o) (__Vectors)
../../../../lib/Eclipse/Debug/libIOsonata_nRF52840.a(./src/system_nrf52.o)
                              ../../../../lib/Eclipse/Debug/libIOsonata_nRF52840.a(./src/ResetEntry.o) (SystemCoreClock)
../../../../lib/Eclipse/Debug/libIOsonata_nRF52840.a(./src/nRF5_SDK/libraries/util/app_util_platform.o)
                              ../../../../lib/Eclipse/Debug/libIOsonata_nRF52840.a(./src/nRF5_SDK/libraries/timer/app_timer.o) (app_util_critical_region_enter)
../../../../../../../../../external/nrf5_sdk_thread_zigbee/external/zboss/lib/gcc/libzboss.a(af_descriptor.o)
                              ./src/main.o (zb_af_register_device_ctx)
../../../../../../../../../external/nrf5_sdk_thread_zigbee/external/zboss/lib/gcc/libzboss.a(aps_aib.o)
                              ./src/zboss/src/zcl/zcl_common.o (zb_aib_tcpol_get_is_distributed_security)
../../../../../../../../../external/nrf5_sdk_thread_zigbee/external/zboss/lib/gcc/libzboss.a(aps_bind.o)
                              ./src/zboss/src/zcl/zcl_groups.o (zb_apsme_get_group_membership_request)
../../../../../../../../../external/nrf5_sdk_thread_zigbee/external/zboss/lib/gcc/libzboss.a(aps_binding_whitelist.o)
                              ../../../../../../../../../external/nrf5_sdk_thread_zigbee/external/zboss/lib/gcc/libzboss.a(aps_bind.o) (zb_check_binding_table_whitelist)
../../../../../../../../../external/nrf5_sdk_thread_zigbee/external/zboss/lib/gcc/libzboss.a(aps_group_table.o)
                              ../../../../../../../../../external/nrf5_sdk_thread_zigbee/external/zboss/lib/gcc/libzboss.a(aps_bind.o) (zb_aps_group_table_add)
../../../../../../../../../external/nrf5_sdk_thread_zigbee/external/zboss/lib/gcc/libzboss.a(aps_main.o)
                              ./src/zboss/src/zcl/zcl_common.o (zb_apsde_data_request)
../../../../../../../../../external/nrf5_sdk_thread_zigbee/external/zboss/lib/gcc/libzboss.a(aps_secur.o)
                              ../../../../../../../../../external/nrf5_sdk_thread_zigbee/external/zboss/lib/gcc/libzboss.a(aps_main.o) (zb_secur_aps_aux_hdr_fill)
../../../../../../../../../external/nrf5_sdk_thread_zigbee/external/zboss/lib/gcc/libzboss.a(apsme_secur.o)
                              ../../../../../../../../../external/nrf5_sdk_thread_zigbee/external/zboss/lib/gcc/libzboss.a(aps_main.o) (zb_aps_secur_init)
../../../../../../../../../external/nrf5_sdk_thread_zigbee/external/zboss/lib/gcc/libzboss.a(bdb_secur.o)
                              ../../../../../../../../../external/nrf5_sdk_thread_zigbee/external/zboss/lib/gcc/libzboss.a(apsme_secur.o) (bdb_update_tclk_failed)
../../../../../../../../../external/nrf5_sdk_thread_zigbee/external/zboss/lib/gcc/libzboss.a(ncp_weak.o)
                              ./src/zboss/src/zcl/zcl_common.o (ncp_catch_zcl_packet)
../../../../../../../../../external/nrf5_sdk_thread_zigbee/external/zboss/lib/gcc/libzboss.a(nwk_address_conflict.o)
                              ../../../../../../../../../external/nrf5_sdk_thread_zigbee/external/zboss/lib/gcc/libzboss.a(apsme_secur.o) (zb_nwk_is_conflict_addr)
../../../../../../../../../external/nrf5_sdk_thread_zigbee/external/zboss/lib/gcc/libzboss.a(nwk_broadcasting.o)
                              ../../../../../../../../../external/nrf5_sdk_thread_zigbee/external/zboss/lib/gcc/libzboss.a(nwk_address_conflict.o) (zb_nwk_broadcasting_clear)
../../../../../../../../../external/nrf5_sdk_thread_zigbee/external/zboss/lib/gcc/libzboss.a(nwk_cr_mesh_routing.o)
                              ../../../../../../../../../external/nrf5_sdk_thread_zigbee/external/zboss/lib/gcc/libzboss.a(aps_main.o) (zb_nwk_reset_route_expire)
[...]
Memory Configuration

Name             Origin             Length             Attributes
FLASH            0x00000000         0x00100000         xr
RAM              0x20000000         0x0000a000         xrw
*default*        0x00000000         0xffffffff

Linker script and memory map

                0x00000000                        __CheckSum = 0x0
                0x2000a000                        __StackTop = (ORIGIN (RAM) + LENGTH (RAM))

.ivector        0x00000000      0x190
                0x00000000                        __text_start__ = .
                0x00000000                        __isr_vector = .
 *(.vectors*)
 .vectors       0x00000000      0x190 ../../../../lib/Eclipse/Debug/libIOsonata_nRF52840.a(./src/Vectors_nRF52840.o)
                0x00000000                __Vectors

.Version        0x00000190        0x4
 *(.Version)
                0x00000190        0x4 LONG 0x0 __CheckSum
 FILL mask 0xff

.AppStart       0x00000194       0x74
 *(.AppStart)
 .AppStart      0x00000194       0x74 ../../../../lib/Eclipse/Debug/libIOsonata_nRF52840.a(./src/ResetEntry.o)
                0x00000194                ResetEntry

.text           0x00000208    0x2ca08
 *(.init)
 .init          0x00000208        0x4 /usr/local/opt/gcc-arm-none-eabi/bin/../lib/gcc/arm-none-eabi/13.3.1/thumb/v7e-m+fp/hard/crti.o
                0x00000208                _init
 .init          0x0000020c        0x8 /usr/local/opt/gcc-arm-none-eabi/bin/../lib/gcc/arm-none-eabi/13.3.1/thumb/v7e-m+fp/hard/crtn.o
 *(.fini)
 .fini          0x00000214        0x4 /usr/local/opt/gcc-arm-none-eabi/bin/../lib/gcc/arm-none-eabi/13.3.1/thumb/v7e-m+fp/hard/crti.o
                0x00000214                _fini
 .fini          0x00000218        0x8 /usr/local/opt/gcc-arm-none-eabi/bin/../lib/gcc/arm-none-eabi/13.3.1/thumb/v7e-m+fp/hard/crtn.o
 *crtbegin.o(.ctors)
 *crtbegin?.o(.ctors)
 *(EXCLUDE_FILE(*crtend.o *crtend?.o) .ctors)
 *(SORT_BY_NAME(.ctors.*))
 *crtend.o(.ctors)
 *crtbegin.o(.dtors)
 *crtbegin?.o(.dtors)
 *(EXCLUDE_FILE(*crtend.o *crtend?.o) .dtors)
 *(SORT_BY_NAME(.dtors.*))
 *crtend.o(.dtors)
 *(.text*)
 .text.deregister_tm_clones
                0x00000220       0x1c /usr/local/opt/gcc-arm-none-eabi/bin/../lib/gcc/arm-none-eabi/13.3.1/thumb/v7e-m+fp/hard/crtbegin.o
 .text.register_tm_clones
                0x0000023c       0x24 /usr/local/opt/gcc-arm-none-eabi/bin/../lib/gcc/arm-none-eabi/13.3.1/thumb/v7e-m+fp/hard/crtbegin.o
 .text.__do_global_dtors_aux
                0x00000260       0x28 /usr/local/opt/gcc-arm-none-eabi/bin/../lib/gcc/arm-none-eabi/13.3.1/thumb/v7e-m+fp/hard/crtbegin.o
 .text.frame_dummy
                0x00000288       0x24 /usr/local/opt/gcc-arm-none-eabi/bin/../lib/gcc/arm-none-eabi/13.3.1/thumb/v7e-m+fp/hard/crtbegin.o
 .text          0x000002ac       0xf8 /usr/local/opt/gcc-arm-none-eabi/bin/../lib/gcc/arm-none-eabi/13.3.1/../../../../arm-none-eabi/lib/thumb/v7e-m+fp/hard/rdimon-crt0.o
                0x000002ac                _stack_init
                0x000002b8                _mainCRTStartup
                0x000002b8                _start
 .text.findslot
                0x000003a4       0x34 /usr/local/opt/gcc-arm-none-eabi/bin/../lib/gcc/arm-none-eabi/13.3.1/../../../../arm-none-eabi/lib/thumb/v7e-m+fp/hard/librdimon_nano.a(arm_librdimon_a-syscalls.o)
 .text.error    0x000003d8       0x1c /usr/local/opt/gcc-arm-none-eabi/bin/../lib/gcc/arm-none-eabi/13.3.1/../../../../arm-none-eabi/lib/thumb/v7e-m+fp/hard/librdimon_nano.a(arm_librdimon_a-syscalls.o)
 .text.checkerror
                0x000003f4        0xa /usr/local/opt/gcc-arm-none-eabi/bin/../lib/gcc/arm-none-eabi/13.3.1/../../../../arm-none-eabi/lib/thumb/v7e-m+fp/hard/librdimon_nano.a(arm_librdimon_a-syscalls.o)
 .text._swiread
                0x000003fe       0x20 /usr/local/opt/gcc-arm-none-eabi/bin/../lib/gcc/arm-none-eabi/13.3.1/../../../../arm-none-eabi/lib/thumb/v7e-m+fp/hard/librdimon_nano.a(arm_librdimon_a-syscalls.o)
                0x000003fe                _swiread
 .text._read    0x0000041e       0x34 /usr/local/opt/gcc-arm-none-eabi/bin/../lib/gcc/arm-none-eabi/13.3.1/../../../../arm-none-eabi/lib/thumb/v7e-m+fp/hard/librdimon_nano.a(arm_librdimon_a-syscalls.o)
                0x0000041e                _read
 .text._swilseek
                0x00000452       0x78 /usr/local/opt/gcc-arm-none-eabi/bin/../lib/gcc/arm-none-eabi/13.3.1/../../../../arm-none-eabi/lib/thumb/v7e-m+fp/hard/librdimon_nano.a(arm_librdimon_a-syscalls.o)
                0x00000452                _swilseek
 .text._lseek   0x000004ca        0x4 /usr/local/opt/gcc-arm-none-eabi/bin/../lib/gcc/arm-none-eabi/13.3.1/../../../../arm-none-eabi/lib/thumb/v7e-m+fp/hard/librdimon_nano.a(arm_librdimon_a-syscalls.o)
                0x000004ca                _lseek
 .text._swiwrite
                0x000004ce       0x20 /usr/local/opt/gcc-arm-none-eabi/bin/../lib/gcc/arm-none-eabi/13.3.1/../../../../arm-none-eabi/lib/thumb/v7e-m+fp/hard/librdimon_nano.a(arm_librdimon_a-syscalls.o)
                0x000004ce                _swiwrite
 .text._write   0x000004ee       0x40 /usr/local/opt/gcc-arm-none-eabi/bin/../lib/gcc/arm-none-eabi/13.3.1/../../../../arm-none-eabi/lib/thumb/v7e-m+fp/hard/librdimon_nano.a(arm_librdimon_a-syscalls.o)
                0x000004ee                _write
 .text._swiclose
                0x0000052e       0x1a /usr/local/opt/gcc-arm-none-eabi/bin/../lib/gcc/arm-none-eabi/13.3.1/../../../../arm-none-eabi/lib/thumb/v7e-m+fp/hard/librdimon_nano.a(arm_librdimon_a-syscalls.o)
                0x0000052e                _swiclose
 .text._close   0x00000548       0x4c /usr/local/opt/gcc-arm-none-eabi/bin/../lib/gcc/arm-none-eabi/13.3.1/../../../../arm-none-eabi/lib/thumb/v7e-m+fp/hard/librdimon_nano.a(arm_librdimon_a-syscalls.o)
                0x00000548                _close
 .text._swistat
                0x00000594       0x42 /usr/local/opt/gcc-arm-none-eabi/bin/../lib/gcc/arm-none-eabi/13.3.1/../../../../arm-none-eabi/lib/thumb/v7e-m+fp/hard/librdimon_nano.a(arm_librdimon_a-syscalls.o)
                0x00000594                _swistat
 .text._stat    0x000005d6       0x3a /usr/local/opt/gcc-arm-none-eabi/bin/../lib/gcc/arm-none-eabi/13.3.1/../../../../arm-none-eabi/lib/thumb/v7e-m+fp/hard/librdimon_nano.a(arm_librdimon_a-syscalls.o)
                0x000005d6                _stat
 .text._swiopen
                0x00000610       0xb4 /usr/local/opt/gcc-arm-none-eabi/bin/../lib/gcc/arm-none-eabi/13.3.1/../../../../arm-none-eabi/lib/thumb/v7e-m+fp/hard/librdimon_nano.a(arm_librdimon_a-syscalls.o)
                0x00000610                _swiopen
 .text._get_semihosting_exts
                0x000006c4       0xb4 /usr/local/opt/gcc-arm-none-eabi/bin/../lib/gcc/arm-none-eabi/13.3.1/../../../../arm-none-eabi/lib/thumb/v7e-m+fp/hard/librdimon_nano.a(arm_librdimon_a-syscalls.o)
                0x000006c4                _get_semihosting_exts
 .text.initialise_semihosting_exts
                0x00000778       0x34 /usr/local/opt/gcc-arm-none-eabi/bin/../lib/gcc/arm-none-eabi/13.3.1/../../../../arm-none-eabi/lib/thumb/v7e-m+fp/hard/librdimon_nano.a(arm_librdimon_a-syscalls.o)
 .text._has_ext_stdout_stderr
                0x000007ac       0x18 /usr/local/opt/gcc-arm-none-eabi/bin/../lib/gcc/arm-none-eabi/13.3.1/../../../../arm-none-eabi/lib/thumb/v7e-m+fp/hard/librdimon_nano.a(arm_librdimon_a-syscalls.o)
                0x000007ac                _has_ext_stdout_stderr
 .text.initialise_monitor_handles
                0x000007c4       0xc0 /usr/local/opt/gcc-arm-none-eabi/bin/../lib/gcc/arm-none-eabi/13.3.1/../../../../arm-none-eabi/lib/thumb/v7e-m+fp/hard/librdimon_nano.a(arm_librdimon_a-syscalls.o)
                0x000007c4                initialise_monitor_handles
 .text.zb_zcl_basic_init_server
                0x00000884       0x24 ./src/zboss/src/zcl/zcl_basic_commands.o
                0x00000884                zb_zcl_basic_init_server
 .text.check_value_basic_server
                0x000008a8       0x1e ./src/zboss/src/zcl/zcl_basic_commands.o
                0x000008a8                check_value_basic_server
 .text.zb_zcl_basic_reset_invoke_user_app
                0x000008c6       0xbc ./src/zboss/src/zcl/zcl_basic_commands.o
 .text.zb_zcl_check_is_device_enabled
                0x00000982       0xc6 ./src/zboss/src/zcl/zcl_basic_commands.o
                0x00000982                zb_zcl_check_is_device_enabled
 .text.zb_zcl_process_basic_specific_commands_srv
                0x00000a48      0x154 ./src/zboss/src/zcl/zcl_basic_commands.o
                0x00000a48                zb_zcl_process_basic_specific_commands_srv
 .text.zb_zcl_init_periodic_activities
                0x00000b9c       0x88 ./src/zboss/src/zcl/zcl_common.o
 .text.zb_zcl_register_device_ctx
                0x00000c24       0xa4 ./src/zboss/src/zcl/zcl_common.o
                0x00000c24                zb_zcl_register_device_ctx
 .text.zb_zcl_init_endpoint
                0x00000cc8       0xac ./src/zboss/src/zcl/zcl_common.o
                0x00000cc8                zb_zcl_init_endpoint
 .text.zb_zcl_check_cluster_list
                0x00000d74      0x1e4 ./src/zboss/src/zcl/zcl_common.o
                0x00000d74                zb_zcl_check_cluster_list
 .text.zb_zcl_get_attribute_size
                0x00000f58      0x47c ./src/zboss/src/zcl/zcl_common.o
                0x00000f58                zb_zcl_get_attribute_size
 .text.zb_af_get_endpoint_desc
                0x000013d4       0x86 ./src/zboss/src/zcl/zcl_common.o
                0x000013d4                zb_af_get_endpoint_desc
 .text.zb_zcl_register_cb
                0x0000145a       0x74 ./src/zboss/src/zcl/zcl_common.o
                0x0000145a                zb_zcl_register_cb
 .text.zb_zcl_ack_callback
                0x000014ce       0x98 ./src/zboss/src/zcl/zcl_common.o
                0x000014ce                zb_zcl_ack_callback
 .text.zb_zcl_check_attribute_writable
                0x00001566       0xbe ./src/zboss/src/zcl/zcl_common.o
                0x00001566                zb_zcl_check_attribute_writable
 .text.zb_zcl_conform_singleton
                0x00001624      0x122 ./src/zboss/src/zcl/zcl_common.o
 .text.zb_zcl_set_attr_val
                0x00001746       0xcc ./src/zboss/src/zcl/zcl_common.o
                0x00001746                zb_zcl_set_attr_val
 .text.zb_zcl_is_target_endpoint
                0x00001812       0xda ./src/zboss/src/zcl/zcl_common.o
                0x00001812                zb_zcl_is_target_endpoint
 .text.zb_zcl_get_next_target_endpoint
                0x000018ec      0x134 ./src/zboss/src/zcl/zcl_common.o
                0x000018ec                zb_zcl_get_next_target_endpoint
 .text.cluster_needs_aps_encryption
                0x00001a20       0x4a ./src/zboss/src/zcl/zcl_common.o
                0x00001a20                cluster_needs_aps_encryption
 *fill*         0x00001a6a        0x2 
 .text.ep_process_zcl_cmd
                0x00001a6c      0x158 ./src/zboss/src/zcl/zcl_common.o
 .text.broadcast_endpoint_call_next_delivery_step
                0x00001bc4       0x6c ./src/zboss/src/zcl/zcl_common.o
 .text.broadcast_endpoint_delivery_step
                0x00001c30       0xb8 ./src/zboss/src/zcl/zcl_common.o
 .text.zb_zcl_process_parsed_zcl_cmd
                0x00001ce8       0xc8 ./src/zboss/src/zcl/zcl_common.o
                0x00001ce8                zb_zcl_process_parsed_zcl_cmd
 .text.zb_zcl_process_device_command
                0x00001db0       0xc8 ./src/zboss/src/zcl/zcl_common.o
                0x00001db0                zb_zcl_process_device_command
 .text.get_cluster_desc
                0x00001e78       0x86 ./src/zboss/src/zcl/zcl_common.o
                0x00001e78                get_cluster_desc
 .text.get_endpoint_by_cluster
                0x00001efe       0x9a ./src/zboss/src/zcl/zcl_common.o
                0x00001efe                get_endpoint_by_cluster
 .text.get_profile_id_by_endpoint
                0x00001f98       0x90 ./src/zboss/src/zcl/zcl_common.o
                0x00001f98                get_profile_id_by_endpoint
 .text.zb_zcl_attr_get16
                0x00002028       0x1e ./src/zboss/src/zcl/zcl_common.o
                0x00002028                zb_zcl_attr_get16
 .text.zb_zcl_schedule_status_abort
                0x00002046       0x74 ./src/zboss/src/zcl/zcl_common.o
                0x00002046                zb_zcl_schedule_status_abort
 .text.zb_zcl_can_cluster_be_fragmented
                0x000020ba       0xaa ./src/zboss/src/zcl/zcl_common.o
                0x000020ba                zb_zcl_can_cluster_be_fragmented
 .text.zb_zcl_finish_and_send_packet_common
                0x00002164      0x488 ./src/zboss/src/zcl/zcl_common.o
 .text.zb_zcl_finish_and_send_packet
                0x000025ec       0x7c ./src/zboss/src/zcl/zcl_common.o
                0x000025ec                zb_zcl_finish_and_send_packet
 .text.zb_zcl_finish_and_send_packet_new
                0x00002668       0x92 ./src/zboss/src/zcl/zcl_common.o
                0x00002668                zb_zcl_finish_and_send_packet_new
 .text.zb_zcl_start_command_header
                0x000026fa       0x8e ./src/zboss/src/zcl/zcl_common.o
                0x000026fa                zb_zcl_start_command_header
 .text.zb_zcl_get_ctx
                0x00002788       0x14 ./src/zboss/src/zcl/zcl_common.o
                0x00002788                zb_zcl_get_ctx
 .text.zb_zcl8_get_ctx
                0x0000279c       0x14 ./src/zboss/src/zcl/zcl_common.o
                0x0000279c                zb_zcl8_get_ctx
 .text.zb_zcl_get_backward_comp_mode
                0x000027b0       0x10 ./src/zboss/src/zcl/zcl_common.o
                0x000027b0                zb_zcl_get_backward_comp_mode
 .text.zb_zcl_get_cluster_rev_by_mode
                0x000027c0      0x11c ./src/zboss/src/zcl/zcl_common.o
                0x000027c0                zb_zcl_get_cluster_rev_by_mode
 .text.zb_zcl_get_backward_compatible_statuses_mode
                0x000028dc       0x10 ./src/zboss/src/zcl/zcl_common.o
                0x000028dc                zb_zcl_get_backward_compatible_statuses_mode
 .text.zb_zcl_get_zcl_status_from_ret
                0x000028ec       0xd0 ./src/zboss/src/zcl/zcl_common.o
                0x000028ec                zb_zcl_get_zcl_status_from_ret
 .text.zb_zcl_get_attr_desc
                0x000029bc       0x5c ./src/zboss/src/zcl/zcl_general_commands.o
                0x000029bc                zb_zcl_get_attr_desc
 .text.zb_zcl_get_attr_desc_a
                0x00002a18       0x4c ./src/zboss/src/zcl/zcl_general_commands.o
                0x00002a18                zb_zcl_get_attr_desc_a
 .text.zb_zcl_groups_init_client
                0x00002a64       0x20 ./src/zboss/src/zcl/zcl_groups.o
                0x00002a64                zb_zcl_groups_init_client
 .text.zb_zcl_process_groups_commands_cli
                0x00002a84      0x118 ./src/zboss/src/zcl/zcl_groups.o
                0x00002a84                zb_zcl_process_groups_commands_cli
 .text.zb_zcl_identify_init_server
                0x00002b9c       0x28 ./src/zboss/src/zcl/zcl_identify_commands.o
                0x00002b9c                zb_zcl_identify_init_server
 .text.zb_zcl_identify_init_client
                0x00002bc4       0x20 ./src/zboss/src/zcl/zcl_identify_commands.o
                0x00002bc4                zb_zcl_identify_init_client
 .text.check_value_identify_server
                0x00002be4       0x1e ./src/zboss/src/zcl/zcl_identify_commands.o
                0x00002be4                check_value_identify_server
 .text.zb_zcl_identify_effect_invoke_user_app
                0x00002c02       0xae ./src/zboss/src/zcl/zcl_identify_commands.o
                0x00002c02                zb_zcl_identify_effect_invoke_user_app
 .text.zb_zcl_process_identify_specific_commands
                0x00002cb0      0x334 ./src/zboss/src/zcl/zcl_identify_commands.o
                0x00002cb0                zb_zcl_process_identify_specific_commands
 .text.zb_zcl_process_identify_specific_commands_srv
                0x00002fe4       0x38 ./src/zboss/src/zcl/zcl_identify_commands.o
                0x00002fe4                zb_zcl_process_identify_specific_commands_srv
 .text.zb_zcl_process_identify_specific_commands_cli
                0x0000301c       0x38 ./src/zboss/src/zcl/zcl_identify_commands.o
                0x0000301c                zb_zcl_process_identify_specific_commands_cli
 .text.zb_zcl_identify_time_handler
                0x00003054       0x78 ./src/zboss/src/zcl/zcl_identify_commands.o
                0x00003054                zb_zcl_identify_time_handler
 .text.zb_zcl_start_identifying
                0x000030cc       0x9c ./src/zboss/src/zcl/zcl_identify_commands.o
                0x000030cc                zb_zcl_start_identifying
 .text.zb_zcl_is_identifying
                0x00003168       0x78 ./src/zboss/src/zcl/zcl_identify_commands.o
                0x00003168                zb_zcl_is_identifying
 .text.zb_zcl_stop_identifying
                0x000031e0       0x90 ./src/zboss/src/zcl/zcl_identify_commands.o
                0x000031e0                zb_zcl_stop_identifying
 .text.zb_zcl_identify_write_attr_hook_server
                0x00003270       0x46 ./src/zboss/src/zcl/zcl_identify_commands.o
                0x00003270                zb_zcl_identify_write_attr_hook_server
 *fill*         0x000032b6        0x2 
 .text.zb_zcl_level_control_init_client
                0x000032b8       0x24 ./src/zboss/src/zcl/zcl_level_control_commands.o
                0x000032b8                zb_zcl_level_control_init_client
 .text.check_value_level_control_client
                0x000032dc       0x44 ./src/zboss/src/zcl/zcl_level_control_commands.o
 .text.level_control_get_move_variables
                0x00003320       0x30 ./src/zboss/src/zcl/zcl_level_control_commands.o
                0x00003320                level_control_get_move_variables
 .text.level_control_value_set_func
                0x00003350       0xbc ./src/zboss/src/zcl/zcl_level_control_commands.o
                0x00003350                level_control_value_set_func
 .text.level_control_check_req_options
                0x0000340c      0x11c ./src/zboss/src/zcl/zcl_level_control_commands.o
 .text.level_control_default_resp
                0x00003528       0xaa ./src/zboss/src/zcl/zcl_level_control_commands.o
                0x00003528                level_control_default_resp
 .text.level_control_calculate_and_start_cvc
                0x000035d2       0xd0 ./src/zboss/src/zcl/zcl_level_control_commands.o
                0x000035d2                level_control_calculate_and_start_cvc
 *fill*         0x000036a2        0x2 
 .text.move_to_level_handler
                0x000036a4      0x1a0 ./src/zboss/src/zcl/zcl_level_control_commands.o
 .text.move_to_level_continue
                0x00003844       0x48 ./src/zboss/src/zcl/zcl_level_control_commands.o
 .text.move_handler
                0x0000388c      0x220 ./src/zboss/src/zcl/zcl_level_control_commands.o
 .text.step_handler
                0x00003aac      0x284 ./src/zboss/src/zcl/zcl_level_control_commands.o
 .text.level_control_stop_internal
                0x00003d30       0x62 ./src/zboss/src/zcl/zcl_level_control_commands.o
 .text.stop_handler
                0x00003d92       0xba ./src/zboss/src/zcl/zcl_level_control_commands.o
 .text.zb_zcl_process_level_control_specific_commands
                0x00003e4c      0x174 ./src/zboss/src/zcl/zcl_level_control_commands.o
                0x00003e4c                zb_zcl_process_level_control_specific_commands
 .text.zb_zcl_process_level_specific_commands_cli
                0x00003fc0       0x38 ./src/zboss/src/zcl/zcl_level_control_commands.o
                0x00003fc0                zb_zcl_process_level_specific_commands_cli
 .text.zb_zcl_level_control_send_step_cmd_rev1
                0x00003ff8       0x8a ./src/zboss/src/zcl/zcl_level_control_commands.o
 .text.zb_zcl_level_control_send_step_cmd_rev3
                0x00004082       0xa6 ./src/zboss/src/zcl/zcl_level_control_commands.o
 .text.zb_zcl_level_control_send_step_cmd
                0x00004128       0xc8 ./src/zboss/src/zcl/zcl_level_control_commands.o
                0x00004128                zb_zcl_level_control_send_step_cmd
 .text.zb_zcl_scenes_init_client
                0x000041f0       0x24 ./src/zboss/src/zcl/zcl_scenes.o
                0x000041f0                zb_zcl_scenes_init_client
 .text.check_value_scenes
                0x00004214       0x9c ./src/zboss/src/zcl/zcl_scenes.o
                0x00004214                check_value_scenes
 .text.zb_zcl_process_scenes_specific_commands
                0x000042b0      0x128 ./src/zboss/src/zcl/zcl_scenes.o
                0x000042b0                zb_zcl_process_scenes_specific_commands
 .text.zb_zcl_process_scenes_specific_commands_cli
                0x000043d8       0x38 ./src/zboss/src/zcl/zcl_scenes.o
                0x000043d8                zb_zcl_process_scenes_specific_commands_cli
 .text.zb_zcl_scenes_process_store_scene
                0x00004410       0xa4 ./src/zboss/src/zcl/zcl_scenes.o
                0x00004410                zb_zcl_scenes_process_store_scene
 .text.zb_zcl_scenes_process_store_scene_command
                0x000044b4      0x1a8 ./src/zboss/src/zcl/zcl_scenes.o
 .text.zb_zcl_scenes_process_add_scene_command
                0x0000465c      0x1ee ./src/zboss/src/zcl/zcl_scenes.o
 .text.zb_zcl_scenes_process_view_scene_command
                0x0000484a      0x10e ./src/zboss/src/zcl/zcl_scenes.o
 .text.zb_zcl_scenes_process_remove_scene_command
                0x00004958      0x1ca ./src/zboss/src/zcl/zcl_scenes.o
 .text.zb_zcl_scenes_process_remove_all_scenes
                0x00004b22       0xa4 ./src/zboss/src/zcl/zcl_scenes.o
                0x00004b22                zb_zcl_scenes_process_remove_all_scenes
 .text.zb_zcl_scenes_process_remove_all_scenes_command
                0x00004bc6      0x12c ./src/zboss/src/zcl/zcl_scenes.o
 .text.zb_zcl_scenes_process_get_scene_membership_command
                0x00004cf2      0x104 ./src/zboss/src/zcl/zcl_scenes.o
 .text.zb_zcl_scenes_process_recall_scene
                0x00004df6       0xa4 ./src/zboss/src/zcl/zcl_scenes.o
                0x00004df6                zb_zcl_scenes_process_recall_scene
 .text.zb_zcl_scenes_process_recall_scene_command
                0x00004e9a      0x124 ./src/zboss/src/zcl/zcl_scenes.o
 .text.timers_init
                0x00004fbe       0x24 ./src/main.o
 .text.log_init
                0x00004fe2       0x2e ./src/main.o
 .text.light_switch_send_on_off
                0x00005010       0x98 ./src/main.o
 .text.light_switch_send_step
                0x000050a8       0x94 ./src/main.o
 .text.find_light_bulb_cb
                0x0000513c      0x118 ./src/main.o
 .text.find_light_bulb
                0x00005254       0x94 ./src/main.o
 .text.find_light_bulb_timeout
                0x000052e8      0x174 ./src/main.o
 .text.light_switch_button_handler
                0x0000545c      0x2b4 ./src/main.o
 .text.buttons_handler
                0x00005710      0x134 ./src/main.o
 .text.leds_buttons_init
                0x00005844       0x30 ./src/main.o
 .text.sleepy_device_setup
                0x00005874       0x2c ./src/main.o
 .text.identify_handler
                0x000058a0       0x6c ./src/main.o
 .text.zboss_signal_handler
                0x0000590c      0x214 ./src/main.o
                0x0000590c                zboss_signal_handler
 .text.main     0x00005b20      0x110 ./src/main.o
                0x00005b20                main
 .text.app_error_handler_bare
                0x00005c30       0x2c ../../../../lib/Eclipse/Debug/libIOsonata_nRF52840.a(./src/nRF5_SDK/libraries/util/app_error.o)
                0x00005c30                app_error_handler_bare
 .text.__NVIC_SystemReset
                0x00005c5c       0x2c ../../../../lib/Eclipse/Debug/libIOsonata_nRF52840.a(./src/nRF5_SDK/libraries/util/app_error_weak.o)
 .text.app_error_fault_handler
                0x00005c88       0x28 ../../../../lib/Eclipse/Debug/libIOsonata_nRF52840.a(./src/nRF5_SDK/libraries/util/app_error_weak.o)
                0x00005c88                app_error_fault_handler
 .text.__NVIC_EnableIRQ
                0x00005cb0       0x3c ../../../../lib/Eclipse/Debug/libIOsonata_nRF52840.a(./src/nRF5_SDK/libraries/timer/app_timer.o)
 .text.__NVIC_DisableIRQ
                0x00005cec       0x48 ../../../../lib/Eclipse/Debug/libIOsonata_nRF52840.a(./src/nRF5_SDK/libraries/timer/app_timer.o)
 .text.__NVIC_SetPendingIRQ
                0x00005d34       0x3c ../../../../lib/Eclipse/Debug/libIOsonata_nRF52840.a(./src/nRF5_SDK/libraries/timer/app_timer.o)
 .text.__NVIC_ClearPendingIRQ
                0x00005d70       0x3c ../../../../lib/Eclipse/Debug/libIOsonata_nRF52840.a(./src/nRF5_SDK/libraries/timer/app_timer.o)
 .text.__NVIC_SetPriority
                0x00005dac       0x54 ../../../../lib/Eclipse/Debug/libIOsonata_nRF52840.a(./src/nRF5_SDK/libraries/timer/app_timer.o)
 .text.nrfx_coredep_delay_us
                0x00005e00       0x30 ../../../../lib/Eclipse/Debug/libIOsonata_nRF52840.a(./src/nRF5_SDK/libraries/timer/app_timer.o)
 .text.rtc1_init
                0x00005e30       0x24 ../../../../lib/Eclipse/Debug/libIOsonata_nRF52840.a(./src/nRF5_SDK/libraries/timer/app_timer.o)
 .text.rtc1_start
                0x00005e54       0x44 ../../../../lib/Eclipse/Debug/libIOsonata_nRF52840.a(./src/nRF5_SDK/libraries/timer/app_timer.o)
 .text.rtc1_stop
                0x00005e98       0x54 ../../../../lib/Eclipse/Debug/libIOsonata_nRF52840.a(./src/nRF5_SDK/libraries/timer/app_timer.o)
 .text.rtc1_counter_get
                0x00005eec       0x18 ../../../../lib/Eclipse/Debug/libIOsonata_nRF52840.a(./src/nRF5_SDK/libraries/timer/app_timer.o)
 .text.ticks_diff_get
                0x00005f04       0x20 ../../../../lib/Eclipse/Debug/libIOsonata_nRF52840.a(./src/nRF5_SDK/libraries/timer/app_timer.o)
 .text.rtc1_compare0_set
                0x00005f24       0x20 ../../../../lib/Eclipse/Debug/libIOsonata_nRF52840.a(./src/nRF5_SDK/libraries/timer/app_timer.o)
 .text.timer_list_insert
                0x00005f44       0xb4 ../../../../lib/Eclipse/Debug/libIOsonata_nRF52840.a(./src/nRF5_SDK/libraries/timer/app_timer.o)
 .text.timer_list_remove
                0x00005ff8       0xc0 ../../../../lib/Eclipse/Debug/libIOsonata_nRF52840.a(./src/nRF5_SDK/libraries/timer/app_timer.o)
 .text.timer_timeouts_check_sched
                0x000060b8        0xe ../../../../lib/Eclipse/Debug/libIOsonata_nRF52840.a(./src/nRF5_SDK/libraries/timer/app_timer.o)
 .text.timer_list_handler_sched
                0x000060c6        0xe ../../../../lib/Eclipse/Debug/libIOsonata_nRF52840.a(./src/nRF5_SDK/libraries/timer/app_timer.o)
 .text.timeout_handler_exec
                0x000060d4       0x1c ../../../../lib/Eclipse/Debug/libIOsonata_nRF52840.a(./src/nRF5_SDK/libraries/timer/app_timer.o)
 .text.timer_timeouts_check
                0x000060f0       0xc8 ../../../../lib/Eclipse/Debug/libIOsonata_nRF52840.a(./src/nRF5_SDK/libraries/timer/app_timer.o)
 .text.elapsed_ticks_acquire
                0x000061b8       0x80 ../../../../lib/Eclipse/Debug/libIOsonata_nRF52840.a(./src/nRF5_SDK/libraries/timer/app_timer.o)
 .text.expired_timers_handler
                0x00006238       0xa0 ../../../../lib/Eclipse/Debug/libIOsonata_nRF52840.a(./src/nRF5_SDK/libraries/timer/app_timer.o)
 .text.list_insertions_handler
                0x000062d8      0x1b8 ../../../../lib/Eclipse/Debug/libIOsonata_nRF52840.a(./src/nRF5_SDK/libraries/timer/app_timer.o)
 .text.compare_reg_update
                0x00006490       0xb4 ../../../../lib/Eclipse/Debug/libIOsonata_nRF52840.a(./src/nRF5_SDK/libraries/timer/app_timer.o)
 .text.timer_list_handler
                0x00006544       0x74 ../../../../lib/Eclipse/Debug/libIOsonata_nRF52840.a(./src/nRF5_SDK/libraries/timer/app_timer.o)
 .text.RTC1_IRQHandler
                0x000065b8       0x40 ../../../../lib/Eclipse/Debug/libIOsonata_nRF52840.a(./src/nRF5_SDK/libraries/timer/app_timer.o)
                0x000065b8                RTC1_IRQHandler
 .text.SWI0_EGU0_IRQHandler
                0x000065f8        0xc ../../../../lib/Eclipse/Debug/libIOsonata_nRF52840.a(./src/nRF5_SDK/libraries/timer/app_timer.o)
                0x000065f8                SWI0_EGU0_IRQHandler
 .text.app_timer_init
                0x00006604       0x6c ../../../../lib/Eclipse/Debug/libIOsonata_nRF52840.a(./src/nRF5_SDK/libraries/timer/app_timer.o)
                0x00006604                app_timer_init
 .text._exit    0x00006670        0xc ../../../../lib/Eclipse/Debug/libIOsonata_nRF52840.a(./src/ResetEntry.o)
                0x00006670                _exit
 .text.DEF_IRQHandler
                0x0000667c        0x6 ../../../../lib/Eclipse/Debug/libIOsonata_nRF52840.a(./src/Vectors_nRF52840.o)
                0x0000667c                COMP_LPCOMP_IRQHandler
                0x0000667c                GPIOTE_IRQHandler
                0x0000667c                PWM1_IRQHandler
                0x0000667c                PendSV_Handler
                0x0000667c                NMI_Handler
                0x0000667c                POWER_CLOCK_IRQHandler
                0x0000667c                RADIO_IRQHandler
                0x0000667c                PDM_IRQHandler
                0x0000667c                TEMP_IRQHandler
                0x0000667c                QDEC_IRQHandler
                0x0000667c                PWM3_IRQHandler
                0x0000667c                USBD_IRQHandler
                0x0000667c                SPIM0_SPIS0_TWIM0_TWIS0_SPI0_TWI0_IRQHandler
                0x0000667c                UsageFault_Handler
                0x0000667c                UARTE0_UART0_IRQHandler
                0x0000667c                CRYPTOCELL_IRQHandler
                0x0000667c                I2S_IRQHandler
                0x0000667c                SWI4_EGU4_IRQHandler
                0x0000667c                UARTE1_IRQHandler
                0x0000667c                SPIM3_IRQHandler
                0x0000667c                PWM2_IRQHandler
                0x0000667c                ECB_IRQHandler
                0x0000667c                SPIM1_SPIS1_TWIM1_TWIS1_SPI1_TWI1_IRQHandler
                0x0000667c                SAADC_IRQHandler
                0x0000667c                CCM_AAR_IRQHandler
                0x0000667c                WDT_IRQHandler
                0x0000667c                SVC_Handler
                0x0000667c                SWI5_EGU5_IRQHandler
                0x0000667c                RNG_IRQHandler
                0x0000667c                PWM0_IRQHandler
                0x0000667c                SWI3_EGU3_IRQHandler
                0x0000667c                DEF_IRQHandler
                0x0000667c                SWI1_EGU1_IRQHandler
                0x0000667c                SPIM2_SPIS2_SPI2_IRQHandler
                0x0000667c                NFCT_IRQHandler
                0x0000667c                BusFault_Handler
                0x0000667c                MWU_IRQHandler
                0x0000667c                MemoryManagement_Handler
                0x0000667c                QSPI_IRQHandler
                0x0000667c                DebugMonitor_Handler
                0x0000667c                SWI2_EGU2_IRQHandler
 .text.HardFault_Handler
                0x00006682        0x6 ../../../../lib/Eclipse/Debug/libIOsonata_nRF52840.a(./src/Vectors_nRF52840.o)
                0x00006682                HardFault_Handler
 .text.SysTick_Handler
                0x00006688        0xe ../../../../lib/Eclipse/Debug/libIOsonata_nRF52840.a(./src/Vectors_nRF52840.o)
                0x00006688                SysTick_Handler
 *fill*         0x00006696        0x2 
 .text.FPU_IRQHandler
                0x00006698       0x30 ../../../../lib/Eclipse/Debug/libIOsonata_nRF52840.a(./src/Vectors_nRF52840.o)
                0x00006698                FPU_IRQHandler
 .text.__NVIC_SystemReset
                0x000066c8       0x2c ../../../../lib/Eclipse/Debug/libIOsonata_nRF52840.a(./src/system_nrf52.o)
 .text.nrf52_errata_12
                0x000066f4       0x10 ../../../../lib/Eclipse/Debug/libIOsonata_nRF52840.a(./src/system_nrf52.o)
 .text.nrf52_errata_16
                0x00006704       0x10 ../../../../lib/Eclipse/Debug/libIOsonata_nRF52840.a(./src/system_nrf52.o)
 .text.nrf52_errata_31
                0x00006714       0x10 ../../../../lib/Eclipse/Debug/libIOsonata_nRF52840.a(./src/system_nrf52.o)
 .text.nrf52_errata_32
                0x00006724       0x10 ../../../../lib/Eclipse/Debug/libIOsonata_nRF52840.a(./src/system_nrf52.o)
 .text.nrf52_errata_36
                0x00006734       0x70 ../../../../lib/Eclipse/Debug/libIOsonata_nRF52840.a(./src/system_nrf52.o)
 .text.nrf52_errata_37
                0x000067a4       0x10 ../../../../lib/Eclipse/Debug/libIOsonata_nRF52840.a(./src/system_nrf52.o)
 .text.nrf52_errata_57
                0x000067b4       0x10 ../../../../lib/Eclipse/Debug/libIOsonata_nRF52840.a(./src/system_nrf52.o)
 .text.nrf52_errata_66
                0x000067c4       0x70 ../../../../lib/Eclipse/Debug/libIOsonata_nRF52840.a(./src/system_nrf52.o)
 .text.nrf52_errata_98
                0x00006834       0x70 ../../../../lib/Eclipse/Debug/libIOsonata_nRF52840.a(./src/system_nrf52.o)
 .text.nrf52_errata_103
                0x000068a4       0x70 ../../../../lib/Eclipse/Debug/libIOsonata_nRF52840.a(./src/system_nrf52.o)
 .text.nrf52_errata_108
                0x00006914       0x10 ../../../../lib/Eclipse/Debug/libIOsonata_nRF52840.a(./src/system_nrf52.o)
 .text.nrf52_errata_115
                0x00006924       0x70 ../../../../lib/Eclipse/Debug/libIOsonata_nRF52840.a(./src/system_nrf52.o)
 .text.nrf52_errata_120
                0x00006994       0x70 ../../../../lib/Eclipse/Debug/libIOsonata_nRF52840.a(./src/system_nrf52.o)
 .text.nrf52_errata_136
                0x00006a04       0x70 ../../../../lib/Eclipse/Debug/libIOsonata_nRF52840.a(./src/system_nrf52.o)
 .text.nrf52_errata_182
                0x00006a74       0x10 ../../../../lib/Eclipse/Debug/libIOsonata_nRF52840.a(./src/system_nrf52.o)
 .text.nrf52_errata_217
                0x00006a84       0x10 ../../../../lib/Eclipse/Debug/libIOsonata_nRF52840.a(./src/system_nrf52.o)
 .text.nrf52_errata_249
                0x00006a94       0x70 ../../../../lib/Eclipse/Debug/libIOsonata_nRF52840.a(./src/system_nrf52.o)
 .text.nrf52_handle_approtect
                0x00006b04       0x22 ../../../../lib/Eclipse/Debug/libIOsonata_nRF52840.a(./src/system_nrf52.o)
 *fill*         0x00006b26        0x2 
 .text.nvmc_wait
                0x00006b28       0x20 ../../../../lib/Eclipse/Debug/libIOsonata_nRF52840.a(./src/system_nrf52.o)
                0x00006b28                nvmc_wait
 .text.nvmc_config
                0x00006b48       0x20 ../../../../lib/Eclipse/Debug/libIOsonata_nRF52840.a(./src/system_nrf52.o)
                0x00006b48                nvmc_config
 .text.SystemCoreClockUpdate
                0x00006b68       0x1c ../../../../lib/Eclipse/Debug/libIOsonata_nRF52840.a(./src/system_nrf52.o)
                0x00006b68                SystemCoreClockUpdate
 .text.SystemInit
                0x00006b84      0x324 ../../../../lib/Eclipse/Debug/libIOsonata_nRF52840.a(./src/system_nrf52.o)
                0x00006b84                SystemInit
 .text.zb_set_node_descriptor
                0x00006ea8       0xc0 ../../../../../../../../../external/nrf5_sdk_thread_zigbee/external/zboss/lib/gcc/libzboss.a(af_descriptor.o)
                0x00006ea8                zb_set_node_descriptor
 .text.zb_set_input_cluster_id
                0x00006f68       0x20 ../../../../../../../../../external/nrf5_sdk_thread_zigbee/external/zboss/lib/gcc/libzboss.a(af_descriptor.o)
                0x00006f68                zb_set_input_cluster_id
 .text.zb_set_output_cluster_id
                0x00006f88       0x24 ../../../../../../../../../external/nrf5_sdk_thread_zigbee/external/zboss/lib/gcc/libzboss.a(af_descriptor.o)
                0x00006f88                zb_set_output_cluster_id
 .text.zb_set_zdo_descriptor
                0x00006fac       0x64 ../../../../../../../../../external/nrf5_sdk_thread_zigbee/external/zboss/lib/gcc/libzboss.a(af_descriptor.o)
                0x00006fac                zb_set_zdo_descriptor
 .text.zb_set_default_ffd_descriptor_values
                0x00007010       0x10 ../../../../../../../../../external/nrf5_sdk_thread_zigbee/external/zboss/lib/gcc/libzboss.a(af_descriptor.o)
                0x00007010                zb_set_default_ffd_descriptor_values
 .text.zb_set_default_ed_descriptor_values
                0x00007020       0x1c ../../../../../../../../../external/nrf5_sdk_thread_zigbee/external/zboss/lib/gcc/libzboss.a(af_descriptor.o)
                0x00007020                zb_set_default_ed_descriptor_values
 .text.zb_add_simple_descriptor
                0x0000703c       0x5c ../../../../../../../../../external/nrf5_sdk_thread_zigbee/external/zboss/lib/gcc/libzboss.a(af_descriptor.o)
                0x0000703c                zb_add_simple_descriptor
 .text.zb_af_register_device_ctx
                0x00007098       0x9c ../../../../../../../../../external/nrf5_sdk_thread_zigbee/external/zboss/lib/gcc/libzboss.a(af_descriptor.o)
                0x00007098                zb_af_register_device_ctx
 .text.zb_aib_tcpol_get_allow_unsecure_tc_rejoins
                0x00007134       0x10 ../../../../../../../../../external/nrf5_sdk_thread_zigbee/external/zboss/lib/gcc/libzboss.a(aps_aib.o)
                0x00007134                zb_aib_tcpol_get_allow_unsecure_tc_rejoins
 .text.zb_aib_tcpol_set_is_distributed_security
                0x00007144       0x14 ../../../../../../../../../external/nrf5_sdk_thread_zigbee/external/zboss/lib/gcc/libzboss.a(aps_aib.o)
                0x00007144                zb_aib_tcpol_set_is_distributed_security
 .text.zb_aib_tcpol_clear_is_distributed_security
                0x00007158       0x14 ../../../../../../../../../external/nrf5_sdk_thread_zigbee/external/zboss/lib/gcc/libzboss.a(aps_aib.o)
                0x00007158                zb_aib_tcpol_clear_is_distributed_security
 .text.zb_aib_tcpol_get_is_distributed_security
                0x0000716c       0x10 ../../../../../../../../../external/nrf5_sdk_thread_zigbee/external/zboss/lib/gcc/libzboss.a(aps_aib.o)
                0x0000716c                zb_aib_tcpol_get_is_distributed_security
 .text.zb_aib_trust_center_address_unknown
                0x0000717c       0x1c ../../../../../../../../../external/nrf5_sdk_thread_zigbee/external/zboss/lib/gcc/libzboss.a(aps_aib.o)
                0x0000717c                zb_aib_trust_center_address_unknown
 .text.zb_aib_trust_center_address_cmp
                0x00007198       0x18 ../../../../../../../../../external/nrf5_sdk_thread_zigbee/external/zboss/lib/gcc/libzboss.a(aps_aib.o)
                0x00007198                zb_aib_trust_center_address_cmp
 .text.zb_aib_get_channel_page_list
                0x000071b0        0xc ../../../../../../../../../external/nrf5_sdk_thread_zigbee/external/zboss/lib/gcc/libzboss.a(aps_aib.o)
                0x000071b0                zb_aib_get_channel_page_list
 .text.zb_aib_channel_page_list_set_mask
                0x000071bc       0x10 ../../../../../../../../../external/nrf5_sdk_thread_zigbee/external/zboss/lib/gcc/libzboss.a(aps_aib.o)
                0x000071bc                zb_aib_channel_page_list_set_mask
 .text.zb_aib_channel_page_list_get_mask
                0x000071cc        0xc ../../../../../../../../../external/nrf5_sdk_thread_zigbee/external/zboss/lib/gcc/libzboss.a(aps_aib.o)
                0x000071cc                zb_aib_channel_page_list_get_mask
 .text.zb_aib_channel_page_list_set_2_4GHz_mask
                0x000071d8       0x1c ../../../../../../../../../external/nrf5_sdk_thread_zigbee/external/zboss/lib/gcc/libzboss.a(aps_aib.o)
                0x000071d8                zb_aib_channel_page_list_set_2_4GHz_mask
 .text.aps_find_src_ref
                0x000071f4       0x64 ../../../../../../../../../external/nrf5_sdk_thread_zigbee/external/zboss/lib/gcc/libzboss.a(aps_bind.o)
                0x000071f4                aps_find_src_ref
 .text.zb_apsme_bind_request
                0x00007258      0x2d8 ../../../../../../../../../external/nrf5_sdk_thread_zigbee/external/zboss/lib/gcc/libzboss.a(aps_bind.o)
                0x00007258                zb_apsme_bind_request
 .text.zb_apsme_unbind_all
                0x00007530       0xc4 ../../../../../../../../../external/nrf5_sdk_thread_zigbee/external/zboss/lib/gcc/libzboss.a(aps_bind.o)
                0x00007530                zb_apsme_unbind_all
 .text.zb_apsme_move_dst_bind_table
                0x000075f4       0x68 ../../../../../../../../../external/nrf5_sdk_thread_zigbee/external/zboss/lib/gcc/libzboss.a(aps_bind.o)
                0x000075f4                zb_apsme_move_dst_bind_table
 .text.zb_apsme_unbind_by_ref
                0x0000765c      0x1a4 ../../../../../../../../../external/nrf5_sdk_thread_zigbee/external/zboss/lib/gcc/libzboss.a(aps_bind.o)
                0x0000765c                zb_apsme_unbind_by_ref
 .text.zb_apsme_unbind_request
                0x00007800      0x1e0 ../../../../../../../../../external/nrf5_sdk_thread_zigbee/external/zboss/lib/gcc/libzboss.a(aps_bind.o)
                0x00007800                zb_apsme_unbind_request
 .text.zb_apsme_remove_all_groups_internal
                0x000079e0       0x3c ../../../../../../../../../external/nrf5_sdk_thread_zigbee/external/zboss/lib/gcc/libzboss.a(aps_bind.o)
                0x000079e0                zb_apsme_remove_all_groups_internal
 .text.apsme_forget_device
                0x00007a1c       0x10 ../../../../../../../../../external/nrf5_sdk_thread_zigbee/external/zboss/lib/gcc/libzboss.a(aps_bind.o)
                0x00007a1c                apsme_forget_device
 .text.zb_aps_is_in_group
                0x00007a2c       0x2c ../../../../../../../../../external/nrf5_sdk_thread_zigbee/external/zboss/lib/gcc/libzboss.a(aps_bind.o)
                0x00007a2c                zb_aps_is_in_group
 .text.zb_check_binding_table_whitelist
                0x00007a58       0xa8 ../../../../../../../../../external/nrf5_sdk_thread_zigbee/external/zboss/lib/gcc/libzboss.a(aps_binding_whitelist.o)
                0x00007a58                zb_check_binding_table_whitelist
 .text.zb_aps_group_table_remove_all
                0x00007b00        0x8 ../../../../../../../../../external/nrf5_sdk_thread_zigbee/external/zboss/lib/gcc/libzboss.a(aps_group_table.o)
                0x00007b00                zb_aps_group_table_remove_all
 .text.zb_check_bind_trans
                0x00007b08       0x30 ../../../../../../../../../external/nrf5_sdk_thread_zigbee/external/zboss/lib/gcc/libzboss.a(aps_main.o)
 .text.aps_in_frag_find_by_hdr
                0x00007b38       0x30 ../../../../../../../../../external/nrf5_sdk_thread_zigbee/external/zboss/lib/gcc/libzboss.a(aps_main.o)
 .text.aps_in_frag_find_by_buf
                0x00007b68       0x44 ../../../../../../../../../external/nrf5_sdk_thread_zigbee/external/zboss/lib/gcc/libzboss.a(aps_main.o)
 .text.aps_in_frag_get_received_mask
                0x00007bac       0x84 ../../../../../../../../../external/nrf5_sdk_thread_zigbee/external/zboss/lib/gcc/libzboss.a(aps_main.o)
 .text.aps_in_frag_find_any_block
                0x00007c30       0x28 ../../../../../../../../../external/nrf5_sdk_thread_zigbee/external/zboss/lib/gcc/libzboss.a(aps_main.o)
 .text.aps_retrans_ent_busy_state
                0x00007c58       0x28 ../../../../../../../../../external/nrf5_sdk_thread_zigbee/external/zboss/lib/gcc/libzboss.a(aps_main.o)
 .text.zb_aps_buf_retrans_isbusy
                0x00007c80       0x3c ../../../../../../../../../external/nrf5_sdk_thread_zigbee/external/zboss/lib/gcc/libzboss.a(aps_main.o)
 .text.upd_conf_param
                0x00007cbc       0x2c ../../../../../../../../../external/nrf5_sdk_thread_zigbee/external/zboss/lib/gcc/libzboss.a(aps_main.o)
 .text.zb_clear_bind_trans
                0x00007ce8       0xc4 ../../../../../../../../../external/nrf5_sdk_thread_zigbee/external/zboss/lib/gcc/libzboss.a(aps_main.o)
 .text.zb_process_bind_trans
                0x00007dac      0x1b4 ../../../../../../../../../external/nrf5_sdk_thread_zigbee/external/zboss/lib/gcc/libzboss.a(aps_main.o)
 .text.aps_in_frag_free_window
                0x00007f60       0x2c ../../../../../../../../../external/nrf5_sdk_thread_zigbee/external/zboss/lib/gcc/libzboss.a(aps_main.o)
 .text.aps_in_frag_kill_stopped_entries
                0x00007f8c       0x54 ../../../../../../../../../external/nrf5_sdk_thread_zigbee/external/zboss/lib/gcc/libzboss.a(aps_main.o)
 .text.aps_retrans_ent_free
                0x00007fe0       0x5c ../../../../../../../../../external/nrf5_sdk_thread_zigbee/external/zboss/lib/gcc/libzboss.a(aps_main.o)
 .text.aps_in_frag_stop_fail_timer
                0x0000803c       0x30 ../../../../../../../../../external/nrf5_sdk_thread_zigbee/external/zboss/lib/gcc/libzboss.a(aps_main.o)
 .text.zb_apsde_check_selfie
                0x0000806c       0x4c ../../../../../../../../../external/nrf5_sdk_thread_zigbee/external/zboss/lib/gcc/libzboss.a(aps_main.o)
 .text.zb_aps_out_frag_schedule_send_next_block
                0x000080b8      0x1dc ../../../../../../../../../external/nrf5_sdk_thread_zigbee/external/zboss/lib/gcc/libzboss.a(aps_main.o)
 .text.zb_aps_hdr_mod
                0x00008294       0x5e ../../../../../../../../../external/nrf5_sdk_thread_zigbee/external/zboss/lib/gcc/libzboss.a(aps_main.o)
 *fill*         0x000082f2        0x2 
 .text.zb_aps_pass_group_msg_up
                0x000082f4       0xcc ../../../../../../../../../external/nrf5_sdk_thread_zigbee/external/zboss/lib/gcc/libzboss.a(aps_main.o)
                0x000082f4                zb_aps_pass_group_msg_up
 .text.zb_aps_check_max_trans_size_timer_cb
                0x000083c0       0x58 ../../../../../../../../../external/nrf5_sdk_thread_zigbee/external/zboss/lib/gcc/libzboss.a(aps_main.o)
 .text.aps_in_frag_stop_ack_timer
                0x00008418       0x3c ../../../../../../../../../external/nrf5_sdk_thread_zigbee/external/zboss/lib/gcc/libzboss.a(aps_main.o)
 .text.aps_in_frag_stop_entry
                0x00008454       0x7c ../../../../../../../../../external/nrf5_sdk_thread_zigbee/external/zboss/lib/gcc/libzboss.a(aps_main.o)
 .text.aps_in_frag_mac_ack_for_aps_ack_arrived
                0x000084d0       0x88 ../../../../../../../../../external/nrf5_sdk_thread_zigbee/external/zboss/lib/gcc/libzboss.a(aps_main.o)
 .text.aps_in_frag_transaction_failed
                0x00008558       0x34 ../../../../../../../../../external/nrf5_sdk_thread_zigbee/external/zboss/lib/gcc/libzboss.a(aps_main.o)
 .text.aps_in_frag_restart_ack_timer
                0x0000858c       0x7c ../../../../../../../../../external/nrf5_sdk_thread_zigbee/external/zboss/lib/gcc/libzboss.a(aps_main.o)
 .text.aps_in_frag_send_ack_delayed
                0x00008608       0x90 ../../../../../../../../../external/nrf5_sdk_thread_zigbee/external/zboss/lib/gcc/libzboss.a(aps_main.o)
 .text.zb_aps_out_frag_schedule_send_next_block_delayed
                0x00008698       0x50 ../../../../../../../../../external/nrf5_sdk_thread_zigbee/external/zboss/lib/gcc/libzboss.a(aps_main.o)
 .text.zb_aps_pass_up_group_buf
                0x000086e8       0x3c ../../../../../../../../../external/nrf5_sdk_thread_zigbee/external/zboss/lib/gcc/libzboss.a(aps_main.o)
                0x000086e8                zb_aps_pass_up_group_buf
 .text.aps_out_frag_schedule_queued_requests
                0x00008724       0x40 ../../../../../../../../../external/nrf5_sdk_thread_zigbee/external/zboss/lib/gcc/libzboss.a(aps_main.o)
 .text.zb_aps_init
                0x00008764       0xa4 ../../../../../../../../../external/nrf5_sdk_thread_zigbee/external/zboss/lib/gcc/libzboss.a(aps_main.o)
                0x00008764                zb_aps_init
 .text.zb_aps_get_max_trans_size
                0x00008808       0x58 ../../../../../../../../../external/nrf5_sdk_thread_zigbee/external/zboss/lib/gcc/libzboss.a(aps_main.o)
                0x00008808                zb_aps_get_max_trans_size
 .text.zb_aps_get_max_buffer_size
                0x00008860       0x58 ../../../../../../../../../external/nrf5_sdk_thread_zigbee/external/zboss/lib/gcc/libzboss.a(aps_main.o)
                0x00008860                zb_aps_get_max_buffer_size
 .text.zb_aps_add_max_trans_size
                0x000088b8       0xc4 ../../../../../../../../../external/nrf5_sdk_thread_zigbee/external/zboss/lib/gcc/libzboss.a(aps_main.o)
                0x000088b8                zb_aps_add_max_trans_size
 .text.aps_send_fail_confirm
                0x0000897c       0x60 ../../../../../../../../../external/nrf5_sdk_thread_zigbee/external/zboss/lib/gcc/libzboss.a(aps_main.o)
                0x0000897c                aps_send_fail_confirm
 .text.zb_check_frag_queue_cleanup_and_send_fail_confirm
                0x000089dc       0xdc ../../../../../../../../../external/nrf5_sdk_thread_zigbee/external/zboss/lib/gcc/libzboss.a(aps_main.o)
 .text.aps_data_hdr_fill_datareq
                0x00008ab8      0x144 ../../../../../../../../../external/nrf5_sdk_thread_zigbee/external/zboss/lib/gcc/libzboss.a(aps_main.o)
                0x00008ab8                aps_data_hdr_fill_datareq
 .text.zb_apsde_data_request
                0x00008bfc      0x38c ../../../../../../../../../external/nrf5_sdk_thread_zigbee/external/zboss/lib/gcc/libzboss.a(aps_main.o)
                0x00008bfc                zb_apsde_data_request
 .text.zb_apsde_data_request_main
                0x00008f88      0x4d0 ../../../../../../../../../external/nrf5_sdk_thread_zigbee/external/zboss/lib/gcc/libzboss.a(aps_main.o)
 .text.zb_aps_hdr_parse
                0x00009458      0x11e ../../../../../../../../../external/nrf5_sdk_thread_zigbee/external/zboss/lib/gcc/libzboss.a(aps_main.o)
                0x00009458                zb_aps_hdr_parse
 *fill*         0x00009576        0x2 
 .text.zb_aps_pass_local_group_pkt_up
                0x00009578       0x80 ../../../../../../../../../external/nrf5_sdk_thread_zigbee/external/zboss/lib/gcc/libzboss.a(aps_main.o)
                0x00009578                zb_aps_pass_local_group_pkt_up
 .text.fill_nldereq
                0x000095f8       0x26 ../../../../../../../../../external/nrf5_sdk_thread_zigbee/external/zboss/lib/gcc/libzboss.a(aps_main.o)
                0x000095f8                fill_nldereq
 *fill*         0x0000961e        0x2 
 .text.aps_ack_send_handle
                0x00009620      0x12c ../../../../../../../../../external/nrf5_sdk_thread_zigbee/external/zboss/lib/gcc/libzboss.a(aps_main.o)
 .text.aps_in_frag_send_ack
                0x0000974c       0x60 ../../../../../../../../../external/nrf5_sdk_thread_zigbee/external/zboss/lib/gcc/libzboss.a(aps_main.o)
 .text.done_with_frag_tx_ack
                0x000097ac      0x44c ../../../../../../../../../external/nrf5_sdk_thread_zigbee/external/zboss/lib/gcc/libzboss.a(aps_main.o)
 .text.done_with_this_ack
                0x00009bf8      0x178 ../../../../../../../../../external/nrf5_sdk_thread_zigbee/external/zboss/lib/gcc/libzboss.a(aps_main.o)
 .text.zb_aps_send_command
                0x00009d70       0xb0 ../../../../../../../../../external/nrf5_sdk_thread_zigbee/external/zboss/lib/gcc/libzboss.a(aps_main.o)
                0x00009d70                zb_aps_send_command
 .text.zb_aps_clear_after_leave
                0x00009e20       0xb8 ../../../../../../../../../external/nrf5_sdk_thread_zigbee/external/zboss/lib/gcc/libzboss.a(aps_main.o)
                0x00009e20                zb_aps_clear_after_leave
 .text.zb_aps_hdr_size
                0x00009ed8       0x36 ../../../../../../../../../external/nrf5_sdk_thread_zigbee/external/zboss/lib/gcc/libzboss.a(aps_main.o)
                0x00009ed8                zb_aps_hdr_size
 .text.zb_aps_full_hdr_size
                0x00009f0e       0x1e ../../../../../../../../../external/nrf5_sdk_thread_zigbee/external/zboss/lib/gcc/libzboss.a(aps_main.o)
                0x00009f0e                zb_aps_full_hdr_size
 .text.aps_send_frame_via_binding
                0x00009f2c       0x6c ../../../../../../../../../external/nrf5_sdk_thread_zigbee/external/zboss/lib/gcc/libzboss.a(aps_main.o)
 .text.zb_aps_pass_local_msg_up
                0x00009f98       0x88 ../../../../../../../../../external/nrf5_sdk_thread_zigbee/external/zboss/lib/gcc/libzboss.a(aps_main.o)
                0x00009f98                zb_aps_pass_local_msg_up
 .text.zb_aps_ack_timer_cb
                0x0000a020      0x1e8 ../../../../../../../../../external/nrf5_sdk_thread_zigbee/external/zboss/lib/gcc/libzboss.a(aps_main.o)
                0x0000a020                zb_aps_ack_timer_cb
 .text.aps_in_frag_total_window_size
                0x0000a208       0x48 ../../../../../../../../../external/nrf5_sdk_thread_zigbee/external/zboss/lib/gcc/libzboss.a(aps_main.o)
 .text.aps_in_frag_do_merge_blocks
                0x0000a250       0xd8 ../../../../../../../../../external/nrf5_sdk_thread_zigbee/external/zboss/lib/gcc/libzboss.a(aps_main.o)
 .text.aps_in_frag_assemble_window_delayed
                0x0000a328       0xd8 ../../../../../../../../../external/nrf5_sdk_thread_zigbee/external/zboss/lib/gcc/libzboss.a(aps_main.o)
 .text.zb_nlde_data_indication_continue
                0x0000a400      0x610 ../../../../../../../../../external/nrf5_sdk_thread_zigbee/external/zboss/lib/gcc/libzboss.a(aps_main.o)
                0x0000a400                zb_nlde_data_indication_continue
 .text.zb_nlde_data_indication
                0x0000aa10      0x21c ../../../../../../../../../external/nrf5_sdk_thread_zigbee/external/zboss/lib/gcc/libzboss.a(aps_main.o)
                0x0000aa10                zb_nlde_data_indication
 .text.zb_nlde_data_confirm
                0x0000ac2c      0x230 ../../../../../../../../../external/nrf5_sdk_thread_zigbee/external/zboss/lib/gcc/libzboss.a(aps_main.o)
                0x0000ac2c                zb_nlde_data_confirm
 .text.zb_aps_call_user_payload_cb
                0x0000ae5c       0x30 ../../../../../../../../../external/nrf5_sdk_thread_zigbee/external/zboss/lib/gcc/libzboss.a(aps_main.o)
                0x0000ae5c                zb_aps_call_user_payload_cb
 .text.zb_aps_unsecure_frame_bykey
                0x0000ae8c      0x148 ../../../../../../../../../external/nrf5_sdk_thread_zigbee/external/zboss/lib/gcc/libzboss.a(aps_secur.o)
 .text.zb_secur_aps_aux_hdr_fill
                0x0000afd4       0x24 ../../../../../../../../../external/nrf5_sdk_thread_zigbee/external/zboss/lib/gcc/libzboss.a(aps_secur.o)
                0x0000afd4                zb_secur_aps_aux_hdr_fill
 .text.zb_aps_secur_aux_size
                0x0000aff8        0xc ../../../../../../../../../external/nrf5_sdk_thread_zigbee/external/zboss/lib/gcc/libzboss.a(aps_secur.o)
                0x0000aff8                zb_aps_secur_aux_size
 .text.zb_aps_command_add_secur
                0x0000b004       0x38 ../../../../../../../../../external/nrf5_sdk_thread_zigbee/external/zboss/lib/gcc/libzboss.a(aps_secur.o)
                0x0000b004                zb_aps_command_add_secur
 .text.zb_aps_secure_frame
                0x0000b03c      0x380 ../../../../../../../../../external/nrf5_sdk_thread_zigbee/external/zboss/lib/gcc/libzboss.a(aps_secur.o)
                0x0000b03c                zb_aps_secure_frame
 .text.zb_aps_unsecure_frame
                0x0000b3bc      0x210 ../../../../../../../../../external/nrf5_sdk_thread_zigbee/external/zboss/lib/gcc/libzboss.a(aps_secur.o)
                0x0000b3bc                zb_aps_unsecure_frame
 .text.zb_apsme_send_2_update_device
                0x0000b5cc       0x40 ../../../../../../../../../external/nrf5_sdk_thread_zigbee/external/zboss/lib/gcc/libzboss.a(apsme_secur.o)
                0x0000b5cc                zb_apsme_send_2_update_device
 .text.zb_aps_secur_init
                0x0000b60c       0x70 ../../../../../../../../../external/nrf5_sdk_thread_zigbee/external/zboss/lib/gcc/libzboss.a(apsme_secur.o)
                0x0000b60c                zb_aps_secur_init
 .text.zb_aps_get_ieee_source_from_cmd_frame
                0x0000b67c       0x38 ../../../../../../../../../external/nrf5_sdk_thread_zigbee/external/zboss/lib/gcc/libzboss.a(apsme_secur.o)
                0x0000b67c                zb_aps_get_ieee_source_from_cmd_frame
 .text.zb_aps_in_tunnel_cmd
                0x0000b6b4       0x58 ../../../../../../../../../external/nrf5_sdk_thread_zigbee/external/zboss/lib/gcc/libzboss.a(apsme_secur.o)
                0x0000b6b4                zb_aps_in_tunnel_cmd
 .text.zb_aps_in_update_device
                0x0000b70c       0xc8 ../../../../../../../../../external/nrf5_sdk_thread_zigbee/external/zboss/lib/gcc/libzboss.a(apsme_secur.o)
                0x0000b70c                zb_aps_in_update_device
 .text.zb_aps_in_remove_device
                0x0000b7d4       0x9c ../../../../../../../../../external/nrf5_sdk_thread_zigbee/external/zboss/lib/gcc/libzboss.a(apsme_secur.o)
                0x0000b7d4                zb_aps_in_remove_device
 .text.zb_aps_in_request_key
                0x0000b870       0xc4 ../../../../../../../../../external/nrf5_sdk_thread_zigbee/external/zboss/lib/gcc/libzboss.a(apsme_secur.o)
                0x0000b870                zb_aps_in_request_key
 .text.zb_aps_in_verify_key
                0x0000b934       0x70 ../../../../../../../../../external/nrf5_sdk_thread_zigbee/external/zboss/lib/gcc/libzboss.a(apsme_secur.o)
                0x0000b934                zb_aps_in_verify_key
 .text.zb_aps_in_switch_key
                0x0000b9a4       0x4c ../../../../../../../../../external/nrf5_sdk_thread_zigbee/external/zboss/lib/gcc/libzboss.a(apsme_secur.o)
                0x0000b9a4                zb_aps_in_switch_key
 .text.zb_aps_in_confirm_key
                0x0000b9f0       0x78 ../../../../../../../../../external/nrf5_sdk_thread_zigbee/external/zboss/lib/gcc/libzboss.a(apsme_secur.o)
                0x0000b9f0                zb_aps_in_confirm_key
 .text.zb_secur_aps_send_policy
                0x0000ba68       0xcc ../../../../../../../../../external/nrf5_sdk_thread_zigbee/external/zboss/lib/gcc/libzboss.a(apsme_secur.o)
                0x0000ba68                zb_secur_aps_send_policy
 .text.zb_apsme_confirm_key_request
                0x0000bb34       0xc0 ../../../../../../../../../external/nrf5_sdk_thread_zigbee/external/zboss/lib/gcc/libzboss.a(apsme_secur.o)
                0x0000bb34                zb_apsme_confirm_key_request
 .text.zb_apsme_update_device_request
                0x0000bbf4      0x118 ../../../../../../../../../external/nrf5_sdk_thread_zigbee/external/zboss/lib/gcc/libzboss.a(apsme_secur.o)
                0x0000bbf4                zb_apsme_update_device_request
 .text.zb_apsme_switch_key_request
                0x0000bd0c       0x60 ../../../../../../../../../external/nrf5_sdk_thread_zigbee/external/zboss/lib/gcc/libzboss.a(apsme_secur.o)
                0x0000bd0c                zb_apsme_switch_key_request
 .text.zb_aps_in_transport_key
                0x0000bd6c      0x494 ../../../../../../../../../external/nrf5_sdk_thread_zigbee/external/zboss/lib/gcc/libzboss.a(apsme_secur.o)
                0x0000bd6c                zb_aps_in_transport_key
 .text.zb_secur_apsme_remove_device
                0x0000c200       0x5a ../../../../../../../../../external/nrf5_sdk_thread_zigbee/external/zboss/lib/gcc/libzboss.a(apsme_secur.o)
                0x0000c200                zb_secur_apsme_remove_device
 *fill*         0x0000c25a        0x2 
 .text.zb_secur_apsme_request_key
                0x0000c25c       0x8c ../../../../../../../../../external/nrf5_sdk_thread_zigbee/external/zboss/lib/gcc/libzboss.a(apsme_secur.o)
                0x0000c25c                zb_secur_apsme_request_key
 .text.zb_apsme_verify_key_req
                0x0000c2e8       0x9c ../../../../../../../../../external/nrf5_sdk_thread_zigbee/external/zboss/lib/gcc/libzboss.a(apsme_secur.o)
                0x0000c2e8                zb_apsme_verify_key_req
 .text.zb_secur_aps_accept_policy
                0x0000c384       0x98 ../../../../../../../../../external/nrf5_sdk_thread_zigbee/external/zboss/lib/gcc/libzboss.a(apsme_secur.o)
                0x0000c384                zb_secur_aps_accept_policy
 .text.bdb_update_tclk_failed
                0x0000c41c       0x30 ../../../../../../../../../external/nrf5_sdk_thread_zigbee/external/zboss/lib/gcc/libzboss.a(bdb_secur.o)
                0x0000c41c                bdb_update_tclk_failed
 .text.bdb_link_key_refresh_alarm
                0x0000c44c       0xa8 ../../../../../../../../../external/nrf5_sdk_thread_zigbee/external/zboss/lib/gcc/libzboss.a(bdb_secur.o)
                0x0000c44c                bdb_link_key_refresh_alarm
 .text.bdb_check_for_alarm_addr
                0x0000c4f4       0x1a ../../../../../../../../../external/nrf5_sdk_thread_zigbee/external/zboss/lib/gcc/libzboss.a(bdb_secur.o)
                0x0000c4f4                bdb_check_for_alarm_addr
 *fill*         0x0000c50e        0x2 
 .text.bdb_request_tclk_alarm
                0x0000c510       0x88 ../../../../../../../../../external/nrf5_sdk_thread_zigbee/external/zboss/lib/gcc/libzboss.a(bdb_secur.o)
                0x0000c510                bdb_request_tclk_alarm
 .text.bdb_verify_tclk_alarm
                0x0000c598       0x88 ../../../../../../../../../external/nrf5_sdk_thread_zigbee/external/zboss/lib/gcc/libzboss.a(bdb_secur.o)
 .text.zdo_secur_init
                0x0000c620       0x48 ../../../../../../../../../external/nrf5_sdk_thread_zigbee/external/zboss/lib/gcc/libzboss.a(bdb_secur.o)
                0x0000c620                zdo_secur_init
 .text.bdb_initiate_key_verify
                0x0000c668       0x50 ../../../../../../../../../external/nrf5_sdk_thread_zigbee/external/zboss/lib/gcc/libzboss.a(bdb_secur.o)
                0x0000c668                bdb_initiate_key_verify
 .text.bdb_verify_tclk_in_progress
                0x0000c6b8       0x1c ../../../../../../../../../external/nrf5_sdk_thread_zigbee/external/zboss/lib/gcc/libzboss.a(bdb_secur.o)
                0x0000c6b8                bdb_verify_tclk_in_progress
 .text.zdo_secur_update_tclk_done
                0x0000c6d4       0x44 ../../../../../../../../../external/nrf5_sdk_thread_zigbee/external/zboss/lib/gcc/libzboss.a(bdb_secur.o)
                0x0000c6d4                zdo_secur_update_tclk_done
 .text.bdb_cancel_link_key_refresh_alarm
                0x0000c718       0x30 ../../../../../../../../../external/nrf5_sdk_thread_zigbee/external/zboss/lib/gcc/libzboss.a(bdb_secur.o)
                0x0000c718                bdb_cancel_link_key_refresh_alarm
 .text.bdb_link_key_transport_with_alarm
                0x0000c748       0xd4 ../../../../../../../../../external/nrf5_sdk_thread_zigbee/external/zboss/lib/gcc/libzboss.a(bdb_secur.o)
                0x0000c748                bdb_link_key_transport_with_alarm
 .text.bdb_remove_joiner
                0x0000c81c       0xa0 ../../../../../../../../../external/nrf5_sdk_thread_zigbee/external/zboss/lib/gcc/libzboss.a(bdb_secur.o)
                0x0000c81c                bdb_remove_joiner
 .text.ncp_catch_zcl_packet
                0x0000c8bc        0x4 ../../../../../../../../../external/nrf5_sdk_thread_zigbee/external/zboss/lib/gcc/libzboss.a(ncp_weak.o)
                0x0000c8bc                ncp_catch_zcl_packet
 .text.ncp_catch_aps_data_conf
                0x0000c8c0        0x4 ../../../../../../../../../external/nrf5_sdk_thread_zigbee/external/zboss/lib/gcc/libzboss.a(ncp_weak.o)
                0x0000c8c0                ncp_catch_aps_data_conf
 .text.ncp_catch_nwk_disc_conf
                0x0000c8c4        0x4 ../../../../../../../../../external/nrf5_sdk_thread_zigbee/external/zboss/lib/gcc/libzboss.a(ncp_weak.o)
                0x0000c8c4                ncp_catch_nwk_disc_conf
 .text.ncp_address_update_ind
                0x0000c8c8        0x2 ../../../../../../../../../external/nrf5_sdk_thread_zigbee/external/zboss/lib/gcc/libzboss.a(ncp_weak.o)
                0x0000c8c8                ncp_address_update_ind
 *fill*         0x0000c8ca        0x2 
 .text.zb_nwk_address_conflict_schedule_report
                0x0000c8cc       0x34 ../../../../../../../../../external/nrf5_sdk_thread_zigbee/external/zboss/lib/gcc/libzboss.a(nwk_address_conflict.o)
 .text.zb_nwk_address_conflict_send_report
                0x0000c900       0x3c ../../../../../../../../../external/nrf5_sdk_thread_zigbee/external/zboss/lib/gcc/libzboss.a(nwk_address_conflict.o)
                0x0000c900                zb_nwk_address_conflict_send_report
 .text.zb_nwk_change_my_addr_conf
                0x0000c93c       0xe8 ../../../../../../../../../external/nrf5_sdk_thread_zigbee/external/zboss/lib/gcc/libzboss.a(nwk_address_conflict.o)
                0x0000c93c                zb_nwk_change_my_addr_conf
 .text.schedule_address_conflict
                0x0000ca24       0x60 ../../../../../../../../../external/nrf5_sdk_thread_zigbee/external/zboss/lib/gcc/libzboss.a(nwk_address_conflict.o)
 .text.zb_nwk_address_conflict_start_process
                0x0000ca84       0xf0 ../../../../../../../../../external/nrf5_sdk_thread_zigbee/external/zboss/lib/gcc/libzboss.a(nwk_address_conflict.o)
                0x0000ca84                zb_nwk_address_conflict_start_process
 .text.zb_nwk_change_me_addr
                0x0000cb74       0x48 ../../../../../../../../../external/nrf5_sdk_thread_zigbee/external/zboss/lib/gcc/libzboss.a(nwk_address_conflict.o)
                0x0000cb74                zb_nwk_change_me_addr
 .text.zb_nwk_change_my_child_addr
                0x0000cbbc       0xf0 ../../../../../../../../../external/nrf5_sdk_thread_zigbee/external/zboss/lib/gcc/libzboss.a(nwk_address_conflict.o)
                0x0000cbbc                zb_nwk_change_my_child_addr
 .text.zb_nwk_change_my_child_addr_process
                0x0000ccac       0x2a ../../../../../../../../../external/nrf5_sdk_thread_zigbee/external/zboss/lib/gcc/libzboss.a(nwk_address_conflict.o)
                0x0000ccac                zb_nwk_change_my_child_addr_process
 *fill*         0x0000ccd6        0x2 
 .text.zb_nwk_address_conflict_resolve
                0x0000ccd8      0x108 ../../../../../../../../../external/nrf5_sdk_thread_zigbee/external/zboss/lib/gcc/libzboss.a(nwk_address_conflict.o)
                0x0000ccd8                zb_nwk_address_conflict_resolve
 .text.zb_nwk_is_conflict_addr
                0x0000cde0      0x108 ../../../../../../../../../external/nrf5_sdk_thread_zigbee/external/zboss/lib/gcc/libzboss.a(nwk_address_conflict.o)
                0x0000cde0                zb_nwk_is_conflict_addr
 .text.zb_nwk_test_addresses
                0x0000cee8      0x138 ../../../../../../../../../external/nrf5_sdk_thread_zigbee/external/zboss/lib/gcc/libzboss.a(nwk_address_conflict.o)
                0x0000cee8                zb_nwk_test_addresses
 .text.zb_nwk_test_dev_annce
                0x0000d020       0x5c ../../../../../../../../../external/nrf5_sdk_thread_zigbee/external/zboss/lib/gcc/libzboss.a(nwk_address_conflict.o)
                0x0000d020                zb_nwk_test_dev_annce
 .text.brrt_find_entry_by_nwk_hdr
                0x0000d07c       0x4c ../../../../../../../../../external/nrf5_sdk_thread_zigbee/external/zboss/lib/gcc/libzboss.a(nwk_broadcasting.o)
 .text.zb_nwk_call_br_confirm
                0x0000d0c8       0x68 ../../../../../../../../../external/nrf5_sdk_thread_zigbee/external/zboss/lib/gcc/libzboss.a(nwk_broadcasting.o)
 .text.nwk_broadcasting_force_completion
                0x0000d130       0x54 ../../../../../../../../../external/nrf5_sdk_thread_zigbee/external/zboss/lib/gcc/libzboss.a(nwk_broadcasting.o)
 .text.nwk_broadcasting_btr_aging_alarm
                0x0000d184       0x78 ../../../../../../../../../external/nrf5_sdk_thread_zigbee/external/zboss/lib/gcc/libzboss.a(nwk_broadcasting.o)
 .text.nwk_broadcasting_attempt_completion
                0x0000d1fc       0x1e ../../../../../../../../../external/nrf5_sdk_thread_zigbee/external/zboss/lib/gcc/libzboss.a(nwk_broadcasting.o)
 *fill*         0x0000d21a        0x2 
 .text.nwk_broadcasting_unicast_transmission
                0x0000d21c      0x13c ../../../../../../../../../external/nrf5_sdk_thread_zigbee/external/zboss/lib/gcc/libzboss.a(nwk_broadcasting.o)
 .text.brrt_set_passive_ack
                0x0000d358       0x84 ../../../../../../../../../external/nrf5_sdk_thread_zigbee/external/zboss/lib/gcc/libzboss.a(nwk_broadcasting.o)
 .text.nwk_broadcasting_brrt_countdown_alarm
                0x0000d3dc      0x174 ../../../../../../../../../external/nrf5_sdk_thread_zigbee/external/zboss/lib/gcc/libzboss.a(nwk_broadcasting.o)
 .text.zb_nwk_broadcasting_add_btr
                0x0000d550       0x7c ../../../../../../../../../external/nrf5_sdk_thread_zigbee/external/zboss/lib/gcc/libzboss.a(nwk_broadcasting.o)
                0x0000d550                zb_nwk_broadcasting_add_btr
 .text.zb_nwk_broadcasting_find_btr
                0x0000d5cc       0x40 ../../../../../../../../../external/nrf5_sdk_thread_zigbee/external/zboss/lib/gcc/libzboss.a(nwk_broadcasting.o)
                0x0000d5cc                zb_nwk_broadcasting_find_btr
 .text.zb_nwk_broadcasting_transmit
                0x0000d60c      0x234 ../../../../../../../../../external/nrf5_sdk_thread_zigbee/external/zboss/lib/gcc/libzboss.a(nwk_broadcasting.o)
                0x0000d60c                zb_nwk_broadcasting_transmit
 .text.zb_nwk_broadcasting_mark_passive_ack
                0x0000d840       0x2c ../../../../../../../../../external/nrf5_sdk_thread_zigbee/external/zboss/lib/gcc/libzboss.a(nwk_broadcasting.o)
                0x0000d840                zb_nwk_broadcasting_mark_passive_ack
 .text.zb_nwk_broadcasting_clear_brrt
                0x0000d86c       0x90 ../../../../../../../../../external/nrf5_sdk_thread_zigbee/external/zboss/lib/gcc/libzboss.a(nwk_broadcasting.o)
                0x0000d86c                zb_nwk_broadcasting_clear_brrt
 .text.zb_nwk_broadcasting_clear
                0x0000d8fc       0x44 ../../../../../../../../../external/nrf5_sdk_thread_zigbee/external/zboss/lib/gcc/libzboss.a(nwk_broadcasting.o)
                0x0000d8fc                zb_nwk_broadcasting_clear
 .text.nwk_clear_pending_table_entry
                0x0000d940       0x84 ../../../../../../../../../external/nrf5_sdk_thread_zigbee/external/zboss/lib/gcc/libzboss.a(nwk_cr_mesh_routing.o)
 .text.zb_nwk_mesh_send_pending_data
                0x0000d9c4       0x70 ../../../../../../../../../external/nrf5_sdk_thread_zigbee/external/zboss/lib/gcc/libzboss.a(nwk_cr_mesh_routing.o)
 .text.zb_nwk_mesh_expiry_route_disc
                0x0000da34      0x108 ../../../../../../../../../external/nrf5_sdk_thread_zigbee/external/zboss/lib/gcc/libzboss.a(nwk_cr_mesh_routing.o)
                0x0000da34                zb_nwk_mesh_expiry_route_disc
 .text.nwk_route_disc_failed
                0x0000db3c       0x4c ../../../../../../../../../external/nrf5_sdk_thread_zigbee/external/zboss/lib/gcc/libzboss.a(nwk_cr_mesh_routing.o)
 .text.zb_nwk_mesh_send_rrep.isra.0
                0x0000db88       0x8c ../../../../../../../../../external/nrf5_sdk_thread_zigbee/external/zboss/lib/gcc/libzboss.a(nwk_cr_mesh_routing.o)
 .text.zb_nwk_mesh_send_pending_data_cert
                0x0000dc14       0x2c ../../../../../../../../../external/nrf5_sdk_thread_zigbee/external/zboss/lib/gcc/libzboss.a(nwk_cr_mesh_routing.o)
 .text.zb_nwk_mesh_send_pending_data_delayed
                0x0000dc40        0x6 ../../../../../../../../../external/nrf5_sdk_thread_zigbee/external/zboss/lib/gcc/libzboss.a(nwk_cr_mesh_routing.o)
 *fill*         0x0000dc46        0x2 
 .text.zb_nwk_mesh_expiry_pending
                0x0000dc48      0x158 ../../../../../../../../../external/nrf5_sdk_thread_zigbee/external/zboss/lib/gcc/libzboss.a(nwk_cr_mesh_routing.o)
                0x0000dc48                zb_nwk_mesh_expiry_pending
 .text.zb_nwk_mesh_routing_init
                0x0000dda0       0x34 ../../../../../../../../../external/nrf5_sdk_thread_zigbee/external/zboss/lib/gcc/libzboss.a(nwk_cr_mesh_routing.o)
                0x0000dda0                zb_nwk_mesh_routing_init
 .text.nwk_clear_pending_table_for_destination
                0x0000ddd4       0x34 ../../../../../../../../../external/nrf5_sdk_thread_zigbee/external/zboss/lib/gcc/libzboss.a(nwk_cr_mesh_routing.o)
                0x0000ddd4                nwk_clear_pending_table_for_destination
 .text.nwk_clear_pending_table
                0x0000de08       0x2c ../../../../../../../../../external/nrf5_sdk_thread_zigbee/external/zboss/lib/gcc/libzboss.a(nwk_cr_mesh_routing.o)
                0x0000de08                nwk_clear_pending_table
 .text.new_routing_table_ent
                0x0000de34       0x44 ../../../../../../../../../external/nrf5_sdk_thread_zigbee/external/zboss/lib/gcc/libzboss.a(nwk_cr_mesh_routing.o)
                0x0000de34                new_routing_table_ent
 .text.add_rev_route
                0x0000de78      0x108 ../../../../../../../../../external/nrf5_sdk_thread_zigbee/external/zboss/lib/gcc/libzboss.a(nwk_cr_mesh_routing.o)
 .text.zb_nwk_mesh_find_route
                0x0000df80       0x38 ../../../../../../../../../external/nrf5_sdk_thread_zigbee/external/zboss/lib/gcc/libzboss.a(nwk_cr_mesh_routing.o)
                0x0000df80                zb_nwk_mesh_find_route
 .text.zb_nwk_mesh_find_route_discovery_entry
                0x0000dfb8       0x38 ../../../../../../../../../external/nrf5_sdk_thread_zigbee/external/zboss/lib/gcc/libzboss.a(nwk_cr_mesh_routing.o)
                0x0000dfb8                zb_nwk_mesh_find_route_discovery_entry
 .text.zb_nwk_mesh_add_buf_to_pending
                0x0000dff0       0x7c ../../../../../../../../../external/nrf5_sdk_thread_zigbee/external/zboss/lib/gcc/libzboss.a(nwk_cr_mesh_routing.o)
                0x0000dff0                zb_nwk_mesh_add_buf_to_pending
 .text.zb_nwk_mesh_routing_deinit
                0x0000e06c       0x24 ../../../../../../../../../external/nrf5_sdk_thread_zigbee/external/zboss/lib/gcc/libzboss.a(nwk_cr_mesh_routing.o)
                0x0000e06c                zb_nwk_mesh_routing_deinit
 .text.zb_nwk_calc_path_cost
                0x0000e090       0x64 ../../../../../../../../../external/nrf5_sdk_thread_zigbee/external/zboss/lib/gcc/libzboss.a(nwk_cr_mesh_routing.o)
                0x0000e090                zb_nwk_calc_path_cost
 .text.zb_nwk_mesh_rreq_handler
                0x0000e0f4      0x2ec ../../../../../../../../../external/nrf5_sdk_thread_zigbee/external/zboss/lib/gcc/libzboss.a(nwk_cr_mesh_routing.o)
                0x0000e0f4                zb_nwk_mesh_rreq_handler
 .text.zb_nwk_mesh_route_discovery
                0x0000e3e0      0x210 ../../../../../../../../../external/nrf5_sdk_thread_zigbee/external/zboss/lib/gcc/libzboss.a(nwk_cr_mesh_routing.o)
                0x0000e3e0                zb_nwk_mesh_route_discovery
 .text.zb_nwk_mesh_rrep_handler
                0x0000e5f0      0x188 ../../../../../../../../../external/nrf5_sdk_thread_zigbee/external/zboss/lib/gcc/libzboss.a(nwk_cr_mesh_routing.o)
                0x0000e5f0                zb_nwk_mesh_rrep_handler
 .text.zb_nwk_reset_route_expire
                0x0000e778       0x4c ../../../../../../../../../external/nrf5_sdk_thread_zigbee/external/zboss/lib/gcc/libzboss.a(nwk_cr_mesh_routing.o)
                0x0000e778                zb_nwk_reset_route_expire
 .text.zb_nwk_route_expire
                0x0000e7c4       0x74 ../../../../../../../../../external/nrf5_sdk_thread_zigbee/external/zboss/lib/gcc/libzboss.a(nwk_cr_mesh_routing.o)
                0x0000e7c4                zb_nwk_route_expire
 .text.zb_nwk_mesh_delete_route
                0x0000e838       0x48 ../../../../../../../../../external/nrf5_sdk_thread_zigbee/external/zboss/lib/gcc/libzboss.a(nwk_cr_mesh_routing.o)
                0x0000e838                zb_nwk_mesh_delete_route
 .text.nwk_route_discovery_confirm
                0x0000e880       0x2c ../../../../../../../../../external/nrf5_sdk_thread_zigbee/external/zboss/lib/gcc/libzboss.a(nwk_cr_route_discovery.o)
                0x0000e880                nwk_route_discovery_confirm
 .text.zb_nwk_add_age_neighbor
                0x0000e8ac       0xf0 ../../../../../../../../../external/nrf5_sdk_thread_zigbee/external/zboss/lib/gcc/libzboss.a(nwk_link_status.o)
                0x0000e8ac                zb_nwk_add_age_neighbor
 .text.zb_nwk_link_status_alarm
                0x0000e99c       0x80 ../../../../../../../../../external/nrf5_sdk_thread_zigbee/external/zboss/lib/gcc/libzboss.a(nwk_link_status.o)
                0x0000e99c                zb_nwk_link_status_alarm
 .text.zb_nwk_receive_link_status_command
                0x0000ea1c      0x180 ../../../../../../../../../external/nrf5_sdk_thread_zigbee/external/zboss/lib/gcc/libzboss.a(nwk_link_status.o)
                0x0000ea1c                zb_nwk_receive_link_status_command
 .text.zb_nwk_prepare_link_status_command
                0x0000eb9c       0xb4 ../../../../../../../../../external/nrf5_sdk_thread_zigbee/external/zboss/lib/gcc/libzboss.a(nwk_link_status.o)
                0x0000eb9c                zb_nwk_prepare_link_status_command
 .text.zb_nwk_send_link_status_command
                0x0000ec50      0x130 ../../../../../../../../../external/nrf5_sdk_thread_zigbee/external/zboss/lib/gcc/libzboss.a(nwk_link_status.o)
                0x0000ec50                zb_nwk_send_link_status_command
 .text.nwk_maybe_force_send_via_routing
                0x0000ed80       0x3e ../../../../../../../../../external/nrf5_sdk_thread_zigbee/external/zboss/lib/gcc/libzboss.a(nwk_link_status.o)
                0x0000ed80                nwk_maybe_force_send_via_routing
 *fill*         0x0000edbe        0x2 
 .text.nwk_broadcast_delivery_time_passed_cb
                0x0000edc0       0x14 ../../../../../../../../../external/nrf5_sdk_thread_zigbee/external/zboss/lib/gcc/libzboss.a(nwk_main.o)
 .text.nwk_find_src_route_for_packet
                0x0000edd4       0x40 ../../../../../../../../../external/nrf5_sdk_thread_zigbee/external/zboss/lib/gcc/libzboss.a(nwk_main.o)
 .text.mac_status_2_nwk_command_status
                0x0000ee14       0x28 ../../../../../../../../../external/nrf5_sdk_thread_zigbee/external/zboss/lib/gcc/libzboss.a(nwk_main.o)
 .text.zb_nwk_reset_nwk_addr_in_mac_pib
                0x0000ee3c       0x44 ../../../../../../../../../external/nrf5_sdk_thread_zigbee/external/zboss/lib/gcc/libzboss.a(nwk_main.o)
 .text.zb_nwk_remove_beacon_payload
                0x0000ee80       0x34 ../../../../../../../../../external/nrf5_sdk_thread_zigbee/external/zboss/lib/gcc/libzboss.a(nwk_main.o)
 .text.nwk_do_retry
                0x0000eeb4       0xa4 ../../../../../../../../../external/nrf5_sdk_thread_zigbee/external/zboss/lib/gcc/libzboss.a(nwk_main.o)
 .text.call_nlme_status_ind
                0x0000ef58       0x38 ../../../../../../../../../external/nrf5_sdk_thread_zigbee/external/zboss/lib/gcc/libzboss.a(nwk_main.o)
 .text.call_status_indication
                0x0000ef90       0x7c ../../../../../../../../../external/nrf5_sdk_thread_zigbee/external/zboss/lib/gcc/libzboss.a(nwk_main.o)
 .text.zb_nwk_call_leave_ind
                0x0000f00c       0x38 ../../../../../../../../../external/nrf5_sdk_thread_zigbee/external/zboss/lib/gcc/libzboss.a(nwk_main.o)
 .text.zb_nwk_leave_ind_zed
                0x0000f044       0x20 ../../../../../../../../../external/nrf5_sdk_thread_zigbee/external/zboss/lib/gcc/libzboss.a(nwk_main.o)
 .text.zb_nwk_leave_ind_prnt
                0x0000f064       0x20 ../../../../../../../../../external/nrf5_sdk_thread_zigbee/external/zboss/lib/gcc/libzboss.a(nwk_main.o)
 .text.nwk_alloc_and_fill_hdr_int
                0x0000f084      0x19c ../../../../../../../../../external/nrf5_sdk_thread_zigbee/external/zboss/lib/gcc/libzboss.a(nwk_main.o)
 .text.nwk_allocate_n_forward
                0x0000f220       0x50 ../../../../../../../../../external/nrf5_sdk_thread_zigbee/external/zboss/lib/gcc/libzboss.a(nwk_main.o)
 .text.send_unknown_command_status
                0x0000f270       0x4c ../../../../../../../../../external/nrf5_sdk_thread_zigbee/external/zboss/lib/gcc/libzboss.a(nwk_main.o)
 .text.zb_nwk_handle_init
                0x0000f2bc       0x24 ../../../../../../../../../external/nrf5_sdk_thread_zigbee/external/zboss/lib/gcc/libzboss.a(nwk_main.o)
                0x0000f2bc                zb_nwk_handle_init
 .text.zb_nwk_nib_init
                0x0000f2e0       0xf0 ../../../../../../../../../external/nrf5_sdk_thread_zigbee/external/zboss/lib/gcc/libzboss.a(nwk_main.o)
                0x0000f2e0                zb_nwk_nib_init
 .text.zb_nwk_init
                0x0000f3d0       0x3c ../../../../../../../../../external/nrf5_sdk_thread_zigbee/external/zboss/lib/gcc/libzboss.a(nwk_main.o)
                0x0000f3d0                zb_nwk_init
 .text.zb_nwk_get_pib_cache
                0x0000f40c        0x8 ../../../../../../../../../external/nrf5_sdk_thread_zigbee/external/zboss/lib/gcc/libzboss.a(nwk_main.o)
                0x0000f40c                zb_nwk_get_pib_cache
 .text.zb_nwk_source_routing_record_delete
                0x0000f414       0x4c ../../../../../../../../../external/nrf5_sdk_thread_zigbee/external/zboss/lib/gcc/libzboss.a(nwk_main.o)
                0x0000f414                zb_nwk_source_routing_record_delete
 .text.zb_nwk_forget_device
                0x0000f460      0x110 ../../../../../../../../../external/nrf5_sdk_thread_zigbee/external/zboss/lib/gcc/libzboss.a(nwk_main.o)
                0x0000f460                zb_nwk_forget_device
 .text.nwk_get_extra_src_routing_size
                0x0000f570       0x32 ../../../../../../../../../external/nrf5_sdk_thread_zigbee/external/zboss/lib/gcc/libzboss.a(nwk_main.o)
                0x0000f570                nwk_get_extra_src_routing_size
 *fill*         0x0000f5a2        0x2 
 .text.nwk_alloc_and_fill_hdr
                0x0000f5a4       0xa8 ../../../../../../../../../external/nrf5_sdk_thread_zigbee/external/zboss/lib/gcc/libzboss.a(nwk_main.o)
                0x0000f5a4                nwk_alloc_and_fill_hdr
 .text.zb_nwk_get_src_long_from_hdr
                0x0000f64c        0xc ../../../../../../../../../external/nrf5_sdk_thread_zigbee/external/zboss/lib/gcc/libzboss.a(nwk_main.o)
                0x0000f64c                zb_nwk_get_src_long_from_hdr
 .text.nwk_alloc_and_fill_cmd
                0x0000f658       0x10 ../../../../../../../../../external/nrf5_sdk_thread_zigbee/external/zboss/lib/gcc/libzboss.a(nwk_main.o)
                0x0000f658                nwk_alloc_and_fill_cmd
 .text.zb_mcps_data_confirm
                0x0000f668        0xc ../../../../../../../../../external/nrf5_sdk_thread_zigbee/external/zboss/lib/gcc/libzboss.a(nwk_main.o)
                0x0000f668                zb_mcps_data_confirm
 .text.zb_mcps_data_indication
                0x0000f674       0xa4 ../../../../../../../../../external/nrf5_sdk_thread_zigbee/external/zboss/lib/gcc/libzboss.a(nwk_main.o)
                0x0000f674                zb_mcps_data_indication
 .text.zb_nwk_unlock_in
                0x0000f718       0x98 ../../../../../../../../../external/nrf5_sdk_thread_zigbee/external/zboss/lib/gcc/libzboss.a(nwk_main.o)
                0x0000f718                zb_nwk_unlock_in
 .text.nwk_internal_lock_in
                0x0000f7b0       0x1c ../../../../../../../../../external/nrf5_sdk_thread_zigbee/external/zboss/lib/gcc/libzboss.a(nwk_main.o)
                0x0000f7b0                nwk_internal_lock_in
 .text.nwk_internal_unlock_in
                0x0000f7cc       0x10 ../../../../../../../../../external/nrf5_sdk_thread_zigbee/external/zboss/lib/gcc/libzboss.a(nwk_main.o)
                0x0000f7cc                nwk_internal_unlock_in
 .text.nwk_is_lq_bad_for_direct
                0x0000f7dc        0xc ../../../../../../../../../external/nrf5_sdk_thread_zigbee/external/zboss/lib/gcc/libzboss.a(nwk_main.o)
                0x0000f7dc                nwk_is_lq_bad_for_direct
 .text.zb_nwk_clear_btr_for_address
                0x0000f7e8       0x4c ../../../../../../../../../external/nrf5_sdk_thread_zigbee/external/zboss/lib/gcc/libzboss.a(nwk_main.o)
                0x0000f7e8                zb_nwk_clear_btr_for_address
 .text.zb_nwk_do_leave
                0x0000f834      0x1e8 ../../../../../../../../../external/nrf5_sdk_thread_zigbee/external/zboss/lib/gcc/libzboss.a(nwk_main.o)
                0x0000f834                zb_nwk_do_leave
 .text.zb_nwk_hdr_base_size
                0x0000fa1c       0x12 ../../../../../../../../../external/nrf5_sdk_thread_zigbee/external/zboss/lib/gcc/libzboss.a(nwk_main.o)
                0x0000fa1c                zb_nwk_hdr_base_size
 .text.zb_get_nwk_header_size
                0x0000fa2e       0x2e ../../../../../../../../../external/nrf5_sdk_thread_zigbee/external/zboss/lib/gcc/libzboss.a(nwk_main.o)
                0x0000fa2e                zb_get_nwk_header_size
 .text.nwk_call_nlde_data_confirm
                0x0000fa5c       0x50 ../../../../../../../../../external/nrf5_sdk_thread_zigbee/external/zboss/lib/gcc/libzboss.a(nwk_main.o)
                0x0000fa5c                nwk_call_nlde_data_confirm
 .text.zb_nwk_cmd_frame_get_cmd_id
                0x0000faac       0x10 ../../../../../../../../../external/nrf5_sdk_thread_zigbee/external/zboss/lib/gcc/libzboss.a(nwk_main.o)
 .text.zb_mcps_data_indication_cont
                0x0000fabc      0x6c8 ../../../../../../../../../external/nrf5_sdk_thread_zigbee/external/zboss/lib/gcc/libzboss.a(nwk_main.o)
                0x0000fabc                zb_mcps_data_indication_cont
 .text.nwk_txstat_tx_inc
                0x00010184       0x84 ../../../../../../../../../external/nrf5_sdk_thread_zigbee/external/zboss/lib/gcc/libzboss.a(nwk_main.o)
                0x00010184                nwk_txstat_tx_inc
 .text.nwk_txstat_fail_inc
                0x00010208       0x84 ../../../../../../../../../external/nrf5_sdk_thread_zigbee/external/zboss/lib/gcc/libzboss.a(nwk_main.o)
                0x00010208                nwk_txstat_fail_inc
 .text.zb_nwk_handle_mcps_data_confirm
                0x0001028c      0x360 ../../../../../../../../../external/nrf5_sdk_thread_zigbee/external/zboss/lib/gcc/libzboss.a(nwk_main.o)
                0x0001028c                zb_nwk_handle_mcps_data_confirm
 .text.nwk_txstat_clear
                0x000105ec       0x10 ../../../../../../../../../external/nrf5_sdk_thread_zigbee/external/zboss/lib/gcc/libzboss.a(nwk_main.o)
                0x000105ec                nwk_txstat_clear
 .text.zb_nwk_init_apsde_data_ind_params
                0x000105fc       0x1e ../../../../../../../../../external/nrf5_sdk_thread_zigbee/external/zboss/lib/gcc/libzboss.a(nwk_main.o)
                0x000105fc                zb_nwk_init_apsde_data_ind_params
 *fill*         0x0001061a        0x2 
 .text.mcps_indication_process_in
                0x0001061c       0xc0 ../../../../../../../../../external/nrf5_sdk_thread_zigbee/external/zboss/lib/gcc/libzboss.a(nwk_main.o)
                0x0001061c                mcps_indication_process_in
 .text.zb_nlde_data_request
                0x000106dc      0x130 ../../../../../../../../../external/nrf5_sdk_thread_zigbee/external/zboss/lib/gcc/libzboss.a(nwk_main.o)
                0x000106dc                zb_nlde_data_request
 .text.nwk_get_pkt_mac_source
                0x0001080c        0xc ../../../../../../../../../external/nrf5_sdk_thread_zigbee/external/zboss/lib/gcc/libzboss.a(nwk_main.o)
                0x0001080c                nwk_get_pkt_mac_source
 .text.zb_nwk_validate_leave_req
                0x00010818       0x54 ../../../../../../../../../external/nrf5_sdk_thread_zigbee/external/zboss/lib/gcc/libzboss.a(nwk_main.o)
                0x00010818                zb_nwk_validate_leave_req
 .text.nwk_frame_indication
                0x0001086c      0x3dc ../../../../../../../../../external/nrf5_sdk_thread_zigbee/external/zboss/lib/gcc/libzboss.a(nwk_main.o)
                0x0001086c                nwk_frame_indication
 .text.zb_mcps_build_data_request
                0x00010c48       0x48 ../../../../../../../../../external/nrf5_sdk_thread_zigbee/external/zboss/lib/gcc/libzboss.a(nwk_main.o)
                0x00010c48                zb_mcps_build_data_request
 .text.zb_nwk_forward
                0x00010c90      0x4ac ../../../../../../../../../external/nrf5_sdk_thread_zigbee/external/zboss/lib/gcc/libzboss.a(nwk_main.o)
                0x00010c90                zb_nwk_forward
 .text.zb_nwk_send_direct_leave_req
                0x0001113c       0x78 ../../../../../../../../../external/nrf5_sdk_thread_zigbee/external/zboss/lib/gcc/libzboss.a(nwk_main.o)
                0x0001113c                zb_nwk_send_direct_leave_req
 .text.nwk_mark_nwk_encr1
                0x000111b4        0x6 ../../../../../../../../../external/nrf5_sdk_thread_zigbee/external/zboss/lib/gcc/libzboss.a(nwk_main.o)
                0x000111b4                nwk_mark_nwk_encr1
 *fill*         0x000111ba        0x2 
 .text.zb_nwk_get_parent
                0x000111bc       0x34 ../../../../../../../../../external/nrf5_sdk_thread_zigbee/external/zboss/lib/gcc/libzboss.a(nwk_main.o)
                0x000111bc                zb_nwk_get_parent
 .text.zb_nwk_mm_sync_assoc_set_coord_addr_conf
                0x000111f0       0x20 ../../../../../../../../../external/nrf5_sdk_thread_zigbee/external/zboss/lib/gcc/libzboss.a(nwk_mm.o)
 .text.zb_nwk_mm_sync_assoc_set_short_addr_conf
                0x00011210       0x34 ../../../../../../../../../external/nrf5_sdk_thread_zigbee/external/zboss/lib/gcc/libzboss.a(nwk_mm.o)
 .text.zb_nwk_mm_sync_assoc_get_coord_addr_conf
                0x00011244       0x4c ../../../../../../../../../external/nrf5_sdk_thread_zigbee/external/zboss/lib/gcc/libzboss.a(nwk_mm.o)
 .text.zb_nwk_mm_mac_iface_table_init
                0x00011290       0x5c ../../../../../../../../../external/nrf5_sdk_thread_zigbee/external/zboss/lib/gcc/libzboss.a(nwk_mm.o)
                0x00011290                zb_nwk_mm_mac_iface_table_init
 .text.zb_nwk_mm_get_freq_band
                0x000112ec       0x3c ../../../../../../../../../external/nrf5_sdk_thread_zigbee/external/zboss/lib/gcc/libzboss.a(nwk_mm.o)
                0x000112ec                zb_nwk_mm_get_freq_band
 .text.zb_multimac_get_iface_id_by_channel_page
                0x00011328       0x40 ../../../../../../../../../external/nrf5_sdk_thread_zigbee/external/zboss/lib/gcc/libzboss.a(nwk_mm.o)
                0x00011328                zb_multimac_get_iface_id_by_channel_page
 .text.zb_mac_is_interface_active
                0x00011368       0x18 ../../../../../../../../../external/nrf5_sdk_thread_zigbee/external/zboss/lib/gcc/libzboss.a(nwk_mm.o)
                0x00011368                zb_mac_is_interface_active
 .text.zb_nwk_mm_sync_assoc
                0x00011380       0x2c ../../../../../../../../../external/nrf5_sdk_thread_zigbee/external/zboss/lib/gcc/libzboss.a(nwk_mm.o)
                0x00011380                zb_nwk_mm_sync_assoc
 .text.zb_multimac_mlme_start_request_proxy
                0x000113ac        0xc ../../../../../../../../../external/nrf5_sdk_thread_zigbee/external/zboss/lib/gcc/libzboss.a(nwk_multimac_proxy.o)
                0x000113ac                zb_multimac_mlme_start_request_proxy
 .text.zb_multimac_mlme_start_confirm_proxy
                0x000113b8        0xc ../../../../../../../../../external/nrf5_sdk_thread_zigbee/external/zboss/lib/gcc/libzboss.a(nwk_multimac_proxy.o)
                0x000113b8                zb_multimac_mlme_start_confirm_proxy
 .text.zb_multimac_mcps_data_request_proxy
                0x000113c4        0xc ../../../../../../../../../external/nrf5_sdk_thread_zigbee/external/zboss/lib/gcc/libzboss.a(nwk_multimac_proxy.o)
                0x000113c4                zb_multimac_mcps_data_request_proxy
 .text.zb_multimac_mlme_set_request_proxy
                0x000113d0        0xc ../../../../../../../../../external/nrf5_sdk_thread_zigbee/external/zboss/lib/gcc/libzboss.a(nwk_multimac_proxy.o)
                0x000113d0                zb_multimac_mlme_set_request_proxy
 .text.zb_multimac_mlme_reset_request_proxy
                0x000113dc        0xc ../../../../../../../../../external/nrf5_sdk_thread_zigbee/external/zboss/lib/gcc/libzboss.a(nwk_multimac_proxy.o)
                0x000113dc                zb_multimac_mlme_reset_request_proxy
 .text.zb_multimac_mlme_reset_confirm_proxy
                0x000113e8        0xc ../../../../../../../../../external/nrf5_sdk_thread_zigbee/external/zboss/lib/gcc/libzboss.a(nwk_multimac_proxy.o)
                0x000113e8                zb_multimac_mlme_reset_confirm_proxy
 .text.zb_multimac_mlme_get_request_proxy
                0x000113f4        0xc ../../../../../../../../../external/nrf5_sdk_thread_zigbee/external/zboss/lib/gcc/libzboss.a(nwk_multimac_proxy.o)
                0x000113f4                zb_multimac_mlme_get_request_proxy
 .text.zb_multimac_mcps_data_confirm_proxy
                0x00011400        0xc ../../../../../../../../../external/nrf5_sdk_thread_zigbee/external/zboss/lib/gcc/libzboss.a(nwk_multimac_proxy.o)
                0x00011400                zb_multimac_mcps_data_confirm_proxy
 .text.alloc_new_extneiboard
                0x0001140c       0x80 ../../../../../../../../../external/nrf5_sdk_thread_zigbee/external/zboss/lib/gcc/libzboss.a(nwk_neighbor.o)
 .text.zb_nwk_neighbor_init
                0x0001148c       0x30 ../../../../../../../../../external/nrf5_sdk_thread_zigbee/external/zboss/lib/gcc/libzboss.a(nwk_neighbor.o)
                0x0001148c                zb_nwk_neighbor_init
 .text.zb_nwk_exneighbor_by_short
                0x000114bc       0x54 ../../../../../../../../../external/nrf5_sdk_thread_zigbee/external/zboss/lib/gcc/libzboss.a(nwk_neighbor.o)
                0x000114bc                zb_nwk_exneighbor_by_short
 .text.zb_nwk_exneighbor_by_ieee
                0x00011510       0x9c ../../../../../../../../../external/nrf5_sdk_thread_zigbee/external/zboss/lib/gcc/libzboss.a(nwk_neighbor.o)
                0x00011510                zb_nwk_exneighbor_by_ieee
 .text.zb_nwk_neighbor_exists