Archive member included to satisfy reference by file (symbol)

../../../../lib/Eclipse/Release/libIOsonata_nRF9160.a(uart.o)
                              ./src/uart_prbs_tx.o (UARTvprintf)
../../../../lib/Eclipse/Release/libIOsonata_nRF9160.a(uart_nrfx.o)
                              ./src/uart_prbs_tx.o (UARTInit)
../../../../lib/Eclipse/Release/libIOsonata_nRF9160.a(CppRuntimeOverload.o)
                              ./src/uart_prbs_tx.o (operator delete(void*))
../../../../lib/Eclipse/Release/libIOsonata_nRF9160.a(ResetEntry.o)
                              (ResetEntry)
../../../../lib/Eclipse/Release/libIOsonata_nRF9160.a(Vectors_nRF9160.o)
                              ../../../../lib/Eclipse/Release/libIOsonata_nRF9160.a(ResetEntry.o) (__Vectors)
../../../../lib/Eclipse/Release/libIOsonata_nRF9160.a(cfifo.o)
                              ../../../../lib/Eclipse/Release/libIOsonata_nRF9160.a(uart_nrfx.o) (CFifoInit)
../../../../lib/Eclipse/Release/libIOsonata_nRF9160.a(device_intrf.o)
                              ./src/uart_prbs_tx.o (DeviceIntrfRx)
../../../../lib/Eclipse/Release/libIOsonata_nRF9160.a(prbs.o)
                              ./src/uart_prbs_tx.o (Prbs8)
../../../../lib/Eclipse/Release/libIOsonata_nRF9160.a(sbuffer.o)
                              ../../../../lib/Eclipse/Release/libIOsonata_nRF9160.a(uart.o) (s_BufferSize)
../../../../lib/Eclipse/Release/libIOsonata_nRF9160.a(system_nrf9160.o)
                              ../../../../lib/Eclipse/Release/libIOsonata_nRF9160.a(ResetEntry.o) (SystemCoreClockUpdate)
../../../../lib/Eclipse/Release/libIOsonata_nRF9160.a(iopincfg_nrfx.o)
                              ../../../../lib/Eclipse/Release/libIOsonata_nRF9160.a(uart_nrfx.o) (IOPinConfig)
../../../../lib/Eclipse/Release/libIOsonata_nRF9160.a(shared_irq_nrf91.o)
                              ../../../../lib/Eclipse/Release/libIOsonata_nRF9160.a(uart_nrfx.o) (SetSharedIntHandler)
/Applications/ARM/bin/../lib/gcc/arm-none-eabi/9.3.1/../../../../arm-none-eabi/lib/thumb/v8-m.main+fp/hard/libstdc++_nano.a(atexit_arm.o)
                              ./src/uart_prbs_tx.o (__aeabi_atexit)
/Applications/ARM/bin/../lib/gcc/arm-none-eabi/9.3.1/../../../../arm-none-eabi/lib/thumb/v8-m.main+fp/hard/libc_nano.a(lib_a-cxa_atexit.o)
                              /Applications/ARM/bin/../lib/gcc/arm-none-eabi/9.3.1/../../../../arm-none-eabi/lib/thumb/v8-m.main+fp/hard/libstdc++_nano.a(atexit_arm.o) (__cxa_atexit)
/Applications/ARM/bin/../lib/gcc/arm-none-eabi/9.3.1/../../../../arm-none-eabi/lib/thumb/v8-m.main+fp/hard/libc_nano.a(lib_a-exit.o)
                              /Applications/ARM/bin/../lib/gcc/arm-none-eabi/9.3.1/../../../../arm-none-eabi/lib/thumb/v8-m.main+fp/hard/crt0.o (exit)
/Applications/ARM/bin/../lib/gcc/arm-none-eabi/9.3.1/../../../../arm-none-eabi/lib/thumb/v8-m.main+fp/hard/libc_nano.a(lib_a-impure.o)
                              /Applications/ARM/bin/../lib/gcc/arm-none-eabi/9.3.1/../../../../arm-none-eabi/lib/thumb/v8-m.main+fp/hard/libc_nano.a(lib_a-exit.o) (_global_impure_ptr)
/Applications/ARM/bin/../lib/gcc/arm-none-eabi/9.3.1/../../../../arm-none-eabi/lib/thumb/v8-m.main+fp/hard/libc_nano.a(lib_a-init.o)
                              /Applications/ARM/bin/../lib/gcc/arm-none-eabi/9.3.1/../../../../arm-none-eabi/lib/thumb/v8-m.main+fp/hard/crt0.o (__libc_init_array)
/Applications/ARM/bin/../lib/gcc/arm-none-eabi/9.3.1/../../../../arm-none-eabi/lib/thumb/v8-m.main+fp/hard/libc_nano.a(lib_a-malloc.o)
                              ../../../../lib/Eclipse/Release/libIOsonata_nRF9160.a(CppRuntimeOverload.o) (malloc)
/Applications/ARM/bin/../lib/gcc/arm-none-eabi/9.3.1/../../../../arm-none-eabi/lib/thumb/v8-m.main+fp/hard/libc_nano.a(lib_a-memcpy-stub.o)
                              ../../../../lib/Eclipse/Release/libIOsonata_nRF9160.a(uart_nrfx.o) (memcpy)
/Applications/ARM/bin/../lib/gcc/arm-none-eabi/9.3.1/../../../../arm-none-eabi/lib/thumb/v8-m.main+fp/hard/libc_nano.a(lib_a-memset.o)
                              /Applications/ARM/bin/../lib/gcc/arm-none-eabi/9.3.1/../../../../arm-none-eabi/lib/thumb/v8-m.main+fp/hard/crt0.o (memset)
/Applications/ARM/bin/../lib/gcc/arm-none-eabi/9.3.1/../../../../arm-none-eabi/lib/thumb/v8-m.main+fp/hard/libc_nano.a(lib_a-nano-freer.o)
                              /Applications/ARM/bin/../lib/gcc/arm-none-eabi/9.3.1/../../../../arm-none-eabi/lib/thumb/v8-m.main+fp/hard/libc_nano.a(lib_a-malloc.o) (_free_r)
/Applications/ARM/bin/../lib/gcc/arm-none-eabi/9.3.1/../../../../arm-none-eabi/lib/thumb/v8-m.main+fp/hard/libc_nano.a(lib_a-nano-mallocr.o)
                              /Applications/ARM/bin/../lib/gcc/arm-none-eabi/9.3.1/../../../../arm-none-eabi/lib/thumb/v8-m.main+fp/hard/libc_nano.a(lib_a-malloc.o) (_malloc_r)
/Applications/ARM/bin/../lib/gcc/arm-none-eabi/9.3.1/../../../../arm-none-eabi/lib/thumb/v8-m.main+fp/hard/libc_nano.a(lib_a-on_exit_args.o)
[...]
Memory Configuration

Name             Origin             Length             Attributes
FLASH            0x0000000000000000 0x0000000000100000 xr
RAM              0x0000000020000000 0x0000000000040000 xrw
*default*        0x0000000000000000 0xffffffffffffffff

Linker script and memory map

LOAD /Applications/ARM/bin/../lib/gcc/arm-none-eabi/9.3.1/thumb/v8-m.main+fp/hard/crti.o
LOAD /Applications/ARM/bin/../lib/gcc/arm-none-eabi/9.3.1/thumb/v8-m.main+fp/hard/crtbegin.o
LOAD /Applications/ARM/bin/../lib/gcc/arm-none-eabi/9.3.1/../../../../arm-none-eabi/lib/thumb/v8-m.main+fp/hard/crt0.o
START GROUP
LOAD /Applications/ARM/bin/../lib/gcc/arm-none-eabi/9.3.1/thumb/v8-m.main+fp/hard/libgcc.a
END GROUP
LOAD ./src/uart_prbs_tx.o
LOAD ../../../../lib/Eclipse/Release/libIOsonata_nRF9160.a
LOAD /Applications/ARM/bin/../lib/gcc/arm-none-eabi/9.3.1/../../../../arm-none-eabi/lib/thumb/v8-m.main+fp/hard/libstdc++_nano.a
LOAD /Applications/ARM/bin/../lib/gcc/arm-none-eabi/9.3.1/../../../../arm-none-eabi/lib/thumb/v8-m.main+fp/hard/libm.a
LOAD /Applications/ARM/bin/../lib/gcc/arm-none-eabi/9.3.1/../../../../arm-none-eabi/lib/thumb/v8-m.main+fp/hard/libc_nano.a
START GROUP
LOAD /Applications/ARM/bin/../lib/gcc/arm-none-eabi/9.3.1/thumb/v8-m.main+fp/hard/libgcc.a
LOAD /Applications/ARM/bin/../lib/gcc/arm-none-eabi/9.3.1/../../../../arm-none-eabi/lib/thumb/v8-m.main+fp/hard/libg_nano.a
LOAD /Applications/ARM/bin/../lib/gcc/arm-none-eabi/9.3.1/../../../../arm-none-eabi/lib/thumb/v8-m.main+fp/hard/libc_nano.a
END GROUP
START GROUP
LOAD /Applications/ARM/bin/../lib/gcc/arm-none-eabi/9.3.1/thumb/v8-m.main+fp/hard/libgcc.a
LOAD /Applications/ARM/bin/../lib/gcc/arm-none-eabi/9.3.1/../../../../arm-none-eabi/lib/thumb/v8-m.main+fp/hard/libc_nano.a
END GROUP
LOAD /Applications/ARM/bin/../lib/gcc/arm-none-eabi/9.3.1/thumb/v8-m.main+fp/hard/crtend.o
LOAD /Applications/ARM/bin/../lib/gcc/arm-none-eabi/9.3.1/thumb/v8-m.main+fp/hard/crtn.o
START GROUP
LOAD /Applications/ARM/bin/../lib/gcc/arm-none-eabi/9.3.1/thumb/v8-m.main+fp/hard/libgcc.a
LOAD /Applications/ARM/bin/../lib/gcc/arm-none-eabi/9.3.1/../../../../arm-none-eabi/lib/thumb/v8-m.main+fp/hard/libc.a
LOAD /Applications/ARM/bin/../lib/gcc/arm-none-eabi/9.3.1/../../../../arm-none-eabi/lib/thumb/v8-m.main+fp/hard/libnosys.a
END GROUP

.bsdlib
 *(.bsdlibData)
                0x0000000000000000                __CheckSum = 0x0

.ivector        0x0000000000000000      0x320
                0x0000000000000000                __text_start__ = .
                0x0000000000000000                __isr_vector = .
 *(.vectors*)
 .vectors       0x0000000000000000      0x320 ../../../../lib/Eclipse/Release/libIOsonata_nRF9160.a(Vectors_nRF9160.o)
                0x0000000000000000                __Vectors

.Version        0x0000000000000320       0xe0
 *(.Version)
                0x0000000000000320        0x4 LONG 0x0 __CheckSum
 FILL mask 0xff
                0x00000000000000e0                . = (0x400 - SIZEOF (.ivector))
 *fill*         0x0000000000000324       0xdc ff

.FSec           0x0000000000000400       0x10
 *(.fseccfg)
                0x0000000000000400        0x4 LONG 0xffffffff
                0x0000000000000404        0x4 LONG 0xffffffff
                0x0000000000000408        0x4 LONG 0xffffffff
                0x000000000000040c        0x4 LONG 0xfffffffe

.AppStart       0x0000000000000410       0x60
 *(.AppStart)
 .AppStart      0x0000000000000410       0x60 ../../../../lib/Eclipse/Release/libIOsonata_nRF9160.a(ResetEntry.o)
                0x0000000000000410                ResetEntry

.text           0x0000000000000470     0x1d13
 *(.init)
 .init          0x0000000000000470        0x4 /Applications/ARM/bin/../lib/gcc/arm-none-eabi/9.3.1/thumb/v8-m.main+fp/hard/crti.o
                0x0000000000000470                _init
 .init          0x0000000000000474        0x8 /Applications/ARM/bin/../lib/gcc/arm-none-eabi/9.3.1/thumb/v8-m.main+fp/hard/crtn.o
 *(.fini)
 .fini          0x000000000000047c        0x4 /Applications/ARM/bin/../lib/gcc/arm-none-eabi/9.3.1/thumb/v8-m.main+fp/hard/crti.o
                0x000000000000047c                _fini
 .fini          0x0000000000000480        0x8 /Applications/ARM/bin/../lib/gcc/arm-none-eabi/9.3.1/thumb/v8-m.main+fp/hard/crtn.o
 *crtbegin.o(.ctors)
 *crtbegin?.o(.ctors)
 *(EXCLUDE_FILE(*crtend.o *crtend?.o) .ctors)
 *(SORT_BY_NAME(.ctors.*))
 *crtend.o(.ctors)
 *crtbegin.o(.dtors)
 *crtbegin?.o(.dtors)
 *(EXCLUDE_FILE(*crtend.o *crtend?.o) .dtors)
 *(SORT_BY_NAME(.dtors.*))
 *crtend.o(.dtors)
 *(.text*)
 .text          0x0000000000000488       0x40 /Applications/ARM/bin/../lib/gcc/arm-none-eabi/9.3.1/thumb/v8-m.main+fp/hard/crtbegin.o
 .text          0x00000000000004c8       0x7c /Applications/ARM/bin/../lib/gcc/arm-none-eabi/9.3.1/../../../../arm-none-eabi/lib/thumb/v8-m.main+fp/hard/crt0.o
                0x00000000000004c8                _stack_init
                0x00000000000004d0                _mainCRTStartup
                0x00000000000004d0                _start
 .text._ZN11DeviceIntrf4TypeEv
                0x0000000000000544        0xc ./src/uart_prbs_tx.o
                0x0000000000000544                DeviceIntrf::Type()
 .text._ZN11DeviceIntrf5ResetEv
                0x0000000000000550       0x14 ./src/uart_prbs_tx.o
                0x0000000000000550                DeviceIntrf::Reset()
 .text._ZN4UARTD2Ev
                0x0000000000000564        0x2 ./src/uart_prbs_tx.o
                0x0000000000000564                UART::~UART()
                0x0000000000000564                UART::~UART()
 .text._ZN4UARTcvKP14__device_intrfEv
                0x0000000000000566        0x4 ./src/uart_prbs_tx.o
                0x0000000000000566                UART::operator __device_intrf* const()
 .text._ZN4UART4RateEm
                0x000000000000056a        0x6 ./src/uart_prbs_tx.o
                0x000000000000056a                UART::Rate(unsigned long)
 .text._ZN4UART4RateEv
                0x0000000000000570        0x6 ./src/uart_prbs_tx.o
                0x0000000000000570                UART::Rate()
 .text._ZN4UART6RxDataEPhi
                0x0000000000000576        0x6 ./src/uart_prbs_tx.o
                0x0000000000000576                UART::RxData(unsigned char*, int)
 .text._ZN4UART6TxDataEPhi
                0x000000000000057c        0x6 ./src/uart_prbs_tx.o
                0x000000000000057c                UART::TxData(unsigned char*, int)
 .text._Z17nRFUartEvthandlerP10__Uart_Dev8UART_EVTPhi
                0x0000000000000582        0x4 ./src/uart_prbs_tx.o
                0x0000000000000582                nRFUartEvthandler(__Uart_Dev*, UART_EVT, unsigned char*, int)
 .text._ZN4UART4InitERK9UARTCfg_t
                0x0000000000000586        0x6 ./src/uart_prbs_tx.o
                0x0000000000000586                UART::Init(UARTCfg_t const&)
 .text._ZN4UART2TxEPhm
                0x000000000000058c        0xc ./src/uart_prbs_tx.o
                0x000000000000058c                UART::Tx(unsigned char*, unsigned long)
 .text._ZN11DeviceIntrf2TxEmPhi
                0x0000000000000598       0x1e ./src/uart_prbs_tx.o
                0x0000000000000598                DeviceIntrf::Tx(unsigned long, unsigned char*, int)
 .text._ZN4UARTD0Ev
                0x00000000000005b6        0xc ./src/uart_prbs_tx.o
                0x00000000000005b6                UART::~UART()
 .text._ZN4UART2RxEPhi
                0x00000000000005c2        0xc ./src/uart_prbs_tx.o
                0x00000000000005c2                UART::Rx(unsigned char*, int)
 .text._ZN11DeviceIntrf2RxEmPhi
                0x00000000000005ce       0x1e ./src/uart_prbs_tx.o
                0x00000000000005ce                DeviceIntrf::Rx(unsigned long, unsigned char*, int)
 .text._ZN4UART16SetCtrlLineStateEi
                0x00000000000005ec        0x6 ./src/uart_prbs_tx.o
                0x00000000000005ec                UART::SetCtrlLineState(int)
 .text._ZN4UART13RequestToSendEi
                0x00000000000005f2       0x16 ./src/uart_prbs_tx.o
                0x00000000000005f2                UART::RequestToSend(int)
 .text._ZN11DeviceIntrf5WriteEmPhiS0_i
                0x0000000000000608       0x26 ./src/uart_prbs_tx.o
                0x0000000000000608                DeviceIntrf::Write(unsigned long, unsigned char*, int, unsigned char*, int)
 .text._ZN11DeviceIntrf4ReadEmPhiS0_i
                0x000000000000062e       0x26 ./src/uart_prbs_tx.o
                0x000000000000062e                DeviceIntrf::Read(unsigned long, unsigned char*, int, unsigned char*, int)
 .text._ZN4UART7DisableEv
                0x0000000000000654       0x2e ./src/uart_prbs_tx.o
                0x0000000000000654                UART::Disable()
 .text._ZN4UART6EnableEv
                0x0000000000000682       0x1e ./src/uart_prbs_tx.o
                0x0000000000000682                UART::Enable()
 .text._ZN4UART6StopTxEv
                0x00000000000006a0       0x16 ./src/uart_prbs_tx.o
                0x00000000000006a0                UART::StopTx()
 .text._ZN4UART6StopRxEv
                0x00000000000006b6       0x16 ./src/uart_prbs_tx.o
                0x00000000000006b6                UART::StopRx()
 .text._ZN4UART7StartTxEm
                0x00000000000006cc       0x3a ./src/uart_prbs_tx.o
                0x00000000000006cc                UART::StartTx(unsigned long)
 .text._ZN4UART7StartRxEm
                0x0000000000000706       0x3a ./src/uart_prbs_tx.o
                0x0000000000000706                UART::StartRx(unsigned long)
 .text._ZN4UART6printfEPKcz
                0x0000000000000740       0x1c ./src/uart_prbs_tx.o
                0x0000000000000740                UART::printf(char const*, ...)
 .text.startup.main
                0x000000000000075c       0x48 ./src/uart_prbs_tx.o
                0x000000000000075c                main
 .text.startup._GLOBAL__sub_I_g_Uart
                0x00000000000007a4       0x34 ./src/uart_prbs_tx.o
 .text.UARTvprintf
                0x00000000000007d8       0x44 ../../../../lib/Eclipse/Release/libIOsonata_nRF9160.a(uart.o)
                0x00000000000007d8                UARTvprintf
 .text._ZL14nRFUARTGetRateP14__device_intrf
                0x000000000000081c        0x8 ../../../../lib/Eclipse/Release/libIOsonata_nRF9160.a(uart_nrfx.o)
 .text._ZL14nRFUARTSetRateP14__device_intrfm
                0x0000000000000824       0x30 ../../../../lib/Eclipse/Release/libIOsonata_nRF9160.a(uart_nrfx.o)
 .text._ZL14nRFUARTStartRxP14__device_intrfm
                0x0000000000000854        0x4 ../../../../lib/Eclipse/Release/libIOsonata_nRF9160.a(uart_nrfx.o)
 .text._ZL13nRFUARTStopRxP14__device_intrf
                0x0000000000000858        0x2 ../../../../lib/Eclipse/Release/libIOsonata_nRF9160.a(uart_nrfx.o)
 .text._ZL14nRFUARTDisableP14__device_intrf
                0x000000000000085a       0x26 ../../../../lib/Eclipse/Release/libIOsonata_nRF9160.a(uart_nrfx.o)
 .text._Z15nRFUARTPowerOffP14__device_intrf
                0x0000000000000880       0x16 ../../../../lib/Eclipse/Release/libIOsonata_nRF9160.a(uart_nrfx.o)
                0x0000000000000880                nRFUARTPowerOff(__device_intrf*)
 .text._ZL13nRFUARTRxDataP14__device_intrfPhi
                0x0000000000000896       0x62 ../../../../lib/Eclipse/Release/libIOsonata_nRF9160.a(uart_nrfx.o)
 .text._ZL14UartIrqHandleriP14__device_intrf
                0x00000000000008f8      0x188 ../../../../lib/Eclipse/Release/libIOsonata_nRF9160.a(uart_nrfx.o)
 .text._ZL13nRFUARTTxDataP14__device_intrfPhi
                0x0000000000000a80       0xb8 ../../../../lib/Eclipse/Release/libIOsonata_nRF9160.a(uart_nrfx.o)
 .text._ZL13nRFUARTEnableP14__device_intrf
                0x0000000000000b38       0x60 ../../../../lib/Eclipse/Release/libIOsonata_nRF9160.a(uart_nrfx.o)
 .text._ZL14nRFUARTStartTxP14__device_intrfm
                0x0000000000000b98        0x4 ../../../../lib/Eclipse/Release/libIOsonata_nRF9160.a(uart_nrfx.o)
 .text._ZL13nRFUARTStopTxP14__device_intrf
                0x0000000000000b9c        0x2 ../../../../lib/Eclipse/Release/libIOsonata_nRF9160.a(uart_nrfx.o)
 *fill*         0x0000000000000b9e        0x2 
 .text.UARTInit
                0x0000000000000ba0      0x3e8 ../../../../lib/Eclipse/Release/libIOsonata_nRF9160.a(uart_nrfx.o)
                0x0000000000000ba0                UARTInit
 .text.UARTSetCtrlLineState
                0x0000000000000f88        0x2 ../../../../lib/Eclipse/Release/libIOsonata_nRF9160.a(uart_nrfx.o)
                0x0000000000000f88                UARTSetCtrlLineState
 .text._ZdlPv   0x0000000000000f8a        0x4 ../../../../lib/Eclipse/Release/libIOsonata_nRF9160.a(CppRuntimeOverload.o)
                0x0000000000000f8a                operator delete(void*)
 .text.DEF_IRQHandler
                0x0000000000000f8e        0x2 ../../../../lib/Eclipse/Release/libIOsonata_nRF9160.a(Vectors_nRF9160.o)
                0x0000000000000f8e                CLOCK_POWER_IRQHandler
                0x0000000000000f8e                DebugMon_Handler
                0x0000000000000f8e                RTC0_IRQHandler
                0x0000000000000f8e                HardFault_Handler
                0x0000000000000f8e                SysTick_Handler
                0x0000000000000f8e                PWM1_IRQHandler
                0x0000000000000f8e                PendSV_Handler
                0x0000000000000f8e                NMI_Handler
                0x0000000000000f8e                PDM_IRQHandler
                0x0000000000000f8e                IPC_IRQHandler
                0x0000000000000f8e                PWM3_IRQHandler
                0x0000000000000f8e                UsageFault_Handler
                0x0000000000000f8e                EGU3_IRQHandler
                0x0000000000000f8e                KMU_IRQHandler
                0x0000000000000f8e                CRYPTOCELL_IRQHandler
                0x0000000000000f8e                I2S_IRQHandler
                0x0000000000000f8e                EGU2_IRQHandler
                0x0000000000000f8e                TIMER0_IRQHandler
                0x0000000000000f8e                EGU4_IRQHandler
                0x0000000000000f8e                SPU_IRQHandler
                0x0000000000000f8e                EGU0_IRQHandler
                0x0000000000000f8e                GPIOTE1_IRQHandler
                0x0000000000000f8e                TIMER1_IRQHandler
                0x0000000000000f8e                PWM2_IRQHandler
                0x0000000000000f8e                SecureFault_Handler
                0x0000000000000f8e                EGU1_IRQHandler
                0x0000000000000f8e                EGU5_IRQHandler
                0x0000000000000f8e                SAADC_IRQHandler
                0x0000000000000f8e                GPIOTE0_IRQHandler
                0x0000000000000f8e                WDT_IRQHandler
                0x0000000000000f8e                SVC_Handler
                0x0000000000000f8e                PWM0_IRQHandler
                0x0000000000000f8e                DEF_IRQHandler
                0x0000000000000f8e                RTC1_IRQHandler
                0x0000000000000f8e                BusFault_Handler
                0x0000000000000f8e                MemoryManagement_Handler
                0x0000000000000f8e                TIMER2_IRQHandler
 .text.CFifoInit
                0x0000000000000f90       0x24 ../../../../lib/Eclipse/Release/libIOsonata_nRF9160.a(cfifo.o)
                0x0000000000000f90                CFifoInit
 .text.CFifoGet
                0x0000000000000fb4       0x32 ../../../../lib/Eclipse/Release/libIOsonata_nRF9160.a(cfifo.o)
                0x0000000000000fb4                CFifoGet
 .text.CFifoGetMultiple
                0x0000000000000fe6       0x5a ../../../../lib/Eclipse/Release/libIOsonata_nRF9160.a(cfifo.o)
                0x0000000000000fe6                CFifoGetMultiple
 .text.CFifoPut
                0x0000000000001040       0x50 ../../../../lib/Eclipse/Release/libIOsonata_nRF9160.a(cfifo.o)
                0x0000000000001040                CFifoPut
 .text.CFifoPutMultiple
                0x0000000000001090       0x78 ../../../../lib/Eclipse/Release/libIOsonata_nRF9160.a(cfifo.o)
                0x0000000000001090                CFifoPutMultiple
 .text.CFifoFlush
                0x0000000000001108       0x12 ../../../../lib/Eclipse/Release/libIOsonata_nRF9160.a(cfifo.o)
                0x0000000000001108                CFifoFlush
 .text.CFifoAvail
                0x000000000000111a       0x2c ../../../../lib/Eclipse/Release/libIOsonata_nRF9160.a(cfifo.o)
                0x000000000000111a                CFifoAvail
 .text.CFifoUsed
                0x0000000000001146       0x26 ../../../../lib/Eclipse/Release/libIOsonata_nRF9160.a(cfifo.o)
                0x0000000000001146                CFifoUsed
 .text.DeviceIntrfStartTx
                0x000000000000116c       0x36 ../../../../lib/Eclipse/Release/libIOsonata_nRF9160.a(device_intrf.o)
 .text.DeviceIntrfStopTx
                0x00000000000011a2       0x14 ../../../../lib/Eclipse/Release/libIOsonata_nRF9160.a(device_intrf.o)
 .text.DeviceIntrfStopRx
                0x00000000000011b6       0x14 ../../../../lib/Eclipse/Release/libIOsonata_nRF9160.a(device_intrf.o)
 .text.DeviceIntrfRx
                0x00000000000011ca       0x78 ../../../../lib/Eclipse/Release/libIOsonata_nRF9160.a(device_intrf.o)
                0x00000000000011ca                DeviceIntrfRx
 .text.DeviceIntrfTx
                0x0000000000001242       0x50 ../../../../lib/Eclipse/Release/libIOsonata_nRF9160.a(device_intrf.o)
                0x0000000000001242                DeviceIntrfTx
 .text.DeviceIntrfRead
                0x0000000000001292       0x74 ../../../../lib/Eclipse/Release/libIOsonata_nRF9160.a(device_intrf.o)
                0x0000000000001292                DeviceIntrfRead
 .text.DeviceIntrfWrite
                0x0000000000001306       0x8a ../../../../lib/Eclipse/Release/libIOsonata_nRF9160.a(device_intrf.o)
                0x0000000000001306                DeviceIntrfWrite
 .text.Prbs8    0x0000000000001390       0x14 ../../../../lib/Eclipse/Release/libIOsonata_nRF9160.a(prbs.o)
                0x0000000000001390                Prbs8
 .text.nrf91_errata_14
                0x00000000000013a4       0x1c ../../../../lib/Eclipse/Release/libIOsonata_nRF9160.a(system_nrf9160.o)
 .text.SystemCoreClockUpdate
                0x00000000000013c0       0x10 ../../../../lib/Eclipse/Release/libIOsonata_nRF9160.a(system_nrf9160.o)
                0x00000000000013c0                SystemCoreClockUpdate
 .text.SystemInit
                0x00000000000013d0      0x164 ../../../../lib/Eclipse/Release/libIOsonata_nRF9160.a(system_nrf9160.o)
                0x00000000000013d0                SystemInit
 .text.IOPinConfig
                0x0000000000001534       0x54 ../../../../lib/Eclipse/Release/libIOsonata_nRF9160.a(iopincfg_nrfx.o)
                0x0000000000001534                IOPinConfig
 .text.SetSharedIntHandler
                0x0000000000001588       0x18 ../../../../lib/Eclipse/Release/libIOsonata_nRF9160.a(shared_irq_nrf91.o)
                0x0000000000001588                SetSharedIntHandler
 .text.UARTE0_SPIM0_SPIS0_TWIM0_TWIS0_IRQHandler
                0x00000000000015a0       0x24 ../../../../lib/Eclipse/Release/libIOsonata_nRF9160.a(shared_irq_nrf91.o)
                0x00000000000015a0                UARTE0_SPIM0_SPIS0_TWIM0_TWIS0_IRQHandler
 .text.UARTE1_SPIM1_SPIS1_TWIM1_TWIS1_IRQHandler
                0x00000000000015c4       0x24 ../../../../lib/Eclipse/Release/libIOsonata_nRF9160.a(shared_irq_nrf91.o)
                0x00000000000015c4                UARTE1_SPIM1_SPIS1_TWIM1_TWIS1_IRQHandler
 .text.UARTE2_SPIM2_SPIS2_TWIM2_TWIS2_IRQHandler
                0x00000000000015e8       0x24 ../../../../lib/Eclipse/Release/libIOsonata_nRF9160.a(shared_irq_nrf91.o)
                0x00000000000015e8                UARTE2_SPIM2_SPIS2_TWIM2_TWIS2_IRQHandler
 .text.UARTE3_SPIM3_SPIS3_TWIM3_TWIS3_IRQHandler
                0x000000000000160c       0x24 ../../../../lib/Eclipse/Release/libIOsonata_nRF9160.a(shared_irq_nrf91.o)
                0x000000000000160c                UARTE3_SPIM3_SPIS3_TWIM3_TWIS3_IRQHandler
 .text.__aeabi_atexit
                0x0000000000001630        0xa /Applications/ARM/bin/../lib/gcc/arm-none-eabi/9.3.1/../../../../arm-none-eabi/lib/thumb/v8-m.main+fp/hard/libstdc++_nano.a(atexit_arm.o)
                0x0000000000001630                __aeabi_atexit
 *fill*         0x000000000000163a        0x2 
 .text.__cxa_atexit
                0x000000000000163c       0x1c /Applications/ARM/bin/../lib/gcc/arm-none-eabi/9.3.1/../../../../arm-none-eabi/lib/thumb/v8-m.main+fp/hard/libc_nano.a(lib_a-cxa_atexit.o)
                0x000000000000163c                __cxa_atexit
 .text.exit     0x0000000000001658       0x28 /Applications/ARM/bin/../lib/gcc/arm-none-eabi/9.3.1/../../../../arm-none-eabi/lib/thumb/v8-m.main+fp/hard/libc_nano.a(lib_a-exit.o)
                0x0000000000001658                exit
 .text.__libc_init_array
                0x0000000000001680       0x48 /Applications/ARM/bin/../lib/gcc/arm-none-eabi/9.3.1/../../../../arm-none-eabi/lib/thumb/v8-m.main+fp/hard/libc_nano.a(lib_a-init.o)
                0x0000000000001680                __libc_init_array
 .text.free     0x00000000000016c8       0x10 /Applications/ARM/bin/../lib/gcc/arm-none-eabi/9.3.1/../../../../arm-none-eabi/lib/thumb/v8-m.main+fp/hard/libc_nano.a(lib_a-malloc.o)
                0x00000000000016c8                free
 .text.memcpy   0x00000000000016d8       0x1a /Applications/ARM/bin/../lib/gcc/arm-none-eabi/9.3.1/../../../../arm-none-eabi/lib/thumb/v8-m.main+fp/hard/libc_nano.a(lib_a-memcpy-stub.o)
                0x00000000000016d8                memcpy
 .text.memset   0x00000000000016f2       0x10 /Applications/ARM/bin/../lib/gcc/arm-none-eabi/9.3.1/../../../../arm-none-eabi/lib/thumb/v8-m.main+fp/hard/libc_nano.a(lib_a-memset.o)
                0x00000000000016f2                memset
 *fill*         0x0000000000001702        0x2 
 .text._free_r  0x0000000000001704       0xa0 /Applications/ARM/bin/../lib/gcc/arm-none-eabi/9.3.1/../../../../arm-none-eabi/lib/thumb/v8-m.main+fp/hard/libc_nano.a(lib_a-nano-freer.o)
                0x0000000000001704                _free_r
 .text._malloc_r
                0x00000000000017a4       0xb4 /Applications/ARM/bin/../lib/gcc/arm-none-eabi/9.3.1/../../../../arm-none-eabi/lib/thumb/v8-m.main+fp/hard/libc_nano.a(lib_a-nano-mallocr.o)
                0x00000000000017a4                _malloc_r
 .text._sbrk_r  0x0000000000001858       0x20 /Applications/ARM/bin/../lib/gcc/arm-none-eabi/9.3.1/../../../../arm-none-eabi/lib/thumb/v8-m.main+fp/hard/libc_nano.a(lib_a-sbrkr.o)
                0x0000000000001858                _sbrk_r
 .text          0x0000000000001878       0x10 /Applications/ARM/bin/../lib/gcc/arm-none-eabi/9.3.1/../../../../arm-none-eabi/lib/thumb/v8-m.main+fp/hard/libc_nano.a(lib_a-strlen.o)
                0x0000000000001878                strlen
 .text._vsnprintf_r
                0x0000000000001888       0x58 /Applications/ARM/bin/../lib/gcc/arm-none-eabi/9.3.1/../../../../arm-none-eabi/lib/thumb/v8-m.main+fp/hard/libc_nano.a(lib_a-vsnprintf.o)
                0x0000000000001888                _vsnprintf_r
                0x0000000000001888                _vsniprintf_r
 .text.vsnprintf
                0x00000000000018e0       0x1c /Applications/ARM/bin/../lib/gcc/arm-none-eabi/9.3.1/../../../../arm-none-eabi/lib/thumb/v8-m.main+fp/hard/libc_nano.a(lib_a-vsnprintf.o)
                0x00000000000018e0                vsnprintf
                0x00000000000018e0                vsniprintf
 .text.__malloc_lock
                0x00000000000018fc        0xc /Applications/ARM/bin/../lib/gcc/arm-none-eabi/9.3.1/../../../../arm-none-eabi/lib/thumb/v8-m.main+fp/hard/libc_nano.a(lib_a-mlock.o)
                0x00000000000018fc                __malloc_lock
 .text.__malloc_unlock
                0x0000000000001908        0xc /Applications/ARM/bin/../lib/gcc/arm-none-eabi/9.3.1/../../../../arm-none-eabi/lib/thumb/v8-m.main+fp/hard/libc_nano.a(lib_a-mlock.o)
                0x0000000000001908                __malloc_unlock
 .text.__ssputs_r
                0x0000000000001914       0xb6 /Applications/ARM/bin/../lib/gcc/arm-none-eabi/9.3.1/../../../../arm-none-eabi/lib/thumb/v8-m.main+fp/hard/libc_nano.a(lib_a-nano-svfprintf.o)
                0x0000000000001914                __ssputs_r
 *fill*         0x00000000000019ca        0x2 
 .text._svfprintf_r
                0x00000000000019cc      0x200 /Applications/ARM/bin/../lib/gcc/arm-none-eabi/9.3.1/../../../../arm-none-eabi/lib/thumb/v8-m.main+fp/hard/libc_nano.a(lib_a-nano-svfprintf.o)
                0x00000000000019cc                _svfprintf_r
                0x00000000000019cc                _svfiprintf_r
 .text._printf_common
                0x0000000000001bcc       0xe0 /Applications/ARM/bin/../lib/gcc/arm-none-eabi/9.3.1/../../../../arm-none-eabi/lib/thumb/v8-m.main+fp/hard/libc_nano.a(lib_a-nano-vfprintf_i.o)
                0x0000000000001bcc                _printf_common
 .text._printf_i
                0x0000000000001cac      0x24c /Applications/ARM/bin/../lib/gcc/arm-none-eabi/9.3.1/../../../../arm-none-eabi/lib/thumb/v8-m.main+fp/hard/libc_nano.a(lib_a-nano-vfprintf_i.o)
                0x0000000000001cac                _printf_i
 .text.__retarget_lock_acquire_recursive
                0x0000000000001ef8        0x2 /Applications/ARM/bin/../lib/gcc/arm-none-eabi/9.3.1/../../../../arm-none-eabi/lib/thumb/v8-m.main+fp/hard/libc_nano.a(lib_a-lock.o)
                0x0000000000001ef8                __retarget_lock_acquire_recursive
 .text.__retarget_lock_release_recursive
                0x0000000000001efa        0x2 /Applications/ARM/bin/../lib/gcc/arm-none-eabi/9.3.1/../../../../arm-none-eabi/lib/thumb/v8-m.main+fp/hard/libc_nano.a(lib_a-lock.o)
                0x0000000000001efa                __retarget_lock_release_recursive
 .text.memchr   0x0000000000001efc       0x1c /Applications/ARM/bin/../lib/gcc/arm-none-eabi/9.3.1/../../../../arm-none-eabi/lib/thumb/v8-m.main+fp/hard/libc_nano.a(lib_a-memchr-stub.o)
                0x0000000000001efc                memchr
 .text.memmove  0x0000000000001f18       0x34 /Applications/ARM/bin/../lib/gcc/arm-none-eabi/9.3.1/../../../../arm-none-eabi/lib/thumb/v8-m.main+fp/hard/libc_nano.a(lib_a-memmove.o)
                0x0000000000001f18                memmove
 .text._realloc_r
                0x0000000000001f4c       0x4c /Applications/ARM/bin/../lib/gcc/arm-none-eabi/9.3.1/../../../../arm-none-eabi/lib/thumb/v8-m.main+fp/hard/libc_nano.a(lib_a-nano-reallocr.o)
                0x0000000000001f4c                _realloc_r
 .text._malloc_usable_size_r
                0x0000000000001f98       0x10 /Applications/ARM/bin/../lib/gcc/arm-none-eabi/9.3.1/../../../../arm-none-eabi/lib/thumb/v8-m.main+fp/hard/libc_nano.a(lib_a-nano-msizer.o)
                0x0000000000001f98                _malloc_usable_size_r
 .text._sbrk    0x0000000000001fa8       0x1c /Applications/ARM/bin/../lib/gcc/arm-none-eabi/9.3.1/../../../../arm-none-eabi/lib/thumb/v8-m.main+fp/hard/libnosys.a(sbrk.o)
                0x0000000000001fa8                _sbrk
 .text._exit    0x0000000000001fc4        0x4 /Applications/ARM/bin/../lib/gcc/arm-none-eabi/9.3.1/../../../../arm-none-eabi/lib/thumb/v8-m.main+fp/hard/libnosys.a(_exit.o)
                0x0000000000001fc4                _exit
 *(.rodata .rodata.* .rodata1)
 .rodata.main.str1.1
                0x0000000000001fc8       0x11 ./src/uart_prbs_tx.o
 *fill*         0x0000000000001fd9        0x3 
 .rodata._ZTV4UART
                0x0000000000001fdc       0x68 ./src/uart_prbs_tx.o
                0x0000000000001fdc                vtable for UART
 .rodata._ZL10s_UartPins
                0x0000000000002044       0x40 ./src/uart_prbs_tx.o
 .rodata._ZL9s_UartCfg
                0x0000000000002084       0x48 ./src/uart_prbs_tx.o
 .rodata._ZL14s_nRFxBaudrate
                0x00000000000020cc       0x80 ../../../../lib/Eclipse/Release/libIOsonata_nRF9160.a(uart_nrfx.o)
 .rodata._global_impure_ptr
                0x000000000000214c        0x4 /Applications/ARM/bin/../lib/gcc/arm-none-eabi/9.3.1/../../../../arm-none-eabi/lib/thumb/v8-m.main+fp/hard/libc_nano.a(lib_a-impure.o)
                0x000000000000214c                _global_impure_ptr
 .rodata._svfprintf_r.str1.1
                0x0000000000002150       0x11 /Applications/ARM/bin/../lib/gcc/arm-none-eabi/9.3.1/../../../../arm-none-eabi/lib/thumb/v8-m.main+fp/hard/libc_nano.a(lib_a-nano-svfprintf.o)
 .rodata._printf_i.str1.1
                0x0000000000002161       0x22 /Applications/ARM/bin/../lib/gcc/arm-none-eabi/9.3.1/../../../../arm-none-eabi/lib/thumb/v8-m.main+fp/hard/libc_nano.a(lib_a-nano-vfprintf_i.o)
 *(.gnu.linkonce.r.*)

.glue_7         0x0000000000002184        0x0
 .glue_7        0x0000000000002184        0x0 linker stubs

.glue_7t        0x0000000000002184        0x0
 .glue_7t       0x0000000000002184        0x0 linker stubs

.vfp11_veneer   0x0000000000002184        0x0
 .vfp11_veneer  0x0000000000002184        0x0 linker stubs

.v4_bx          0x0000000000002184        0x0
 .v4_bx         0x0000000000002184        0x0 linker stubs

.iplt           0x0000000000002184        0x0
 .iplt          0x0000000000002184        0x0 /Applications/ARM/bin/../lib/gcc/arm-none-eabi/9.3.1/thumb/v8-m.main+fp/hard/crtbegin.o

.ARM.extab
 *(.ARM.extab* .gnu.linkonce.armextab.*)
                [!provide]                        PROVIDE (__exidx_start = .)

.ARM.exidx      0x0000000000002184        0x8
 *(.ARM.exidx* .gnu.linkonce.armexidx.*)
 .ARM.exidx     0x0000000000002184        0x8 /Applications/ARM/bin/../lib/gcc/arm-none-eabi/9.3.1/../../../../arm-none-eabi/lib/thumb/v8-m.main+fp/hard/crt0.o
                                         0x10 (size before relaxing)
                [!provide]                        PROVIDE (__exidx_end = .)

.eh_frame_hdr
 *(.eh_frame_hdr)

.eh_frame       0x000000000000218c        0x0
                0x000000000000218c                . = ALIGN (0x4)
 *(.eh_frame)
 .eh_frame      0x000000000000218c        0x0 /Applications/ARM/bin/../lib/gcc/arm-none-eabi/9.3.1/thumb/v8-m.main+fp/hard/crtbegin.o

.rel.dyn        0x000000000000218c        0x0
 .rel.iplt      0x000000000000218c        0x0 /Applications/ARM/bin/../lib/gcc/arm-none-eabi/9.3.1/thumb/v8-m.main+fp/hard/crtbegin.o

.gcc_except_table
                0x000000000000218c        0x0
                0x000000000000218c                . = ALIGN (0x4)
 *(.gcc_except_table .gcc_except_table.*)
                0x000000000000218c                . = ALIGN (0x4)
                0x000000000000218c                __text_end__ = .
                0x000000000000218c                __etext = .

.eh_frame
 *(.eh_frame)

.gcc_except_table
 *(.gcc_except_table .gcc_except_table.*)

.data           0x0000000020000000      0x2c0 load address 0x000000000000218c
                0x0000000020000000                PROVIDE (__preinit_array_start = .)
 *(.preinit_array)
                0x0000000020000000                PROVIDE (__preinit_array_end = .)
                0x0000000020000000                . = ALIGN (0x4)
                0x0000000020000000                PROVIDE (__init_array_start = .)
 *(SORT_BY_NAME(.init_array.*))
 *(.init_array)
 .init_array    0x0000000020000000        0x4 /Applications/ARM/bin/../lib/gcc/arm-none-eabi/9.3.1/thumb/v8-m.main+fp/hard/crtbegin.o
 .init_array    0x0000000020000004        0x4 ./src/uart_prbs_tx.o
                0x0000000020000008                PROVIDE (__init_array_end = .)
                0x0000000020000008                . = ALIGN (0x4)
                [!provide]                        PROVIDE (__fini_array_start = .)
 *(SORT_BY_NAME(.fini_array.*))
 *(.fini_array)
 .fini_array    0x0000000020000008        0x4 /Applications/ARM/bin/../lib/gcc/arm-none-eabi/9.3.1/thumb/v8-m.main+fp/hard/crtbegin.o
                [!provide]                        PROVIDE (__fini_array_end = .)
                0x000000002000000c                . = ALIGN (0x4)
 *(vtable)
 *(.data*)
 .data          0x000000002000000c        0x4 /Applications/ARM/bin/../lib/gcc/arm-none-eabi/9.3.1/thumb/v8-m.main+fp/hard/crtbegin.o
                0x000000002000000c                __dso_handle
 .data._ZL13s_nRFxUARTDev
                0x0000000020000010      0x240 ../../../../lib/Eclipse/Release/libIOsonata_nRF9160.a(uart_nrfx.o)
 .data.SystemMicroSecLoopCnt
                0x0000000020000250        0x4 ../../../../lib/Eclipse/Release/libIOsonata_nRF9160.a(ResetEntry.o)
                0x0000000020000250                SystemMicroSecLoopCnt
 .data.s_BufferSize
                0x0000000020000254        0x4 ../../../../lib/Eclipse/Release/libIOsonata_nRF9160.a(sbuffer.o)
                0x0000000020000254                s_BufferSize
 .data.SystemCoreClock
                0x0000000020000258        0x4 ../../../../lib/Eclipse/Release/libIOsonata_nRF9160.a(system_nrf9160.o)
                0x0000000020000258                SystemCoreClock
 .data._impure_ptr
                0x000000002000025c        0x4 /Applications/ARM/bin/../lib/gcc/arm-none-eabi/9.3.1/../../../../arm-none-eabi/lib/thumb/v8-m.main+fp/hard/libc_nano.a(lib_a-impure.o)
                0x000000002000025c                _impure_ptr
 .data.impure_data
                0x0000000020000260       0x60 /Applications/ARM/bin/../lib/gcc/arm-none-eabi/9.3.1/../../../../arm-none-eabi/lib/thumb/v8-m.main+fp/hard/libc_nano.a(lib_a-impure.o)
 *(.fastrun*)
 *(.jcr)
                0x00000000200002c0                __data_end__ = .
                0x0000000020000000                __data_start__ = ADDR (.data)
                0x000000000000218c                __data_loc__ = LOADADDR (.data)
                0x00000000000002c0                __data_size__ = (__bss_start__ - __data_start__)

.igot.plt       0x00000000200002c0        0x0 load address 0x000000000000244c
 .igot.plt      0x00000000200002c0        0x0 /Applications/ARM/bin/../lib/gcc/arm-none-eabi/9.3.1/thumb/v8-m.main+fp/hard/crtbegin.o

.bss            0x00000000200002c0      0x17d load address 0x000000000000244c
                0x00000000200002c0                __bss_start__ = .
 *(.bss*)
 .bss           0x00000000200002c0       0x1c /Applications/ARM/bin/../lib/gcc/arm-none-eabi/9.3.1/thumb/v8-m.main+fp/hard/crtbegin.o
 .bss.g_Uart    0x00000000200002dc       0xa8 ./src/uart_prbs_tx.o
                0x00000000200002dc                g_Uart
 .bss.s_Buffer  0x0000000020000384       0x80 ../../../../lib/Eclipse/Release/libIOsonata_nRF9160.a(sbuffer.o)
                0x0000000020000384                s_Buffer
 .bss._ZL8s_DevIrq
                0x0000000020000404       0x20 ../../../../lib/Eclipse/Release/libIOsonata_nRF9160.a(shared_irq_nrf91.o)
 .bss.__malloc_free_list
                0x0000000020000424        0x4 /Applications/ARM/bin/../lib/gcc/arm-none-eabi/9.3.1/../../../../arm-none-eabi/lib/thumb/v8-m.main+fp/hard/libc_nano.a(lib_a-nano-mallocr.o)
                0x0000000020000424                __malloc_free_list
 .bss.__malloc_sbrk_start
                0x0000000020000428        0x4 /Applications/ARM/bin/../lib/gcc/arm-none-eabi/9.3.1/../../../../arm-none-eabi/lib/thumb/v8-m.main+fp/hard/libc_nano.a(lib_a-nano-mallocr.o)
                0x0000000020000428                __malloc_sbrk_start
 .bss.heap_end.5507
                0x000000002000042c        0x4 /Applications/ARM/bin/../lib/gcc/arm-none-eabi/9.3.1/../../../../arm-none-eabi/lib/thumb/v8-m.main+fp/hard/libnosys.a(sbrk.o)
 *(COMMON)
 COMMON         0x0000000020000430        0x4 /Applications/ARM/bin/../lib/gcc/arm-none-eabi/9.3.1/../../../../arm-none-eabi/lib/thumb/v8-m.main+fp/hard/libc_nano.a(lib_a-reent.o)
                0x0000000020000430                errno
 COMMON         0x0000000020000434        0x9 /Applications/ARM/bin/../lib/gcc/arm-none-eabi/9.3.1/../../../../arm-none-eabi/lib/thumb/v8-m.main+fp/hard/libc_nano.a(lib_a-lock.o)
                0x0000000020000434                __lock___atexit_recursive_mutex
                0x0000000020000435                __lock___arc4random_mutex
                0x0000000020000436                __lock___env_recursive_mutex
                0x0000000020000437                __lock___sinit_recursive_mutex
                0x0000000020000438                __lock___malloc_recursive_mutex
                0x0000000020000439                __lock___at_quick_exit_mutex
                0x000000002000043a                __lock___dd_hash_mutex
                0x000000002000043b                __lock___tz_mutex
                0x000000002000043c                __lock___sfp_recursive_mutex
 *(.gnu.linkonce.b.*)
                0x000000002000043d                __bss_end__ = .
                0x0000000020000440                PROVIDE (end = .)
                0x000000000000017d                __bss_size__ = SIZEOF (.bss)

.heap           0x0000000020000440        0x0 load address 0x000000000000244c
                0x0000000020000440                __end__ = .
                0x0000000020000440                end = __end__
                0x0000000020000440                _pvHeapStart = .
 *(.heap*)
                0x0000000020000440                __HeapLimit = .

.stack_dummy
 *(.stack*)
                0x0000000020040000                __StackTop = (ORIGIN (RAM) + LENGTH (RAM))
                0x0000000020000444                __StackLimit = (__HeapLimit + 0x4)
                0x0000000020040000                PROVIDE (__stack = __StackTop)
                0x0000000000000001                ASSERT ((__StackLimit >= __HeapLimit), region RAM overflowed with stack)
OUTPUT(UartPrbsTxTest.elf elf32-littlearm)
LOAD linker stubs

.ARM.attributes
                0x0000000000000000       0x36
 .ARM.attributes
                0x0000000000000000       0x22 /Applications/ARM/bin/../lib/gcc/arm-none-eabi/9.3.1/thumb/v8-m.main+fp/hard/crti.o
 .ARM.attributes
                0x0000000000000022       0x38 /Applications/ARM/bin/../lib/gcc/arm-none-eabi/9.3.1/thumb/v8-m.main+fp/hard/crtbegin.o
 .ARM.attributes
                0x000000000000005a       0x20 /Applications/ARM/bin/../lib/gcc/arm-none-eabi/9.3.1/../../../../arm-none-eabi/lib/thumb/v8-m.main+fp/hard/crt0.o
 .ARM.attributes
                0x000000000000007a       0x3a ./src/uart_prbs_tx.o
 .ARM.attributes
                0x00000000000000b4       0x3a ../../../../lib/Eclipse/Release/libIOsonata_nRF9160.a(uart.o)
 .ARM.attributes
                0x00000000000000ee       0x3a ../../../../lib/Eclipse/Release/libIOsonata_nRF9160.a(uart_nrfx.o)
 .ARM.attributes
                0x0000000000000128       0x3a ../../../../lib/Eclipse/Release/libIOsonata_nRF9160.a(CppRuntimeOverload.o)
 .ARM.attributes
                0x0000000000000162       0x3a ../../../../lib/Eclipse/Release/libIOsonata_nRF9160.a(ResetEntry.o)
 .ARM.attributes
                0x000000000000019c       0x3a ../../../../lib/Eclipse/Release/libIOsonata_nRF9160.a(Vectors_nRF9160.o)
 .ARM.attributes
                0x00000000000001d6       0x3a ../../../../lib/Eclipse/Release/libIOsonata_nRF9160.a(cfifo.o)
 .ARM.attributes
                0x0000000000000210       0x3a ../../../../lib/Eclipse/Release/libIOsonata_nRF9160.a(device_intrf.o)
 .ARM.attributes
                0x000000000000024a       0x3a ../../../../lib/Eclipse/Release/libIOsonata_nRF9160.a(prbs.o)
 .ARM.attributes
                0x0000000000000284       0x3c ../../../../lib/Eclipse/Release/libIOsonata_nRF9160.a(sbuffer.o)
 .ARM.attributes
                0x00000000000002c0       0x3a ../../../../lib/Eclipse/Release/libIOsonata_nRF9160.a(system_nrf9160.o)
 .ARM.attributes
                0x00000000000002fa       0x3a ../../../../lib/Eclipse/Release/libIOsonata_nRF9160.a(iopincfg_nrfx.o)
 .ARM.attributes
                0x0000000000000334       0x3a ../../../../lib/Eclipse/Release/libIOsonata_nRF9160.a(shared_irq_nrf91.o)
 .ARM.attributes
                0x000000000000036e       0x38 /Applications/ARM/bin/../lib/gcc/arm-none-eabi/9.3.1/../../../../arm-none-eabi/lib/thumb/v8-m.main+fp/hard/libstdc++_nano.a(atexit_arm.o)
 .ARM.attributes
                0x00000000000003a6       0x38 /Applications/ARM/bin/../lib/gcc/arm-none-eabi/9.3.1/../../../../arm-none-eabi/lib/thumb/v8-m.main+fp/hard/libc_nano.a(lib_a-cxa_atexit.o)
 .ARM.attributes
                0x00000000000003de       0x38 /Applications/ARM/bin/../lib/gcc/arm-none-eabi/9.3.1/../../../../arm-none-eabi/lib/thumb/v8-m.main+fp/hard/libc_nano.a(lib_a-exit.o)
 .ARM.attributes
                0x0000000000000416       0x36 /Applications/ARM/bin/../lib/gcc/arm-none-eabi/9.3.1/../../../../arm-none-eabi/lib/thumb/v8-m.main+fp/hard/libc_nano.a(lib_a-impure.o)
 .ARM.attributes
                0x000000000000044c       0x38 /Applications/ARM/bin/../lib/gcc/arm-none-eabi/9.3.1/../../../../arm-none-eabi/lib/thumb/v8-m.main+fp/hard/libc_nano.a(lib_a-init.o)
 .ARM.attributes
                0x0000000000000484       0x38 /Applications/ARM/bin/../lib/gcc/arm-none-eabi/9.3.1/../../../../arm-none-eabi/lib/thumb/v8-m.main+fp/hard/libc_nano.a(lib_a-malloc.o)
 .ARM.attributes
                0x00000000000004bc       0x38 /Applications/ARM/bin/../lib/gcc/arm-none-eabi/9.3.1/../../../../arm-none-eabi/lib/thumb/v8-m.main+fp/hard/libc_nano.a(lib_a-memcpy-stub.o)
 .ARM.attributes
                0x00000000000004f4       0x38 /Applications/ARM/bin/../lib/gcc/arm-none-eabi/9.3.1/../../../../arm-none-eabi/lib/thumb/v8-m.main+fp/hard/libc_nano.a(lib_a-memset.o)
 .ARM.attributes
                0x000000000000052c       0x38 /Applications/ARM/bin/../lib/gcc/arm-none-eabi/9.3.1/../../../../arm-none-eabi/lib/thumb/v8-m.main+fp/hard/libc_nano.a(lib_a-nano-freer.o)
 .ARM.attributes
                0x0000000000000564       0x38 /Applications/ARM/bin/../lib/gcc/arm-none-eabi/9.3.1/../../../../arm-none-eabi/lib/thumb/v8-m.main+fp/hard/libc_nano.a(lib_a-nano-mallocr.o)
 .ARM.attributes
                0x000000000000059c       0x38 /Applications/ARM/bin/../lib/gcc/arm-none-eabi/9.3.1/../../../../arm-none-eabi/lib/thumb/v8-m.main+fp/hard/libc_nano.a(lib_a-sbrkr.o)
 .ARM.attributes
                0x00000000000005d4       0x17 /Applications/ARM/bin/../lib/gcc/arm-none-eabi/9.3.1/../../../../arm-none-eabi/lib/thumb/v8-m.main+fp/hard/libc_nano.a(lib_a-strlen.o)
 .ARM.attributes
                0x00000000000005eb       0x38 /Applications/ARM/bin/../lib/gcc/arm-none-eabi/9.3.1/../../../../arm-none-eabi/lib/thumb/v8-m.main+fp/hard/libc_nano.a(lib_a-vsnprintf.o)
 .ARM.attributes
                0x0000000000000623       0x38 /Applications/ARM/bin/../lib/gcc/arm-none-eabi/9.3.1/../../../../arm-none-eabi/lib/thumb/v8-m.main+fp/hard/libc_nano.a(lib_a-mlock.o)
 .ARM.attributes
                0x000000000000065b       0x38 /Applications/ARM/bin/../lib/gcc/arm-none-eabi/9.3.1/../../../../arm-none-eabi/lib/thumb/v8-m.main+fp/hard/libc_nano.a(lib_a-nano-svfprintf.o)
 .ARM.attributes
                0x0000000000000693       0x38 /Applications/ARM/bin/../lib/gcc/arm-none-eabi/9.3.1/../../../../arm-none-eabi/lib/thumb/v8-m.main+fp/hard/libc_nano.a(lib_a-nano-vfprintf_i.o)
 .ARM.attributes
                0x00000000000006cb       0x38 /Applications/ARM/bin/../lib/gcc/arm-none-eabi/9.3.1/../../../../arm-none-eabi/lib/thumb/v8-m.main+fp/hard/libc_nano.a(lib_a-reent.o)
 .ARM.attributes
                0x0000000000000703       0x38 /Applications/ARM/bin/../lib/gcc/arm-none-eabi/9.3.1/../../../../arm-none-eabi/lib/thumb/v8-m.main+fp/hard/libc_nano.a(lib_a-lock.o)
 .ARM.attributes
                0x000000000000073b       0x38 /Applications/ARM/bin/../lib/gcc/arm-none-eabi/9.3.1/../../../../arm-none-eabi/lib/thumb/v8-m.main+fp/hard/libc_nano.a(lib_a-memchr-stub.o)
 .ARM.attributes
                0x0000000000000773       0x38 /Applications/ARM/bin/../lib/gcc/arm-none-eabi/9.3.1/../../../../arm-none-eabi/lib/thumb/v8-m.main+fp/hard/libc_nano.a(lib_a-memmove.o)
 .ARM.attributes
                0x00000000000007ab       0x38 /Applications/ARM/bin/../lib/gcc/arm-none-eabi/9.3.1/../../../../arm-none-eabi/lib/thumb/v8-m.main+fp/hard/libc_nano.a(lib_a-nano-reallocr.o)
 .ARM.attributes
                0x00000000000007e3       0x38 /Applications/ARM/bin/../lib/gcc/arm-none-eabi/9.3.1/../../../../arm-none-eabi/lib/thumb/v8-m.main+fp/hard/libc_nano.a(lib_a-nano-msizer.o)
 .ARM.attributes
                0x000000000000081b       0x22 /Applications/ARM/bin/../lib/gcc/arm-none-eabi/9.3.1/thumb/v8-m.main+fp/hard/crtn.o
 .ARM.attributes
                0x000000000000083d       0x38 /Applications/ARM/bin/../lib/gcc/arm-none-eabi/9.3.1/../../../../arm-none-eabi/lib/thumb/v8-m.main+fp/hard/libnosys.a(sbrk.o)
 .ARM.attributes
                0x0000000000000875       0x38 /Applications/ARM/bin/../lib/gcc/arm-none-eabi/9.3.1/../../../../arm-none-eabi/lib/thumb/v8-m.main+fp/hard/libnosys.a(_exit.o)

.comment        0x0000000000000000       0x4c
 .comment       0x0000000000000000       0x4c ./src/uart_prbs_tx.o
                                         0x4d (size before relaxing)
 .comment       0x000000000000004c       0x4d ../../../../lib/Eclipse/Release/libIOsonata_nRF9160.a(uart.o)
 .comment       0x000000000000004c       0x4d ../../../../lib/Eclipse/Release/libIOsonata_nRF9160.a(uart_nrfx.o)
 .comment       0x000000000000004c       0x4d ../../../../lib/Eclipse/Release/libIOsonata_nRF9160.a(CppRuntimeOverload.o)
 .comment       0x000000000000004c       0x4d ../../../../lib/Eclipse/Release/libIOsonata_nRF9160.a(ResetEntry.o)
 .comment       0x000000000000004c       0x4d ../../../../lib/Eclipse/Release/libIOsonata_nRF9160.a(Vectors_nRF9160.o)
 .comment       0x000000000000004c       0x4d ../../../../lib/Eclipse/Release/libIOsonata_nRF9160.a(cfifo.o)
 .comment       0x000000000000004c       0x4d ../../../../lib/Eclipse/Release/libIOsonata_nRF9160.a(device_intrf.o)
 .comment       0x000000000000004c       0x4d ../../../../lib/Eclipse/Release/libIOsonata_nRF9160.a(prbs.o)
 .comment       0x000000000000004c       0x4d ../../../../lib/Eclipse/Release/libIOsonata_nRF9160.a(sbuffer.o)
 .comment       0x000000000000004c       0x4d ../../../../lib/Eclipse/Release/libIOsonata_nRF9160.a(system_nrf9160.o)
 .comment       0x000000000000004c       0x4d ../../../../lib/Eclipse/Release/libIOsonata_nRF9160.a(iopincfg_nrfx.o)
 .comment       0x000000000000004c       0x4d ../../../../lib/Eclipse/Release/libIOsonata_nRF9160.a(shared_irq_nrf91.o)

.debug_info     0x0000000000000000    0x12e01
 .debug_info    0x0000000000000000     0x3eb1 ./src/uart_prbs_tx.o
 .debug_info    0x0000000000003eb1     0x1194 ../../../../lib/Eclipse/Release/libIOsonata_nRF9160.a(uart.o)
 .debug_info    0x0000000000005045     0x3fec ../../../../lib/Eclipse/Release/libIOsonata_nRF9160.a(uart_nrfx.o)
 .debug_info    0x0000000000009031     0x10dc ../../../../lib/Eclipse/Release/libIOsonata_nRF9160.a(CppRuntimeOverload.o)
 .debug_info    0x000000000000a10d      0xa72 ../../../../lib/Eclipse/Release/libIOsonata_nRF9160.a(ResetEntry.o)
 .debug_info    0x000000000000ab7f      0x10b ../../../../lib/Eclipse/Release/libIOsonata_nRF9160.a(Vectors_nRF9160.o)
 .debug_info    0x000000000000ac8a     0x128a ../../../../lib/Eclipse/Release/libIOsonata_nRF9160.a(cfifo.o)
 .debug_info    0x000000000000bf14     0x237d ../../../../lib/Eclipse/Release/libIOsonata_nRF9160.a(device_intrf.o)
 .debug_info    0x000000000000e291       0xc3 ../../../../lib/Eclipse/Release/libIOsonata_nRF9160.a(prbs.o)
 .debug_info    0x000000000000e354       0x67 ../../../../lib/Eclipse/Release/libIOsonata_nRF9160.a(sbuffer.o)
 .debug_info    0x000000000000e3bb      0xf87 ../../../../lib/Eclipse/Release/libIOsonata_nRF9160.a(system_nrf9160.o)
 .debug_info    0x000000000000f342     0x1c4b ../../../../lib/Eclipse/Release/libIOsonata_nRF9160.a(iopincfg_nrfx.o)
 .debug_info    0x0000000000010f8d     0x1e74 ../../../../lib/Eclipse/Release/libIOsonata_nRF9160.a(shared_irq_nrf91.o)

.debug_abbrev   0x0000000000000000     0x3312
 .debug_abbrev  0x0000000000000000      0x9ee ./src/uart_prbs_tx.o
 .debug_abbrev  0x00000000000009ee      0x33f ../../../../lib/Eclipse/Release/libIOsonata_nRF9160.a(uart.o)
 .debug_abbrev  0x0000000000000d2d      0x855 ../../../../lib/Eclipse/Release/libIOsonata_nRF9160.a(uart_nrfx.o)
 .debug_abbrev  0x0000000000001582      0x35f ../../../../lib/Eclipse/Release/libIOsonata_nRF9160.a(CppRuntimeOverload.o)
 .debug_abbrev  0x00000000000018e1      0x242 ../../../../lib/Eclipse/Release/libIOsonata_nRF9160.a(ResetEntry.o)
 .debug_abbrev  0x0000000000001b23       0xbc ../../../../lib/Eclipse/Release/libIOsonata_nRF9160.a(Vectors_nRF9160.o)
 .debug_abbrev  0x0000000000001bdf      0x3a8 ../../../../lib/Eclipse/Release/libIOsonata_nRF9160.a(cfifo.o)
 .debug_abbrev  0x0000000000001f87      0x64c ../../../../lib/Eclipse/Release/libIOsonata_nRF9160.a(device_intrf.o)
 .debug_abbrev  0x00000000000025d3       0x7d ../../../../lib/Eclipse/Release/libIOsonata_nRF9160.a(prbs.o)
 .debug_abbrev  0x0000000000002650       0x4b ../../../../lib/Eclipse/Release/libIOsonata_nRF9160.a(sbuffer.o)
 .debug_abbrev  0x000000000000269b      0x2d8 ../../../../lib/Eclipse/Release/libIOsonata_nRF9160.a(system_nrf9160.o)
 .debug_abbrev  0x0000000000002973      0x4df ../../../../lib/Eclipse/Release/libIOsonata_nRF9160.a(iopincfg_nrfx.o)
 .debug_abbrev  0x0000000000002e52      0x4c0 ../../../../lib/Eclipse/Release/libIOsonata_nRF9160.a(shared_irq_nrf91.o)

.debug_loc      0x0000000000000000     0x427f
 .debug_loc     0x0000000000000000     0x1186 ./src/uart_prbs_tx.o
 .debug_loc     0x0000000000001186      0x171 ../../../../lib/Eclipse/Release/libIOsonata_nRF9160.a(uart.o)
 .debug_loc     0x00000000000012f7      0xce9 ../../../../lib/Eclipse/Release/libIOsonata_nRF9160.a(uart_nrfx.o)
 .debug_loc     0x0000000000001fe0       0x4a ../../../../lib/Eclipse/Release/libIOsonata_nRF9160.a(CppRuntimeOverload.o)
 .debug_loc     0x000000000000202a      0xa19 ../../../../lib/Eclipse/Release/libIOsonata_nRF9160.a(cfifo.o)
 .debug_loc     0x0000000000002a43      0x9e3 ../../../../lib/Eclipse/Release/libIOsonata_nRF9160.a(device_intrf.o)
 .debug_loc     0x0000000000003426       0x5f ../../../../lib/Eclipse/Release/libIOsonata_nRF9160.a(prbs.o)
 .debug_loc     0x0000000000003485      0x1a5 ../../../../lib/Eclipse/Release/libIOsonata_nRF9160.a(system_nrf9160.o)
 .debug_loc     0x000000000000362a      0xb80 ../../../../lib/Eclipse/Release/libIOsonata_nRF9160.a(iopincfg_nrfx.o)
 .debug_loc     0x00000000000041aa       0xd5 ../../../../lib/Eclipse/Release/libIOsonata_nRF9160.a(shared_irq_nrf91.o)

.debug_aranges  0x0000000000000000      0x3e8
 .debug_aranges
                0x0000000000000000       0xf8 ./src/uart_prbs_tx.o
 .debug_aranges
                0x00000000000000f8       0x28 ../../../../lib/Eclipse/Release/libIOsonata_nRF9160.a(uart.o)
 .debug_aranges
                0x0000000000000120       0x90 ../../../../lib/Eclipse/Release/libIOsonata_nRF9160.a(uart_nrfx.o)
 .debug_aranges
                0x00000000000001b0       0x30 ../../../../lib/Eclipse/Release/libIOsonata_nRF9160.a(CppRuntimeOverload.o)
 .debug_aranges
                0x00000000000001e0       0x20 ../../../../lib/Eclipse/Release/libIOsonata_nRF9160.a(ResetEntry.o)
 .debug_aranges
                0x0000000000000200       0x20 ../../../../lib/Eclipse/Release/libIOsonata_nRF9160.a(Vectors_nRF9160.o)
 .debug_aranges
                0x0000000000000220       0x68 ../../../../lib/Eclipse/Release/libIOsonata_nRF9160.a(cfifo.o)
 .debug_aranges
                0x0000000000000288       0x50 ../../../../lib/Eclipse/Release/libIOsonata_nRF9160.a(device_intrf.o)
 .debug_aranges
                0x00000000000002d8       0x20 ../../../../lib/Eclipse/Release/libIOsonata_nRF9160.a(prbs.o)
 .debug_aranges
                0x00000000000002f8       0x18 ../../../../lib/Eclipse/Release/libIOsonata_nRF9160.a(sbuffer.o)
 .debug_aranges
                0x0000000000000310       0x30 ../../../../lib/Eclipse/Release/libIOsonata_nRF9160.a(system_nrf9160.o)
 .debug_aranges
                0x0000000000000340       0x68 ../../../../lib/Eclipse/Release/libIOsonata_nRF9160.a(iopincfg_nrfx.o)
 .debug_aranges
                0x00000000000003a8       0x40 ../../../../lib/Eclipse/Release/libIOsonata_nRF9160.a(shared_irq_nrf91.o)

.debug_ranges   0x0000000000000000      0xbf0
 .debug_ranges  0x0000000000000000      0x3b8 ./src/uart_prbs_tx.o
 .debug_ranges  0x00000000000003b8       0x48 ../../../../lib/Eclipse/Release/libIOsonata_nRF9160.a(uart.o)
 .debug_ranges  0x0000000000000400      0x2d0 ../../../../lib/Eclipse/Release/libIOsonata_nRF9160.a(uart_nrfx.o)
 .debug_ranges  0x00000000000006d0       0x20 ../../../../lib/Eclipse/Release/libIOsonata_nRF9160.a(CppRuntimeOverload.o)
 .debug_ranges  0x00000000000006f0       0x10 ../../../../lib/Eclipse/Release/libIOsonata_nRF9160.a(ResetEntry.o)
 .debug_ranges  0x0000000000000700       0x10 ../../../../lib/Eclipse/Release/libIOsonata_nRF9160.a(Vectors_nRF9160.o)
 .debug_ranges  0x0000000000000710       0xa0 ../../../../lib/Eclipse/Release/libIOsonata_nRF9160.a(cfifo.o)
 .debug_ranges  0x00000000000007b0      0x1b0 ../../../../lib/Eclipse/Release/libIOsonata_nRF9160.a(device_intrf.o)
 .debug_ranges  0x0000000000000960       0x10 ../../../../lib/Eclipse/Release/libIOsonata_nRF9160.a(prbs.o)
 .debug_ranges  0x0000000000000970       0x38 ../../../../lib/Eclipse/Release/libIOsonata_nRF9160.a(system_nrf9160.o)
 .debug_ranges  0x00000000000009a8      0x1b8 ../../../../lib/Eclipse/Release/libIOsonata_nRF9160.a(iopincfg_nrfx.o)
 .debug_ranges  0x0000000000000b60       0x90 ../../../../lib/Eclipse/Release/libIOsonata_nRF9160.a(shared_irq_nrf91.o)

.debug_line     0x0000000000000000     0x44b7
 .debug_line    0x0000000000000000      0x9d2 ./src/uart_prbs_tx.o
 .debug_line    0x00000000000009d2      0x2b3 ../../../../lib/Eclipse/Release/libIOsonata_nRF9160.a(uart.o)
 .debug_line    0x0000000000000c85     0x11bf ../../../../lib/Eclipse/Release/libIOsonata_nRF9160.a(uart_nrfx.o)
 .debug_line    0x0000000000001e44      0x26b ../../../../lib/Eclipse/Release/libIOsonata_nRF9160.a(CppRuntimeOverload.o)
 .debug_line    0x00000000000020af      0x19a ../../../../lib/Eclipse/Release/libIOsonata_nRF9160.a(ResetEntry.o)
 .debug_line    0x0000000000002249      0x167 ../../../../lib/Eclipse/Release/libIOsonata_nRF9160.a(Vectors_nRF9160.o)
 .debug_line    0x00000000000023b0      0x774 ../../../../lib/Eclipse/Release/libIOsonata_nRF9160.a(cfifo.o)
 .debug_line    0x0000000000002b24      0x669 ../../../../lib/Eclipse/Release/libIOsonata_nRF9160.a(device_intrf.o)
 .debug_line    0x000000000000318d       0xe5 ../../../../lib/Eclipse/Release/libIOsonata_nRF9160.a(prbs.o)
 .debug_line    0x0000000000003272       0x49 ../../../../lib/Eclipse/Release/libIOsonata_nRF9160.a(sbuffer.o)
 .debug_line    0x00000000000032bb      0x518 ../../../../lib/Eclipse/Release/libIOsonata_nRF9160.a(system_nrf9160.o)
 .debug_line    0x00000000000037d3      0x86e ../../../../lib/Eclipse/Release/libIOsonata_nRF9160.a(iopincfg_nrfx.o)
 .debug_line    0x0000000000004041      0x476 ../../../../lib/Eclipse/Release/libIOsonata_nRF9160.a(shared_irq_nrf91.o)

.debug_str      0x0000000000000000     0x3e52
 .debug_str     0x0000000000000000     0x248e ./src/uart_prbs_tx.o
                                       0x26fd (size before relaxing)
 .debug_str     0x000000000000248e      0x18b ../../../../lib/Eclipse/Release/libIOsonata_nRF9160.a(uart.o)
                                        0xc2b (size before relaxing)
 .debug_str     0x0000000000002619      0xc45 ../../../../lib/Eclipse/Release/libIOsonata_nRF9160.a(uart_nrfx.o)
                                       0x2a19 (size before relaxing)
 .debug_str     0x000000000000325e      0x19f ../../../../lib/Eclipse/Release/libIOsonata_nRF9160.a(CppRuntimeOverload.o)
                                        0x7e2 (size before relaxing)
 .debug_str     0x00000000000033fd       0xf4 ../../../../lib/Eclipse/Release/libIOsonata_nRF9160.a(ResetEntry.o)
                                        0x6d0 (size before relaxing)
 .debug_str     0x00000000000034f1       0x68 ../../../../lib/Eclipse/Release/libIOsonata_nRF9160.a(Vectors_nRF9160.o)
                                        0x249 (size before relaxing)
 .debug_str     0x0000000000003559       0x99 ../../../../lib/Eclipse/Release/libIOsonata_nRF9160.a(cfifo.o)
                                        0x753 (size before relaxing)
 .debug_str     0x00000000000035f2       0x4a ../../../../lib/Eclipse/Release/libIOsonata_nRF9160.a(device_intrf.o)
                                       0x1afd (size before relaxing)
 .debug_str     0x000000000000363c       0x34 ../../../../lib/Eclipse/Release/libIOsonata_nRF9160.a(prbs.o)
                                        0x1e0 (size before relaxing)
 .debug_str     0x0000000000003670       0x29 ../../../../lib/Eclipse/Release/libIOsonata_nRF9160.a(sbuffer.o)
                                        0x161 (size before relaxing)
 .debug_str     0x0000000000003699      0x3e1 ../../../../lib/Eclipse/Release/libIOsonata_nRF9160.a(system_nrf9160.o)
                                        0x771 (size before relaxing)
 .debug_str     0x0000000000003a7a      0x2c5 ../../../../lib/Eclipse/Release/libIOsonata_nRF9160.a(iopincfg_nrfx.o)
                                        0xe53 (size before relaxing)
 .debug_str     0x0000000000003d3f      0x113 ../../../../lib/Eclipse/Release/libIOsonata_nRF9160.a(shared_irq_nrf91.o)
                                       0x1c3a (size before relaxing)

.debug_frame    0x0000000000000000      0xe40
 .debug_frame   0x0000000000000000      0x2a0 ./src/uart_prbs_tx.o
 .debug_frame   0x00000000000002a0       0x5c ../../../../lib/Eclipse/Release/libIOsonata_nRF9160.a(uart.o)
 .debug_frame   0x00000000000002fc      0x1ac ../../../../lib/Eclipse/Release/libIOsonata_nRF9160.a(uart_nrfx.o)
 .debug_frame   0x00000000000004a8       0x50 ../../../../lib/Eclipse/Release/libIOsonata_nRF9160.a(CppRuntimeOverload.o)
 .debug_frame   0x00000000000004f8       0x28 ../../../../lib/Eclipse/Release/libIOsonata_nRF9160.a(ResetEntry.o)
 .debug_frame   0x0000000000000520       0x20 ../../../../lib/Eclipse/Release/libIOsonata_nRF9160.a(Vectors_nRF9160.o)
 .debug_frame   0x0000000000000540      0x10c ../../../../lib/Eclipse/Release/libIOsonata_nRF9160.a(cfifo.o)
 .debug_frame   0x000000000000064c      0x100 ../../../../lib/Eclipse/Release/libIOsonata_nRF9160.a(device_intrf.o)
 .debug_frame   0x000000000000074c       0x20 ../../../../lib/Eclipse/Release/libIOsonata_nRF9160.a(prbs.o)
 .debug_frame   0x000000000000076c       0x48 ../../../../lib/Eclipse/Release/libIOsonata_nRF9160.a(system_nrf9160.o)
 .debug_frame   0x00000000000007b4      0x100 ../../../../lib/Eclipse/Release/libIOsonata_nRF9160.a(iopincfg_nrfx.o)
 .debug_frame   0x00000000000008b4       0x80 ../../../../lib/Eclipse/Release/libIOsonata_nRF9160.a(shared_irq_nrf91.o)
 .debug_frame   0x0000000000000934       0x20 /Applications/ARM/bin/../lib/gcc/arm-none-eabi/9.3.1/../../../../arm-none-eabi/lib/thumb/v8-m.main+fp/hard/libstdc++_nano.a(atexit_arm.o)
 .debug_frame   0x0000000000000954       0x28 /Applications/ARM/bin/../lib/gcc/arm-none-eabi/9.3.1/../../../../arm-none-eabi/lib/thumb/v8-m.main+fp/hard/libc_nano.a(lib_a-cxa_atexit.o)
 .debug_frame   0x000000000000097c       0x28 /Applications/ARM/bin/../lib/gcc/arm-none-eabi/9.3.1/../../../../arm-none-eabi/lib/thumb/v8-m.main+fp/hard/libc_nano.a(lib_a-exit.o)
 .debug_frame   0x00000000000009a4       0x2c /Applications/ARM/bin/../lib/gcc/arm-none-eabi/9.3.1/../../../../arm-none-eabi/lib/thumb/v8-m.main+fp/hard/libc_nano.a(lib_a-init.o)
 .debug_frame   0x00000000000009d0       0x30 /Applications/ARM/bin/../lib/gcc/arm-none-eabi/9.3.1/../../../../arm-none-eabi/lib/thumb/v8-m.main+fp/hard/libc_nano.a(lib_a-malloc.o)
 .debug_frame   0x0000000000000a00       0x28 /Applications/ARM/bin/../lib/gcc/arm-none-eabi/9.3.1/../../../../arm-none-eabi/lib/thumb/v8-m.main+fp/hard/libc_nano.a(lib_a-memcpy-stub.o)
 .debug_frame   0x0000000000000a28       0x20 /Applications/ARM/bin/../lib/gcc/arm-none-eabi/9.3.1/../../../../arm-none-eabi/lib/thumb/v8-m.main+fp/hard/libc_nano.a(lib_a-memset.o)
 .debug_frame   0x0000000000000a48       0x38 /Applications/ARM/bin/../lib/gcc/arm-none-eabi/9.3.1/../../../../arm-none-eabi/lib/thumb/v8-m.main+fp/hard/libc_nano.a(lib_a-nano-freer.o)
 .debug_frame   0x0000000000000a80       0x30 /Applications/ARM/bin/../lib/gcc/arm-none-eabi/9.3.1/../../../../arm-none-eabi/lib/thumb/v8-m.main+fp/hard/libc_nano.a(lib_a-nano-mallocr.o)
 .debug_frame   0x0000000000000ab0       0x2c /Applications/ARM/bin/../lib/gcc/arm-none-eabi/9.3.1/../../../../arm-none-eabi/lib/thumb/v8-m.main+fp/hard/libc_nano.a(lib_a-sbrkr.o)
 .debug_frame   0x0000000000000adc       0x4c /Applications/ARM/bin/../lib/gcc/arm-none-eabi/9.3.1/../../../../arm-none-eabi/lib/thumb/v8-m.main+fp/hard/libc_nano.a(lib_a-vsnprintf.o)
 .debug_frame   0x0000000000000b28       0x30 /Applications/ARM/bin/../lib/gcc/arm-none-eabi/9.3.1/../../../../arm-none-eabi/lib/thumb/v8-m.main+fp/hard/libc_nano.a(lib_a-mlock.o)
 .debug_frame   0x0000000000000b58       0x90 /Applications/ARM/bin/../lib/gcc/arm-none-eabi/9.3.1/../../../../arm-none-eabi/lib/thumb/v8-m.main+fp/hard/libc_nano.a(lib_a-nano-svfprintf.o)
 .debug_frame   0x0000000000000be8       0x60 /Applications/ARM/bin/../lib/gcc/arm-none-eabi/9.3.1/../../../../arm-none-eabi/lib/thumb/v8-m.main+fp/hard/libc_nano.a(lib_a-nano-vfprintf_i.o)
 .debug_frame   0x0000000000000c48       0x5c /Applications/ARM/bin/../lib/gcc/arm-none-eabi/9.3.1/../../../../arm-none-eabi/lib/thumb/v8-m.main+fp/hard/libc_nano.a(lib_a-reent.o)
 .debug_frame   0x0000000000000ca4       0xb0 /Applications/ARM/bin/../lib/gcc/arm-none-eabi/9.3.1/../../../../arm-none-eabi/lib/thumb/v8-m.main+fp/hard/libc_nano.a(lib_a-lock.o)
 .debug_frame   0x0000000000000d54       0x28 /Applications/ARM/bin/../lib/gcc/arm-none-eabi/9.3.1/../../../../arm-none-eabi/lib/thumb/v8-m.main+fp/hard/libc_nano.a(lib_a-memchr-stub.o)
 .debug_frame   0x0000000000000d7c       0x28 /Applications/ARM/bin/../lib/gcc/arm-none-eabi/9.3.1/../../../../arm-none-eabi/lib/thumb/v8-m.main+fp/hard/libc_nano.a(lib_a-memmove.o)
 .debug_frame   0x0000000000000da4       0x3c /Applications/ARM/bin/../lib/gcc/arm-none-eabi/9.3.1/../../../../arm-none-eabi/lib/thumb/v8-m.main+fp/hard/libc_nano.a(lib_a-nano-reallocr.o)
 .debug_frame   0x0000000000000de0       0x20 /Applications/ARM/bin/../lib/gcc/arm-none-eabi/9.3.1/../../../../arm-none-eabi/lib/thumb/v8-m.main+fp/hard/libc_nano.a(lib_a-nano-msizer.o)
 .debug_frame   0x0000000000000e00       0x20 /Applications/ARM/bin/../lib/gcc/arm-none-eabi/9.3.1/../../../../arm-none-eabi/lib/thumb/v8-m.main+fp/hard/libnosys.a(sbrk.o)
 .debug_frame   0x0000000000000e20       0x20 /Applications/ARM/bin/../lib/gcc/arm-none-eabi/9.3.1/../../../../arm-none-eabi/lib/thumb/v8-m.main+fp/hard/libnosys.a(_exit.o)
